<html>
<body>
<pre>
<h1>µVision Build Log</h1>
<h2>Tool Versions:</h2>
IDE-Version: µVision V5.35.0.0
Copyright (C) 2021 ARM Ltd and ARM Germany GmbH. All rights reserved.
License Information: hap 1, 2, LIC=UJWP0-B3I36-MM89I-TJBFC-0AQNS-DDDY2
 
Tool Versions:
Toolchain:       MDK-ARM Plus  Version: 5.35.0.2
Toolchain Path:  C:\Keil_v5\ARM\ARMCC\Bin
C Compiler:      Armcc.exe V5.06 update 7 (build 960)
Assembler:       Armasm.exe V5.06 update 7 (build 960)
Linker/Locator:  ArmLink.exe V5.06 update 7 (build 960)
Library Manager: ArmAr.exe V5.06 update 7 (build 960)
Hex Converter:   FromElf.exe V5.06 update 7 (build 960)
CPU DLL:         SARMCM3.DLL V5.35.0.2
Dialog DLL:      DARMCM1.DLL V1.19.4.0
Target DLL:      Segger\JL2CM3.dll V2.99.40.0
Dialog DLL:      TARMCM1.DLL V1.14.4.0
 
<h2>Project:</h2>
D:\phanmemhao\Module_Air\Module_Air\AirCon.uvprojx
Project File Date:  10/07/2021

<h2>Output:</h2>
*** Using Compiler 'V5.06 update 7 (build 960)', folder: 'C:\Keil_v5\ARM\ARMCC\Bin'
Build target 'Target 1'
compiling rs485.c...
.\Inc\bootloader.h(62): warning:  #1-D: last line of file ends without a newline
  #endif /*  BOOTLOADER_H */
Src\rs485.c(174): warning:  #550-D: variable "len"  was set but never used
  	uint8_t len = 0;
Src\rs485.c(192): warning:  #177-D: variable "request_answer_uid"  was declared but never referenced
  	uint8_t request_answer_uid = 1;
Src\rs485.c(200): warning:  #177-D: variable "error_code"  was declared but never referenced
  	uint8_t error_code;
Src\rs485.c(201): warning:  #177-D: variable "len_resp"  was declared but never referenced
  	uint8_t len_resp = 0;
Src\rs485.c(380): warning:  #1-D: last line of file ends without a newline
  }
Src\rs485.c(33): warning:  #177-D: variable "request_response"  was declared but never referenced
  static uint8_t request_response = 0;
Src\rs485.c(325): warning:  #177-D: function "Error_Handler"  was declared but never referenced
  static void Error_Handler(void)
Src\rs485.c: 8 warnings, 0 errors
linking...
Program Size: Code=18080 RO-data=492 RW-data=504 ZI-data=2840  
FromELF: creating hex file...
After Build - User command #1: C:\Keil_v5\\ARM\ARMCC\bin\fromelf.exe --bin --output=AirCon.bin .\Objects\AirCon.axf
".\Objects\AirCon.axf" - 0 Error(s), 8 Warning(s).

<h2>Software Packages used:</h2>

Package Vendor: ARM
                http://www.keil.com/pack/ARM.CMSIS.5.8.0.pack
                ARM.CMSIS.5.8.0
                CMSIS (Common Microcontroller Software Interface Standard)
   * Component: CORE Version: 5.5.0

Package Vendor: Keil
                http://www.keil.com/pack/Keil.STM32F0xx_DFP.2.1.0.pack
                Keil.STM32F0xx_DFP.2.1.0
                STMicroelectronics STM32F0 Series Device Support, Drivers and Examples

<h2>Collection of Component include folders:</h2>
  .\RTE\_Target_1
  C:\Users\PhongVu\AppData\Local\Arm\Packs\ARM\CMSIS\5.8.0\CMSIS\Core\Include
  C:\Users\PhongVu\AppData\Local\Arm\Packs\Keil\STM32F0xx_DFP\2.1.0\Drivers\CMSIS\Device\ST\STM32F0xx\Include

<h2>Collection of Component Files used:</h2>

   * Component: ARM::CMSIS:CORE:5.5.0
Build Time Elapsed:  00:00:02
</pre>
</body>
</html>
