<html>
<body>
<pre>
<h1>µVision Build Log</h1>
<h2>Tool Versions:</h2>
IDE-Version: µVision V5.35.0.0
Copyright (C) 2021 ARM Ltd and ARM Germany GmbH. All rights reserved.
License Information: hap 1, 2, LIC=UJWP0-B3I36-MM89I-TJBFC-0AQNS-DDDY2
 
Tool Versions:
Toolchain:       MDK-ARM Plus  Version: 5.35.0.2
Toolchain Path:  C:\Keil_v5\ARM\ARMCC\Bin
C Compiler:      Armcc.exe V5.06 update 7 (build 960)
Assembler:       Armasm.exe V5.06 update 7 (build 960)
Linker/Locator:  ArmLink.exe V5.06 update 7 (build 960)
Library Manager: ArmAr.exe V5.06 update 7 (build 960)
Hex Converter:   FromElf.exe V5.06 update 7 (build 960)
CPU DLL:         SARMCM3.DLL V5.35.0.2
Dialog DLL:      DARMCM1.DLL V1.19.4.0
Target DLL:      Segger\JL2CM3.dll V2.99.40.0
Dialog DLL:      TARMCM1.DLL V1.14.4.0
 
<h2>Project:</h2>
D:\STM32\thuctap\Main\Main\AirCon.uvprojx
Project File Date:  07/19/2021

<h2>Output:</h2>
*** Using Compiler 'V5.06 update 7 (build 960)', folder: 'C:\Keil_v5\ARM\ARMCC\Bin'
*** Note: Rebuilding project, since 'Options->Output->Create Batch File' is selected.
Rebuild target 'Target 1'
compiling main.c...
Src\ctrl_air.h(81): warning:  #1295-D: Deprecated declaration control_air_mitsubishi_heavy_industries - give arg types
  void control_air_mitsubishi_heavy_industries();
Src\main.c(169): warning:  #223-D: function "test_system" declared implicitly
        test_system();
Src\main.c(175): warning:  #177-D: variable "temp"  was declared but never referenced
        uint8_t temp = 18;
Src\main.c(334): warning:  #177-D: function "Error_Handler"  was declared but never referenced
  static void Error_Handler(void)
Src\main.c: 4 warnings, 0 errors
compiling stm32f0xx_hal_msp.c...
compiling stm32f0xx_it.c...
compiling ringbuf.c...
compiling rs485.c...
Src\ctrl_air.h(81): warning:  #1295-D: Deprecated declaration control_air_mitsubishi_heavy_industries - give arg types
  void control_air_mitsubishi_heavy_industries();
Src\rs485.c(643): warning:  #1-D: last line of file ends without a newline
  }
Src\rs485.c: 2 warnings, 0 errors
compiling do.c...
Src\ctrl_air.h(81): warning:  #1295-D: Deprecated declaration control_air_mitsubishi_heavy_industries - give arg types
  void control_air_mitsubishi_heavy_industries();
Src\do.c(553): warning:  #1-D: last line of file ends without a newline
  }
Src\do.c: 2 warnings, 0 errors
compiling crc.c...
compiling bootloader.c...
compiling S25FL1.c...
compiling SPI.c...
compiling Time.c...
Src\ctrl_air.h(81): warning:  #1295-D: Deprecated declaration control_air_mitsubishi_heavy_industries - give arg types
  void control_air_mitsubishi_heavy_industries();
Src\Time.c: 1 warning, 0 errors
compiling temperature.c...
Src\ctrl_air.h(81): warning:  #1295-D: Deprecated declaration control_air_mitsubishi_heavy_industries - give arg types
  void control_air_mitsubishi_heavy_industries();
Src\temperature.c: 1 warning, 0 errors
compiling ctrl_air.c...
Src\ctrl_air.h(81): warning:  #1295-D: Deprecated declaration control_air_mitsubishi_heavy_industries - give arg types
  void control_air_mitsubishi_heavy_industries();
Src\ctrl_air.c(708): warning:  #223-D: function "memset" declared implicitly
        memset((uint8_t *)&air_cmd.cmd_content[0],0x00,MAX_LEN_CMD);
Src\ctrl_air.c(714): warning:  #223-D: function "memcpy" declared implicitly
                memcpy((uint8_t *)&air_cmd.cmd_content[0],(uint8_t *)&table_control[(air_id - 1) * 2 + 1].cmd_content[0],table_control[(air_id - 1) * 2 + 1].len_cmd);
Src\ctrl_air.c(725): warning:  #223-D: function "memcpy" declared implicitly
                memcpy((uint8_t *)&air_cmd.cmd_content[0],(uint8_t *)&table_control[(air_id - 1) * 2].cmd_content[0],table_control[(air_id - 1) * 2].len_cmd);
Src\ctrl_air.c(1318): warning:  #1-D: last line of file ends without a newline
  //}
Src\ctrl_air.c: 5 warnings, 0 errors
compiling system_start.c...
Src\ctrl_air.h(81): warning:  #1295-D: Deprecated declaration control_air_mitsubishi_heavy_industries - give arg types
  void control_air_mitsubishi_heavy_industries();
Src\system_start.c(93): warning:  #223-D: function "memset" declared implicitly
        memset(&arr_read[0],0,6);
Src\system_start.c(154): warning:  #223-D: function "memset" declared implicitly
        memset(&uid_read[0],'F',24);
Src\system_start.c(160): warning:  #223-D: function "Cal_CRC8" declared implicitly
        crc_cal = Cal_CRC8(&uid_write[0], 24);
Src\system_start.c(208): warning:  #223-D: function "memset" declared implicitly
        memset(&uid_get[0],'F',24);
Src\system_start.c(226): warning:  #223-D: function "Cal_CRC8" declared implicitly
                crc_cal = Cal_CRC8(&uid_get[0], 24);
Src\system_start.c(278): warning:  #223-D: function "strlen" declared implicitly
      debug_len = strlen((char *)&software_version[0]);
Src\system_start.c(290): warning:  #223-D: function "memset" declared implicitly
        memset(&Serial_number[0],0,50);
Src\system_start.c: 8 warnings, 0 errors
compiling stm32f0xx_hal.c...
compiling stm32f0xx_hal_adc.c...
compiling stm32f0xx_hal_adc_ex.c...
compiling stm32f0xx_hal_cec.c...
compiling stm32f0xx_hal_comp.c...
compiling stm32f0xx_hal_cortex.c...
compiling stm32f0xx_hal_crc.c...
compiling stm32f0xx_hal_crc_ex.c...
compiling stm32f0xx_hal_dac.c...
compiling stm32f0xx_hal_dac_ex.c...
compiling stm32f0xx_hal_dma.c...
compiling stm32f0xx_hal_flash.c...
compiling stm32f0xx_hal_flash_ex.c...
compiling stm32f0xx_hal_gpio.c...
compiling stm32f0xx_hal_i2c.c...
compiling stm32f0xx_hal_i2c_ex.c...
compiling stm32f0xx_hal_i2s.c...
compiling stm32f0xx_hal_irda.c...
compiling stm32f0xx_hal_iwdg.c...
compiling stm32f0xx_hal_msp_template.c...
compiling stm32f0xx_hal_pcd.c...
compiling stm32f0xx_hal_pcd_ex.c...
compiling stm32f0xx_hal_pwr.c...
compiling stm32f0xx_hal_pwr_ex.c...
compiling stm32f0xx_hal_rcc.c...
compiling stm32f0xx_hal_rcc_ex.c...
compiling stm32f0xx_hal_rtc.c...
compiling stm32f0xx_hal_rtc_ex.c...
compiling stm32f0xx_hal_smartcard.c...
compiling stm32f0xx_hal_smartcard_ex.c...
compiling stm32f0xx_hal_smbus.c...
compiling stm32f0xx_hal_spi.c...
compiling stm32f0xx_hal_spi_ex.c...
compiling stm32f0xx_hal_tim.c...
compiling stm32f0xx_hal_tim_ex.c...
compiling stm32f0xx_hal_tsc.c...
compiling stm32f0xx_hal_uart.c...
compiling stm32f0xx_hal_uart_ex.c...
compiling stm32f0xx_hal_usart.c...
compiling stm32f0xx_hal_wwdg.c...
compiling stm32f0xx_ll_adc.c...
compiling stm32f0xx_ll_comp.c...
compiling stm32f0xx_ll_crc.c...
compiling stm32f0xx_ll_crs.c...
compiling stm32f0xx_ll_dac.c...
compiling stm32f0xx_ll_dma.c...
compiling stm32f0xx_ll_exti.c...
compiling stm32f0xx_ll_gpio.c...
compiling stm32f0xx_ll_i2c.c...
compiling stm32f0xx_ll_pwr.c...
compiling stm32f0xx_ll_rcc.c...
compiling stm32f0xx_ll_rtc.c...
compiling stm32f0xx_ll_spi.c...
compiling stm32f0xx_ll_tim.c...
compiling stm32f0xx_ll_usart.c...
compiling stm32f0xx_ll_utils.c...
compiling system_stm32f0xx.c...
assembling startup_stm32f030x8.s...
linking...
Program Size: Code=28208 RO-data=2588 RW-data=180 ZI-data=2780  
FromELF: creating hex file...
After Build - User command #1: C:\Keil_v5\\ARM\ARMCC\bin\fromelf.exe --bin --output=T6_H01_F50_R01.bin .\Objects\T6_H01_F50_R01.axf
".\Objects\T6_H01_F50_R01.axf" - 0 Error(s), 23 Warning(s).

<h2>Software Packages used:</h2>

Package Vendor: ARM
                http://www.keil.com/pack/ARM.CMSIS.5.8.0.pack
                ARM.CMSIS.5.8.0
                CMSIS (Common Microcontroller Software Interface Standard)
   * Component: CORE Version: 5.5.0

Package Vendor: Keil
                http://www.keil.com/pack/Keil.STM32F0xx_DFP.2.1.0.pack
                Keil.STM32F0xx_DFP.2.1.0
                STMicroelectronics STM32F0 Series Device Support, Drivers and Examples

<h2>Collection of Component include folders:</h2>
  .\RTE\_Target_1
  C:\Users\PhongVu\AppData\Local\Arm\Packs\ARM\CMSIS\5.8.0\CMSIS\Core\Include
  C:\Users\PhongVu\AppData\Local\Arm\Packs\Keil\STM32F0xx_DFP\2.1.0\Drivers\CMSIS\Device\ST\STM32F0xx\Include

<h2>Collection of Component Files used:</h2>

   * Component: ARM::CMSIS:CORE:5.5.0
Build Time Elapsed:  00:01:03
</pre>
</body>
</html>
