Component: ARM Compiler 5.06 update 7 (build 960) Tool: armlink [4d3601]

==============================================================================

Section Cross References

    main.o(i.HAL_UART_ErrorCallback) refers to rs485.o(i.RS485_Init) for RS485_Init
    main.o(i.HAL_UART_ErrorCallback) refers to rs485.o(i.RS485_Listen) for RS485_Listen
    main.o(i.HAL_UART_RxCpltCallback) refers to rs485.o(i.RS485_GetChar) for RS485_GetChar
    main.o(i.HAL_UART_RxCpltCallback) refers to rs485.o(i.RS485_Listen) for RS485_Listen
    main.o(i.IWDG_Initialize) refers to stm32f0xx_hal_iwdg.o(i.HAL_IWDG_Init) for HAL_IWDG_Init
    main.o(i.IWDG_Initialize) refers to stm32f0xx_hal_iwdg.o(i.HAL_IWDG_Start) for HAL_IWDG_Start
    main.o(i.IWDG_Initialize) refers to main.o(.bss) for hwwdg
    main.o(i.SystemClock_Config) refers to stm32f0xx_hal_rcc.o(i.HAL_RCC_OscConfig) for HAL_RCC_OscConfig
    main.o(i.SystemClock_Config) refers to stm32f0xx_hal_rcc.o(i.HAL_RCC_ClockConfig) for HAL_RCC_ClockConfig
    main.o(i.main) refers to stm32f0xx_hal.o(i.HAL_Init) for HAL_Init
    main.o(i.main) refers to main.o(i.SystemClock_Config) for SystemClock_Config
    main.o(i.main) refers to rs485.o(i.uart_debug_init) for uart_debug_init
    main.o(i.main) refers to do.o(i.watchdog_ex_initialize) for watchdog_ex_initialize
    main.o(i.main) refers to main.o(i.IWDG_Initialize) for IWDG_Initialize
    main.o(i.main) refers to time.o(i.timer16_init) for timer16_init
    main.o(i.main) refers to printf6.o(i.__0sprintf$6) for __2sprintf
    main.o(i.main) refers to rs485.o(i.debug_send) for debug_send
    main.o(i.main) refers to do.o(i.air_init) for air_init
    main.o(i.main) refers to bootloader.o(i.config_init) for config_init
    main.o(i.main) refers to temperature.o(i.sensor_temp_init) for sensor_temp_init
    main.o(i.main) refers to system_start.o(i.test_system) for test_system
    main.o(i.main) refers to rs485.o(i.get_id485_module) for get_id485_module
    main.o(i.main) refers to rs485.o(i.RS485_Init) for RS485_Init
    main.o(i.main) refers to rs485.o(i.RS485_Listen) for RS485_Listen
    main.o(i.main) refers to rs485.o(i.RS485_GetRequest) for RS485_GetRequest
    main.o(i.main) refers to stm32f0xx_hal.o(i.HAL_GetTick) for HAL_GetTick
    main.o(i.main) refers to time.o(i.process_timeover) for process_timeover
    main.o(i.main) refers to time.o(i.get_time_s) for get_time_s
    main.o(i.main) refers to ctrl_air.o(i.re_ctrl_air) for re_ctrl_air
    main.o(i.main) refers to temperature.o(i.tempearture_read) for tempearture_read
    main.o(i.main) refers to main.o(.ARM.__AT_0x20000000) for VectorTable
    main.o(i.main) refers to rs485.o(.bss) for debug_arr
    main.o(i.main) refers to rs485.o(.data) for debug_len
    main.o(i.main) refers to main.o(.data) for the_last_time
    main.o(i.main) refers to ctrl_air.o(.data) for last_time_ctrl
    main.o(i.main) refers to time.o(.data) for request_read_sensor
    stm32f0xx_hal_msp.o(i.HAL_UART_MspDeInit) refers to stm32f0xx_hal_gpio.o(i.HAL_GPIO_DeInit) for HAL_GPIO_DeInit
    stm32f0xx_hal_msp.o(i.HAL_UART_MspDeInit) refers to stm32f0xx_hal_cortex.o(i.HAL_NVIC_DisableIRQ) for HAL_NVIC_DisableIRQ
    stm32f0xx_hal_msp.o(i.HAL_UART_MspInit) refers to stm32f0xx_hal_gpio.o(i.HAL_GPIO_Init) for HAL_GPIO_Init
    stm32f0xx_hal_msp.o(i.HAL_UART_MspInit) refers to stm32f0xx_hal_cortex.o(i.HAL_NVIC_SetPriority) for HAL_NVIC_SetPriority
    stm32f0xx_hal_msp.o(i.HAL_UART_MspInit) refers to stm32f0xx_hal_cortex.o(i.HAL_NVIC_EnableIRQ) for HAL_NVIC_EnableIRQ
    stm32f0xx_it.o(i.SysTick_Handler) refers to stm32f0xx_hal.o(i.HAL_IncTick) for HAL_IncTick
    stm32f0xx_it.o(i.USART2_IRQHandler) refers to stm32f0xx_hal_uart.o(i.HAL_UART_IRQHandler) for HAL_UART_IRQHandler
    stm32f0xx_it.o(i.USART2_IRQHandler) refers to rs485.o(.bss) for UartHandle
    rs485.o(i.RS485_GetChar) refers to ringbuf.o(i.ringbuf_put) for ringbuf_put
    rs485.o(i.RS485_GetChar) refers to rs485.o(.data) for gRS485RxChar
    rs485.o(i.RS485_GetChar) refers to rs485.o(.bss) for rxBuf
    rs485.o(i.RS485_GetRequest) refers to ringbuf.o(i.ringbuf_elements) for ringbuf_elements
    rs485.o(i.RS485_GetRequest) refers to ringbuf.o(i.ringbuf_get) for ringbuf_get
    rs485.o(i.RS485_GetRequest) refers to rs485.o(i.RS485_InMessageHandler) for RS485_InMessageHandler
    rs485.o(i.RS485_GetRequest) refers to rs485.o(.bss) for rxBuf
    rs485.o(i.RS485_GetRequest) refers to rs485.o(.data) for getBufferLen
    rs485.o(i.RS485_InMessageHandler) refers to memseta.o(.text) for __aeabi_memclr4
    rs485.o(i.RS485_InMessageHandler) refers to rs485.o(i.ASCToHEXCHAR) for ASCToHEXCHAR
    rs485.o(i.RS485_InMessageHandler) refers to memcpya.o(.text) for __aeabi_memcpy
    rs485.o(i.RS485_InMessageHandler) refers to crc.o(i.Cal_CRC8) for Cal_CRC8
    rs485.o(i.RS485_InMessageHandler) refers to rs485.o(i.__ARM_common_switch8) for __ARM_common_switch8
    rs485.o(i.RS485_InMessageHandler) refers to ctrl_air.o(i.do_getvalue) for do_getvalue
[...]
    i.ringbuf_init                           0x080099b0   Section        0  ringbuf.o(i.ringbuf_init)
    i.ringbuf_put                            0x080099be   Section        0  ringbuf.o(i.ringbuf_put)
    i.rs485_reinit                           0x080099e6   Section        0  rs485.o(i.rs485_reinit)
    i.save_firmware_external_flash           0x080099f4   Section        0  bootloader.o(i.save_firmware_external_flash)
    i.send_byte                              0x08009c04   Section        0  temperature.o(i.send_byte)
    i.sendbyte_data                          0x08009c2e   Section        0  do.o(i.sendbyte_data)
    i.sendbyte_data_galanz                   0x08009c58   Section        0  do.o(i.sendbyte_data_galanz)
    i.sendbyte_data_general                  0x08009c82   Section        0  do.o(i.sendbyte_data_general)
    i.sendbyte_data_lg                       0x08009cc2   Section        0  do.o(i.sendbyte_data_lg)
    i.sendbyte_data_mitsubishi               0x08009cec   Section        0  do.o(i.sendbyte_data_mitsubishi)
    i.sendbyte_data_nagakawa                 0x08009d16   Section        0  do.o(i.sendbyte_data_nagakawa)
    i.sendbyte_data_nagakawa_r51m            0x08009d40   Section        0  do.o(i.sendbyte_data_nagakawa_r51m)
    i.sendbyte_data_panasonic                0x08009d6a   Section        0  do.o(i.sendbyte_data_panasonic)
    i.sendbyte_data_reetech_ykr              0x08009d94   Section        0  do.o(i.sendbyte_data_reetech_ykr)
    i.sendbyte_data_samsung                  0x08009dbe   Section        0  do.o(i.sendbyte_data_samsung)
    i.sendbyte_data_tcl                      0x08009de8   Section        0  do.o(i.sendbyte_data_tcl)
    i.sensor_get_data                        0x08009e14   Section        0  temperature.o(i.sensor_get_data)
    i.sensor_pin_input                       0x08009f48   Section        0  temperature.o(i.sensor_pin_input)
    i.sensor_pin_output                      0x08009f8c   Section        0  temperature.o(i.sensor_pin_output)
    i.sensor_temp_init                       0x08009fd0   Section        0  temperature.o(i.sensor_temp_init)
    i.set_mode                               0x0800a01c   Section        0  ctrl_air.o(i.set_mode)
    i.set_request_check_air                  0x0800a0e8   Section        0  ctrl_air.o(i.set_request_check_air)
    i.set_temp                               0x0800a100   Section        0  ctrl_air.o(i.set_temp)
    i.ss_send_bit0                           0x0800a3c4   Section        0  temperature.o(i.ss_send_bit0)
    i.ss_send_bit1                           0x0800a3f0   Section        0  temperature.o(i.ss_send_bit1)
    i.start_condition_carrier                0x0800a41c   Section        0  ctrl_air.o(i.start_condition_carrier)
    i.start_condition_daikin                 0x0800a440   Section        0  ctrl_air.o(i.start_condition_daikin)
    i.start_condition_funiki                 0x0800a4dc   Section        0  ctrl_air.o(i.start_condition_funiki)
    i.start_condition_galanz                 0x0800a50c   Section        0  ctrl_air.o(i.start_condition_galanz)
    i.start_condition_general                0x0800a530   Section        0  ctrl_air.o(i.start_condition_general)
    i.start_condition_lg                     0x0800a560   Section        0  ctrl_air.o(i.start_condition_lg)
    i.start_condition_mitsubishi             0x0800a584   Section        0  ctrl_air.o(i.start_condition_mitsubishi)
    i.start_condition_nagakawa               0x0800a5b0   Section        0  ctrl_air.o(i.start_condition_nagakawa)
    i.start_condition_nagakawa_r51m          0x0800a5d4   Section        0  ctrl_air.o(i.start_condition_nagakawa_r51m)
    i.start_condition_panasonic              0x0800a5dc   Section        0  ctrl_air.o(i.start_condition_panasonic)
    i.start_condition_reetech                0x0800a600   Section        0  ctrl_air.o(i.start_condition_reetech)
    i.start_condition_reeteck_ykr            0x0800a630   Section        0  ctrl_air.o(i.start_condition_reeteck_ykr)
    i.start_condition_samsung                0x0800a658   Section        0  ctrl_air.o(i.start_condition_samsung)
    i.start_condition_sharp                  0x0800a68c   Section        0  ctrl_air.o(i.start_condition_sharp)
    i.start_condition_tcl                    0x0800a6bc   Section        0  ctrl_air.o(i.start_condition_tcl)
    i.stop_condition_carrier                 0x0800a6e0   Section        0  ctrl_air.o(i.stop_condition_carrier)
    i.stop_condition_daikin                  0x0800a704   Section        0  ctrl_air.o(i.stop_condition_daikin)
    i.stop_condition_funiki                  0x0800a750   Section        0  ctrl_air.o(i.stop_condition_funiki)
    i.stop_condition_galanz                  0x0800a790   Section        0  ctrl_air.o(i.stop_condition_galanz)
    i.stop_condition_general                 0x0800a7a4   Section        0  ctrl_air.o(i.stop_condition_general)
    i.stop_condition_lg                      0x0800a7c8   Section        0  ctrl_air.o(i.stop_condition_lg)
    i.stop_condition_mitsubishi              0x0800a7ec   Section        0  ctrl_air.o(i.stop_condition_mitsubishi)
    i.stop_condition_nagakawa                0x0800a810   Section        0  ctrl_air.o(i.stop_condition_nagakawa)
    i.stop_condition_nagakawa_r51m           0x0800a834   Section        0  ctrl_air.o(i.stop_condition_nagakawa_r51m)
    i.stop_condition_panasonic               0x0800a858   Section        0  ctrl_air.o(i.stop_condition_panasonic)
    i.stop_condition_reetech                 0x0800a87c   Section        0  ctrl_air.o(i.stop_condition_reetech)
    i.stop_condition_reeteck_ykr             0x0800a8a0   Section        0  ctrl_air.o(i.stop_condition_reeteck_ykr)
    i.stop_condition_samsung                 0x0800a8c4   Section        0  ctrl_air.o(i.stop_condition_samsung)
    i.stop_condition_sharp                   0x0800a8e8   Section        0  ctrl_air.o(i.stop_condition_sharp)
    i.stop_condition_tcl                     0x0800a934   Section        0  ctrl_air.o(i.stop_condition_tcl)
    i.tempearture_read                       0x0800a958   Section        0  temperature.o(i.tempearture_read)
    i.test_flash                             0x0800aa34   Section        0  system_start.o(i.test_flash)
    i.test_sensor                            0x0800ac24   Section        0  system_start.o(i.test_sensor)
    i.test_system                            0x0800ac9c   Section        0  system_start.o(i.test_system)
    i.timer16_init                           0x0800ad58   Section        0  time.o(i.timer16_init)
    i.uart_debug_init                        0x0800adc8   Section        0  rs485.o(i.uart_debug_init)
    i.update_size                            0x0800ae2c   Section        0  bootloader.o(i.update_size)
    i.wait_state                             0x0800ae6c   Section        0  temperature.o(i.wait_state)
    i.watchdog_ex_initialize                 0x0800ae94   Section        0  do.o(i.watchdog_ex_initialize)
    .constdata                               0x0800aee4   Section      256  crc.o(.constdata)
    .constdata                               0x0800afe4   Section     2094  ctrl_air.o(.constdata)
    .constdata                               0x0800b812   Section       24  system_stm32f0xx.o(.constdata)
    .ARM.__AT_0x20000000                     0x20000000   Section      192  main.o(.ARM.__AT_0x20000000)
    .data                                    0x200000c0   Section       13  main.o(.data)
    the_last_time                            0x200000c8   Data           4  main.o(.data)
    count_time                               0x200000cc   Data           1  main.o(.data)
    .data                                    0x200000ce   Section       15  rs485.o(.data)
    air_mode_set                             0x200000d0   Data           1  rs485.o(.data)
    fan_level_set                            0x200000d2   Data           1  rs485.o(.data)
    swing_set                                0x200000d3   Data           1  rs485.o(.data)
    getBufferLen                             0x200000d5   Data           1  rs485.o(.data)
    gRS485RxChar                             0x200000d6   Data           1  rs485.o(.data)
    number_package                           0x200000d8   Data           2  rs485.o(.data)
    before_package                           0x200000da   Data           2  rs485.o(.data)
    startOfMsg                               0x200000dc   Data           1  rs485.o(.data)
    .data                                    0x200000dd   Section       13  s25fl1.o(.data)
    .data                                    0x200000ec   Section       21  time.o(.data)
    Count_OverFlow                           0x200000f0   Data           4  time.o(.data)
    .data                                    0x20000104   Section        6  temperature.o(.data)
    count_read_false                         0x20000108   Data           1  temperature.o(.data)
    count_read_ok                            0x20000109   Data           1  temperature.o(.data)
    .data                                    0x2000010c   Section       18  ctrl_air.o(.data)
    check_request                            0x20000110   Data           1  ctrl_air.o(.data)
    number_check_pass                        0x20000114   Data           4  ctrl_air.o(.data)
    number_check_false                       0x20000118   Data           4  ctrl_air.o(.data)
    .data                                    0x2000011e   Section       65  system_start.o(.data)
    system_error                             0x2000011e   Data           1  system_start.o(.data)
    .data                                    0x20000160   Section        6  stm32f0xx_hal.o(.data)
    time_ms                                  0x20000164   Data           2  stm32f0xx_hal.o(.data)
    .data                                    0x20000168   Section        4  system_stm32f0xx.o(.data)
    .data                                    0x2000016c   Section        4  mvars.o(.data)
    .data                                    0x20000170   Section        4  mvars.o(.data)
    .bss                                     0x20000174   Section       20  main.o(.bss)
    .bss                                     0x20000188   Section      656  rs485.o(.bss)
    rxBuf                                    0x2000040c   Data          12  rs485.o(.bss)
    .bss                                     0x20000418   Section      120  spi.o(.bss)
    .bss                                     0x20000490   Section      128  time.o(.bss)
    .bss                                     0x20000510   Section       10  temperature.o(.bss)
    buffer_temp                              0x20000510   Data          10  temperature.o(.bss)
    .bss                                     0x2000051a   Section       53  ctrl_air.o(.bss)
    .bss                                     0x20000550   Section       62  system_start.o(.bss)
    HEAP                                     0x20000590   Section      512  startup_stm32f030x8.o(HEAP)
    STACK                                    0x20000790   Section     1024  startup_stm32f030x8.o(STACK)

    Global Symbols

    Symbol Name                              Value     Ov Type        Size  Object(Section)

    BuildAttributes$$THM_ISAv3M$S$PE$A:L22$X:L11$S22$IEEE1$IW$USESV6$~STKCKD$USESV7$~SHL$OTIME$ROPI$EBA8$MICROLIB$REQ8$PRES8$EABIv2 0x00000000   Number         0  anon$$obj.o ABSOLUTE
    __ARM_use_no_argv                        0x00000000   Number         0  main.o ABSOLUTE
    _printf_a                                0x00000000   Number         0  stubs.o ABSOLUTE
    _printf_c                                0x00000000   Number         0  stubs.o ABSOLUTE
    _printf_charcount                        0x00000000   Number         0  stubs.o ABSOLUTE
    _printf_d                                0x00000000   Number         0  stubs.o ABSOLUTE
    _printf_e                                0x00000000   Number         0  stubs.o ABSOLUTE
    _printf_f                                0x00000000   Number         0  stubs.o ABSOLUTE
    _printf_flags                            0x00000000   Number         0  stubs.o ABSOLUTE
    _printf_fp_dec                           0x00000000   Number         0  stubs.o ABSOLUTE
    _printf_fp_hex                           0x00000000   Number         0  stubs.o ABSOLUTE
    _printf_g                                0x00000000   Number         0  stubs.o ABSOLUTE
    _printf_i                                0x00000000   Number         0  stubs.o ABSOLUTE
    _printf_int_dec                          0x00000000   Number         0  stubs.o ABSOLUTE
    _printf_l                                0x00000000   Number         0  stubs.o ABSOLUTE
    _printf_lc                               0x00000000   Number         0  stubs.o ABSOLUTE
    _printf_ll                               0x00000000   Number         0  stubs.o ABSOLUTE
    _printf_lld                              0x00000000   Number         0  stubs.o ABSOLUTE
    _printf_lli                              0x00000000   Number         0  stubs.o ABSOLUTE
    _printf_llo                              0x00000000   Number         0  stubs.o ABSOLUTE
    _printf_llu                              0x00000000   Number         0  stubs.o ABSOLUTE
    _printf_llx                              0x00000000   Number         0  stubs.o ABSOLUTE
    _printf_longlong_dec                     0x00000000   Number         0  stubs.o ABSOLUTE
    _printf_longlong_hex                     0x00000000   Number         0  stubs.o ABSOLUTE
    _printf_longlong_oct                     0x00000000   Number         0  stubs.o ABSOLUTE
    _printf_ls                               0x00000000   Number         0  stubs.o ABSOLUTE
    _printf_mbtowc                           0x00000000   Number         0  stubs.o ABSOLUTE
    _printf_n                                0x00000000   Number         0  stubs.o ABSOLUTE
    _printf_o                                0x00000000   Number         0  stubs.o ABSOLUTE
    _printf_p                                0x00000000   Number         0  stubs.o ABSOLUTE
    _printf_percent                          0x00000000   Number         0  stubs.o ABSOLUTE
    _printf_pre_padding                      0x00000000   Number         0  stubs.o ABSOLUTE
    _printf_return_value                     0x00000000   Number         0  stubs.o ABSOLUTE
    _printf_s                                0x00000000   Number         0  stubs.o ABSOLUTE
    _printf_sizespec                         0x00000000   Number         0  stubs.o ABSOLUTE
    _printf_str                              0x00000000   Number         0  stubs.o ABSOLUTE
    _printf_truncate_signed                  0x00000000   Number         0  stubs.o ABSOLUTE
    _printf_truncate_unsigned                0x00000000   Number         0  stubs.o ABSOLUTE
    _printf_u                                0x00000000   Number         0  stubs.o ABSOLUTE
    _printf_wc                               0x00000000   Number         0  stubs.o ABSOLUTE
    _printf_wctomb                           0x00000000   Number         0  stubs.o ABSOLUTE
    _printf_widthprec                        0x00000000   Number         0  stubs.o ABSOLUTE
    _printf_x                                0x00000000   Number         0  stubs.o ABSOLUTE
    __arm_fini_                               - Undefined Weak Reference
    __cpp_initialize__aeabi_                  - Undefined Weak Reference
    __cxa_finalize                            - Undefined Weak Reference
    __decompress                              - Undefined Weak Reference
    _clock_init                               - Undefined Weak Reference
    _microlib_exit                            - Undefined Weak Reference
    __Vectors_Size                           0x000000b4   Number         0  startup_stm32f030x8.o ABSOLUTE
    __Vectors                                0x08004000   Data           4  startup_stm32f030x8.o(RESET)
    __Vectors_End                            0x080040b4   Data           0  startup_stm32f030x8.o(RESET)
    __main                                   0x080040b5   Thumb Code     0  entry.o(.ARM.Collect$$$$00000000)
    _main_stk                                0x080040b5   Thumb Code     0  entry2.o(.ARM.Collect$$$$00000001)
    _main_scatterload                        0x080040b9   Thumb Code     0  entry5.o(.ARM.Collect$$$$00000004)
    __main_after_scatterload                 0x080040bd   Thumb Code     0  entry5.o(.ARM.Collect$$$$00000004)
    _main_clock                              0x080040bd   Thumb Code     0  entry7b.o(.ARM.Collect$$$$00000008)
    _main_cpp_init                           0x080040bd   Thumb Code     0  entry8b.o(.ARM.Collect$$$$0000000A)
    _main_init                               0x080040bd   Thumb Code     0  entry9a.o(.ARM.Collect$$$$0000000B)
    __rt_lib_shutdown_fini                   0x080040c5   Thumb Code     0  entry12b.o(.ARM.Collect$$$$0000000E)
    __rt_final_cpp                           0x080040c9   Thumb Code     0  entry10a.o(.ARM.Collect$$$$0000000F)
    __rt_final_exit                          0x080040c9   Thumb Code     0  entry11a.o(.ARM.Collect$$$$00000011)
    Reset_Handler                            0x080040cd   Thumb Code     8  startup_stm32f030x8.o(.text)
    ADC1_IRQHandler                          0x080040df   Thumb Code     0  startup_stm32f030x8.o(.text)
    DMA1_Channel1_IRQHandler                 0x080040df   Thumb Code     0  startup_stm32f030x8.o(.text)
    DMA1_Channel2_3_IRQHandler               0x080040df   Thumb Code     0  startup_stm32f030x8.o(.text)
    DMA1_Channel4_5_IRQHandler               0x080040df   Thumb Code     0  startup_stm32f030x8.o(.text)
    EXTI0_1_IRQHandler                       0x080040df   Thumb Code     0  startup_stm32f030x8.o(.text)
    EXTI2_3_IRQHandler                       0x080040df   Thumb Code     0  startup_stm32f030x8.o(.text)
    FLASH_IRQHandler                         0x080040df   Thumb Code     0  startup_stm32f030x8.o(.text)
    I2C1_IRQHandler                          0x080040df   Thumb Code     0  startup_stm32f030x8.o(.text)
    I2C2_IRQHandler                          0x080040df   Thumb Code     0  startup_stm32f030x8.o(.text)
    RCC_IRQHandler                           0x080040df   Thumb Code     0  startup_stm32f030x8.o(.text)
    RTC_IRQHandler                           0x080040df   Thumb Code     0  startup_stm32f030x8.o(.text)
    SPI1_IRQHandler                          0x080040df   Thumb Code     0  startup_stm32f030x8.o(.text)
    SPI2_IRQHandler                          0x080040df   Thumb Code     0  startup_stm32f030x8.o(.text)
    TIM14_IRQHandler                         0x080040df   Thumb Code     0  startup_stm32f030x8.o(.text)
    TIM15_IRQHandler                         0x080040df   Thumb Code     0  startup_stm32f030x8.o(.text)
    TIM17_IRQHandler                         0x080040df   Thumb Code     0  startup_stm32f030x8.o(.text)
    TIM1_BRK_UP_TRG_COM_IRQHandler           0x080040df   Thumb Code     0  startup_stm32f030x8.o(.text)
    TIM1_CC_IRQHandler                       0x080040df   Thumb Code     0  startup_stm32f030x8.o(.text)
    USART1_IRQHandler                        0x080040df   Thumb Code     0  startup_stm32f030x8.o(.text)
    WWDG_IRQHandler                          0x080040df   Thumb Code     0  startup_stm32f030x8.o(.text)
    __aeabi_uidiv                            0x080040e9   Thumb Code     0  uidiv.o(.text)
    __aeabi_uidivmod                         0x080040e9   Thumb Code    44  uidiv.o(.text)
    __aeabi_llsr                             0x08004115   Thumb Code    34  llushr.o(.text)
    _ll_ushift_r                             0x08004115   Thumb Code     0  llushr.o(.text)
    __aeabi_memcpy                           0x08004137   Thumb Code    36  memcpya.o(.text)
    __aeabi_memcpy4                          0x08004137   Thumb Code     0  memcpya.o(.text)
    __aeabi_memcpy8                          0x08004137   Thumb Code     0  memcpya.o(.text)
    __aeabi_memset                           0x0800415b   Thumb Code    14  memseta.o(.text)
    __aeabi_memset4                          0x0800415b   Thumb Code     0  memseta.o(.text)
    __aeabi_memset8                          0x0800415b   Thumb Code     0  memseta.o(.text)
    __aeabi_memclr                           0x08004169   Thumb Code     4  memseta.o(.text)
    __aeabi_memclr4                          0x08004169   Thumb Code     0  memseta.o(.text)
    __aeabi_memclr8                          0x08004169   Thumb Code     0  memseta.o(.text)
    _memset$wrapper                          0x0800416d   Thumb Code    18  memseta.o(.text)
    strlen                                   0x0800417f   Thumb Code    14  strlen.o(.text)
    __aeabi_dmul                             0x0800418d   Thumb Code   202  dmul.o(.text)
    __aeabi_ddiv                             0x0800425d   Thumb Code   234  ddiv.o(.text)
    __aeabi_i2f                              0x0800434d   Thumb Code    22  fflti.o(.text)
    __aeabi_d2iz                             0x08004365   Thumb Code    62  dfixi.o(.text)
    __aeabi_f2d                              0x080043ad   Thumb Code    40  f2d.o(.text)
    __I$use$fp                               0x080043d5   Thumb Code     0  iusefp.o(.text)
    _float_round                             0x080043d5   Thumb Code    16  fepilogue.o(.text)
    _float_epilogue                          0x080043e5   Thumb Code   114  fepilogue.o(.text)
    _double_round                            0x08004457   Thumb Code    26  depilogue.o(.text)
    _double_epilogue                         0x08004471   Thumb Code   164  depilogue.o(.text)
    __scatterload                            0x08004515   Thumb Code    28  init.o(.text)
    __scatterload_rt2                        0x08004515   Thumb Code     0  init.o(.text)
    __aeabi_llsl                             0x08004539   Thumb Code    32  llshl.o(.text)
    _ll_shift_l                              0x08004539   Thumb Code     0  llshl.o(.text)
    ASCToHEXCHAR                             0x08004559   Thumb Code    28  rs485.o(i.ASCToHEXCHAR)
    Cal_CRC8                                 0x08004575   Thumb Code    28  crc.o(i.Cal_CRC8)
    ConvertUINT8ToHEXCHAR                    0x08004595   Thumb Code    46  rs485.o(i.ConvertUINT8ToHEXCHAR)
    Delay                                    0x080045c5   Thumb Code    62  time.o(i.Delay)
    EXTI4_15_IRQHandler                      0x0800460d   Thumb Code     2  stm32f0xx_it.o(i.EXTI4_15_IRQHandler)
    HAL_Delay                                0x0800460f   Thumb Code    26  stm32f0xx_hal.o(i.HAL_Delay)
    HAL_GPIO_DeInit                          0x08004629   Thumb Code   248  stm32f0xx_hal_gpio.o(i.HAL_GPIO_DeInit)
    HAL_GPIO_Init                            0x08004735   Thumb Code   470  stm32f0xx_hal_gpio.o(i.HAL_GPIO_Init)
    HAL_GPIO_ReadPin                         0x08004925   Thumb Code    18  stm32f0xx_hal_gpio.o(i.HAL_GPIO_ReadPin)
    HAL_GPIO_TogglePin                       0x08004937   Thumb Code     8  stm32f0xx_hal_gpio.o(i.HAL_GPIO_TogglePin)
    HAL_GPIO_WritePin                        0x0800493f   Thumb Code    12  stm32f0xx_hal_gpio.o(i.HAL_GPIO_WritePin)
    HAL_GetTick                              0x0800494d   Thumb Code     6  stm32f0xx_hal.o(i.HAL_GetTick)
    HAL_IWDG_Init                            0x08004959   Thumb Code   196  stm32f0xx_hal_iwdg.o(i.HAL_IWDG_Init)
    HAL_IWDG_MspInit                         0x08004a25   Thumb Code     2  stm32f0xx_hal_iwdg.o(i.HAL_IWDG_MspInit)
    HAL_IWDG_Refresh                         0x08004a29   Thumb Code   102  stm32f0xx_hal_iwdg.o(i.HAL_IWDG_Refresh)
    HAL_IWDG_Start                           0x08004a95   Thumb Code   148  stm32f0xx_hal_iwdg.o(i.HAL_IWDG_Start)
    HAL_IncTick                              0x08004b35   Thumb Code    48  stm32f0xx_hal.o(i.HAL_IncTick)
    HAL_Init                                 0x08004b75   Thumb Code    28  stm32f0xx_hal.o(i.HAL_Init)
    HAL_InitTick                             0x08004b95   Thumb Code    38  stm32f0xx_hal.o(i.HAL_InitTick)
    HAL_MspInit                              0x08004bbb   Thumb Code     2  stm32f0xx_hal_msp_template.o(i.HAL_MspInit)
    HAL_NVIC_DisableIRQ                      0x08004bbd   Thumb Code    18  stm32f0xx_hal_cortex.o(i.HAL_NVIC_DisableIRQ)
    HAL_NVIC_EnableIRQ                       0x08004bd5   Thumb Code    18  stm32f0xx_hal_cortex.o(i.HAL_NVIC_EnableIRQ)
    HAL_NVIC_SetPriority                     0x08004bed   Thumb Code    18  stm32f0xx_hal_cortex.o(i.HAL_NVIC_SetPriority)
    HAL_RCC_ClockConfig                      0x08004c01   Thumb Code   382  stm32f0xx_hal_rcc.o(i.HAL_RCC_ClockConfig)
    HAL_RCC_GetHCLKFreq                      0x08004d95   Thumb Code     6  stm32f0xx_hal_rcc.o(i.HAL_RCC_GetHCLKFreq)
    HAL_RCC_GetPCLK1Freq                     0x08004da1   Thumb Code    26  stm32f0xx_hal_rcc.o(i.HAL_RCC_GetPCLK1Freq)
    HAL_RCC_GetSysClockFreq                  0x08004dc5   Thumb Code   150  stm32f0xx_hal_rcc.o(i.HAL_RCC_GetSysClockFreq)
    HAL_RCC_OscConfig                        0x08004e89   Thumb Code  1352  stm32f0xx_hal_rcc.o(i.HAL_RCC_OscConfig)
    HAL_SPI_Init                             0x080053d5   Thumb Code   234  stm32f0xx_hal_spi.o(i.HAL_SPI_Init)
    HAL_SPI_MspInit                          0x080054c5   Thumb Code     2  stm32f0xx_hal_spi.o(i.HAL_SPI_MspInit)
    HAL_SPI_Receive                          0x080054c9   Thumb Code   694  stm32f0xx_hal_spi.o(i.HAL_SPI_Receive)
    HAL_SPI_Transmit                         0x08005789   Thumb Code   454  stm32f0xx_hal_spi.o(i.HAL_SPI_Transmit)
    HAL_SPI_TransmitReceive                  0x08005955   Thumb Code   892  stm32f0xx_hal_spi.o(i.HAL_SPI_TransmitReceive)
    HAL_SYSTICK_Config                       0x08005cd9   Thumb Code    46  stm32f0xx_hal_cortex.o(i.HAL_SYSTICK_Config)
    HAL_TIMEx_BreakCallback                  0x08005d11   Thumb Code     2  stm32f0xx_hal_tim_ex.o(i.HAL_TIMEx_BreakCallback)
    HAL_TIMEx_CommutationCallback            0x08005d13   Thumb Code     2  stm32f0xx_hal_tim_ex.o(i.HAL_TIMEx_CommutationCallback)
    HAL_TIM_Base_Init                        0x08005d15   Thumb Code    56  stm32f0xx_hal_tim.o(i.HAL_TIM_Base_Init)
    HAL_TIM_Base_MspInit                     0x08005d4d   Thumb Code     2  stm32f0xx_hal_tim.o(i.HAL_TIM_Base_MspInit)
    HAL_TIM_Base_Start_IT                    0x08005d4f   Thumb Code    30  stm32f0xx_hal_tim.o(i.HAL_TIM_Base_Start_IT)
    HAL_TIM_IC_CaptureCallback               0x08005d6d   Thumb Code     2  stm32f0xx_hal_tim.o(i.HAL_TIM_IC_CaptureCallback)
    HAL_TIM_IRQHandler                       0x08005d6f   Thumb Code   456  stm32f0xx_hal_tim.o(i.HAL_TIM_IRQHandler)
    HAL_TIM_OC_DelayElapsedCallback          0x08005f37   Thumb Code     2  stm32f0xx_hal_tim.o(i.HAL_TIM_OC_DelayElapsedCallback)
    HAL_TIM_PWM_PulseFinishedCallback        0x08005f39   Thumb Code     2  stm32f0xx_hal_tim.o(i.HAL_TIM_PWM_PulseFinishedCallback)
    HAL_TIM_PeriodElapsedCallback            0x08005f3d   Thumb Code    56  time.o(i.HAL_TIM_PeriodElapsedCallback)
    HAL_TIM_TriggerCallback                  0x08005f8d   Thumb Code     2  stm32f0xx_hal_tim.o(i.HAL_TIM_TriggerCallback)
    HAL_Timer_get                            0x08005f91   Thumb Code     8  time.o(i.HAL_Timer_get)
    HAL_UART_DeInit                          0x08005f9d   Thumb Code    76  stm32f0xx_hal_uart.o(i.HAL_UART_DeInit)
    HAL_UART_ErrorCallback                   0x08005fe9   Thumb Code    14  main.o(i.HAL_UART_ErrorCallback)
    HAL_UART_IRQHandler                      0x08005ff7   Thumb Code   266  stm32f0xx_hal_uart.o(i.HAL_UART_IRQHandler)
    HAL_UART_Init                            0x08006101   Thumb Code   130  stm32f0xx_hal_uart.o(i.HAL_UART_Init)
    HAL_UART_MspDeInit                       0x08006185   Thumb Code    60  stm32f0xx_hal_msp.o(i.HAL_UART_MspDeInit)
    HAL_UART_MspInit                         0x080061c5   Thumb Code   334  stm32f0xx_hal_msp.o(i.HAL_UART_MspInit)
    HAL_UART_Receive_IT                      0x08006321   Thumb Code   210  stm32f0xx_hal_uart.o(i.HAL_UART_Receive_IT)
    HAL_UART_RxCpltCallback                  0x080063f9   Thumb Code    14  main.o(i.HAL_UART_RxCpltCallback)
    HAL_UART_Transmit                        0x08006407   Thumb Code   226  stm32f0xx_hal_uart.o(i.HAL_UART_Transmit)
    HAL_UART_TxCpltCallback                  0x080064e9   Thumb Code     2  stm32f0xx_hal_uart.o(i.HAL_UART_TxCpltCallback)
    HardFault_Handler                        0x080064eb   Thumb Code     4  stm32f0xx_it.o(i.HardFault_Handler)
    NMI_Handler                              0x08006525   Thumb Code     2  stm32f0xx_it.o(i.NMI_Handler)
    PendSV_Handler                           0x080065d5   Thumb Code     2  stm32f0xx_it.o(i.PendSV_Handler)
    RS485_GetChar                            0x080065d9   Thumb Code    14  rs485.o(i.RS485_GetChar)
    RS485_GetRequest                         0x080065f1   Thumb Code   150  rs485.o(i.RS485_GetRequest)
    RS485_InMessageHandler                   0x08006699   Thumb Code  1848  rs485.o(i.RS485_InMessageHandler)
    RS485_Init                               0x08006eb5   Thumb Code   150  rs485.o(i.RS485_Init)
    RS485_Listen                             0x08006f65   Thumb Code    26  rs485.o(i.RS485_Listen)
    RS485_Respone                            0x08006f8d   Thumb Code   144  rs485.o(i.RS485_Respone)
    RS485_Write                              0x08007025   Thumb Code    48  rs485.o(i.RS485_Write)
    Read_Data                                0x08007061   Thumb Code    32  spi.o(i.Read_Data)
    S25FL1_Erase_Sector                      0x08007085   Thumb Code   196  s25fl1.o(i.S25FL1_Erase_Sector)
    S25FL1_Initialize                        0x08007151   Thumb Code   148  s25fl1.o(i.S25FL1_Initialize)
    S25FL1_IsReady                           0x080071ed   Thumb Code   104  s25fl1.o(i.S25FL1_IsReady)
    S25FL1_Program_Page                      0x08007259   Thumb Code   218  s25fl1.o(i.S25FL1_Program_Page)
    S25FL1_Read_Byte                         0x08007345   Thumb Code   148  s25fl1.o(i.S25FL1_Read_Byte)
    S25FL1_Read_Multi_Byte                   0x080073e5   Thumb Code   150  s25fl1.o(i.S25FL1_Read_Multi_Byte)
    S25FL1_Write_Byte                        0x08007489   Thumb Code   184  s25fl1.o(i.S25FL1_Write_Byte)
    S25FL1_Write_Multi_Byte                  0x0800754d   Thumb Code   108  s25fl1.o(i.S25FL1_Write_Multi_Byte)
    SPI_Initial                              0x08007689   Thumb Code   248  spi.o(i.SPI_Initial)
    SVC_Handler                              0x080078fd   Thumb Code     2  stm32f0xx_it.o(i.SVC_Handler)
    Send_Data                                0x08007901   Thumb Code    32  spi.o(i.Send_Data)
    SysTick_Handler                          0x08007925   Thumb Code     8  stm32f0xx_it.o(i.SysTick_Handler)
    SystemInit                               0x08007965   Thumb Code   104  system_stm32f0xx.o(i.SystemInit)
    TIM16_IRQHandler                         0x080079d9   Thumb Code    10  time.o(i.TIM16_IRQHandler)
    TIM3_IRQHandler                          0x080079e9   Thumb Code    10  time.o(i.TIM3_IRQHandler)
    TIM_Base_SetConfig                       0x080079f9   Thumb Code   124  stm32f0xx_hal_tim.o(i.TIM_Base_SetConfig)
    UART_AdvFeatureConfig                    0x08007a8d   Thumb Code   240  stm32f0xx_hal_uart.o(i.UART_AdvFeatureConfig)
    UART_CheckIdleState                      0x08007b7d   Thumb Code    30  stm32f0xx_hal_uart.o(i.UART_CheckIdleState)
    UART_EndTransmit_IT                      0x08007b9b   Thumb Code    32  stm32f0xx_hal_uart.o(i.UART_EndTransmit_IT)
    UART_Receive_IT                          0x08007bbb   Thumb Code   156  stm32f0xx_hal_uart.o(i.UART_Receive_IT)
    UART_SetConfig                           0x08007c59   Thumb Code   454  stm32f0xx_hal_uart.o(i.UART_SetConfig)
    UART_Transmit_IT                         0x08007e3d   Thumb Code   114  stm32f0xx_hal_uart.o(i.UART_Transmit_IT)
    UART_WaitOnFlagUntilTimeout              0x08007eaf   Thumb Code   262  stm32f0xx_hal_uart.o(i.UART_WaitOnFlagUntilTimeout)
    USART2_IRQHandler                        0x08007fb5   Thumb Code    10  stm32f0xx_it.o(i.USART2_IRQHandler)
    __0sprintf$6                             0x08007fc5   Thumb Code    36  printf6.o(i.__0sprintf$6)
    __1sprintf$6                             0x08007fc5   Thumb Code     0  printf6.o(i.__0sprintf$6)
    __2sprintf                               0x08007fc5   Thumb Code     0  printf6.o(i.__0sprintf$6)
    __ARM_clz                                0x08007fed   Thumb Code    46  depilogue.o(i.__ARM_clz)
    __ARM_common_switch8                     0x0800801b   Thumb Code    28  rs485.o(i.__ARM_common_switch8)
    __scatterload_copy                       0x08008037   Thumb Code    14  handlers.o(i.__scatterload_copy)
    __scatterload_null                       0x08008045   Thumb Code     2  handlers.o(i.__scatterload_null)
    __scatterload_zeroinit                   0x08008047   Thumb Code    14  handlers.o(i.__scatterload_zeroinit)
    air_init                                 0x080083b1   Thumb Code   134  do.o(i.air_init)
    bit_0                                    0x08008445   Thumb Code    30  do.o(i.bit_0)
    bit_0_galanz                             0x08008469   Thumb Code    30  do.o(i.bit_0_galanz)
    bit_0_group1_general                     0x0800848d   Thumb Code    30  do.o(i.bit_0_group1_general)
    bit_0_group2_general                     0x080084b1   Thumb Code    30  do.o(i.bit_0_group2_general)
    bit_0_lg                                 0x080084d5   Thumb Code    30  do.o(i.bit_0_lg)
    bit_0_mitsubishi                         0x080084f9   Thumb Code    30  do.o(i.bit_0_mitsubishi)
    bit_0_nagakawa                           0x0800851d   Thumb Code    30  do.o(i.bit_0_nagakawa)
    bit_0_nagakawa_r51m                      0x08008541   Thumb Code    30  do.o(i.bit_0_nagakawa_r51m)
    bit_0_panasonic                          0x08008565   Thumb Code    30  do.o(i.bit_0_panasonic)
    bit_0_reetech_ykr                        0x08008589   Thumb Code    30  do.o(i.bit_0_reetech_ykr)
    bit_0_samsung                            0x080085ad   Thumb Code    30  do.o(i.bit_0_samsung)
    bit_0_tcl                                0x080085d1   Thumb Code    30  do.o(i.bit_0_tcl)
    bit_1                                    0x080085f5   Thumb Code    28  do.o(i.bit_1)
    bit_1_galanz                             0x08008619   Thumb Code    28  do.o(i.bit_1_galanz)
    bit_1_group1_general                     0x0800863d   Thumb Code    28  do.o(i.bit_1_group1_general)
    bit_1_group2_general                     0x08008661   Thumb Code    28  do.o(i.bit_1_group2_general)
    bit_1_lg                                 0x08008685   Thumb Code    28  do.o(i.bit_1_lg)
    bit_1_mitsubishi                         0x080086a9   Thumb Code    28  do.o(i.bit_1_mitsubishi)
    bit_1_nagakawa                           0x080086cd   Thumb Code    30  do.o(i.bit_1_nagakawa)
    bit_1_nagakawa_r51m                      0x080086f1   Thumb Code    28  do.o(i.bit_1_nagakawa_r51m)
    bit_1_panasonic                          0x08008715   Thumb Code    28  do.o(i.bit_1_panasonic)
    bit_1_reetech_ykr                        0x08008739   Thumb Code    28  do.o(i.bit_1_reetech_ykr)
    bit_1_samsung                            0x0800875d   Thumb Code    28  do.o(i.bit_1_samsung)
    bit_1_tcl                                0x08008781   Thumb Code    30  do.o(i.bit_1_tcl)
    check_air_operation                      0x080087a5   Thumb Code   230  ctrl_air.o(i.check_air_operation)
    clear_request_check_air                  0x08008899   Thumb Code    12  ctrl_air.o(i.clear_request_check_air)
    config_init                              0x080088ad   Thumb Code    34  bootloader.o(i.config_init)
    control_air                              0x080088d1   Thumb Code   340  ctrl_air.o(i.control_air)
    control_air_carrier                      0x08008a35   Thumb Code    70  ctrl_air.o(i.control_air_carrier)
    control_air_daikin                       0x08008a89   Thumb Code   252  ctrl_air.o(i.control_air_daikin)
    control_air_funiki                       0x08008b91   Thumb Code    70  ctrl_air.o(i.control_air_funiki)
    control_air_galanz                       0x08008be5   Thumb Code    70  ctrl_air.o(i.control_air_galanz)
    control_air_general                      0x08008c39   Thumb Code   126  ctrl_air.o(i.control_air_general)
    control_air_gree                         0x08008cc5   Thumb Code   116  ctrl_air.o(i.control_air_gree)
    control_air_lg                           0x08008d45   Thumb Code    64  ctrl_air.o(i.control_air_lg)
    control_air_mitsubishi                   0x08008d91   Thumb Code    64  ctrl_air.o(i.control_air_mitsubishi)
    control_air_mitsubishi_heavy_industries  0x08008ddd   Thumb Code    70  ctrl_air.o(i.control_air_mitsubishi_heavy_industries)
    control_air_nagakawa_lc                  0x08008e35   Thumb Code    64  ctrl_air.o(i.control_air_nagakawa_lc)
    control_air_nagakawa_lm                  0x08008e81   Thumb Code    78  ctrl_air.o(i.control_air_nagakawa_lm)
    control_air_nagakawa_r51m                0x08008edd   Thumb Code    70  ctrl_air.o(i.control_air_nagakawa_r51m)
    control_air_panasonic                    0x08008f31   Thumb Code   114  ctrl_air.o(i.control_air_panasonic)
    control_air_reetech                      0x08008fb1   Thumb Code    70  ctrl_air.o(i.control_air_reetech)
    control_air_reeteck_ykr                  0x08009005   Thumb Code    70  ctrl_air.o(i.control_air_reeteck_ykr)
    control_air_samsung                      0x08009059   Thumb Code   112  ctrl_air.o(i.control_air_samsung)
    control_air_sharp                        0x080090d5   Thumb Code    70  ctrl_air.o(i.control_air_sharp)
    control_air_tcl                          0x08009129   Thumb Code    64  ctrl_air.o(i.control_air_tcl)
    create_pulse                             0x08009175   Thumb Code    52  do.o(i.create_pulse)
    debug_send                               0x080091ad   Thumb Code    28  rs485.o(i.debug_send)
    delay_time_flash                         0x080091d1   Thumb Code    14  s25fl1.o(i.delay_time_flash)
    delay_us                                 0x080091df   Thumb Code    32  time.o(i.delay_us)
    do_getvalue                              0x08009201   Thumb Code     6  ctrl_air.o(i.do_getvalue)
    eraser_sector_external_flash             0x0800920d   Thumb Code    12  bootloader.o(i.eraser_sector_external_flash)
    filter_temp                              0x08009219   Thumb Code   176  temperature.o(i.filter_temp)
    free                                     0x080092c9   Thumb Code    80  malloc.o(i.free)
    get_error                                0x0800931d   Thumb Code     6  temperature.o(i.get_error)
    get_id485_module                         0x08009329   Thumb Code    28  rs485.o(i.get_id485_module)
    get_mode_control_air                     0x0800934d   Thumb Code     6  rs485.o(i.get_mode_control_air)
    get_request_check_air                    0x08009359   Thumb Code     6  ctrl_air.o(i.get_request_check_air)
    get_temp_set_air                         0x08009365   Thumb Code     6  rs485.o(i.get_temp_set_air)
    get_temperature                          0x08009371   Thumb Code     6  temperature.o(i.get_temperature)
    get_time_s                               0x0800937d   Thumb Code     6  time.o(i.get_time_s)
    get_uid_mcu                              0x08009389   Thumb Code    94  system_start.o(i.get_uid_mcu)
    main                                     0x08009409   Thumb Code   342  main.o(i.main)
    malloc                                   0x080095b9   Thumb Code    92  malloc.o(i.malloc)
    process_timeover                         0x08009625   Thumb Code   134  time.o(i.process_timeover)
    pulse_reset                              0x080096cd   Thumb Code   128  temperature.o(i.pulse_reset)
    re_ctrl_air                              0x08009751   Thumb Code    38  ctrl_air.o(i.re_ctrl_air)
    read_bit                                 0x08009781   Thumb Code    72  temperature.o(i.read_bit)
    read_byte                                0x080097cd   Thumb Code    32  temperature.o(i.read_byte)
    read_uid_module                          0x080097ed   Thumb Code   140  system_start.o(i.read_uid_module)
    request_update_firmware                  0x08009879   Thumb Code    24  bootloader.o(i.request_update_firmware)
    restart_condition_daikin                 0x08009895   Thumb Code   128  ctrl_air.o(i.restart_condition_daikin)
    restart_condition_gree                   0x08009925   Thumb Code    26  ctrl_air.o(i.restart_condition_gree)
    restart_condition_samsung                0x08009945   Thumb Code    42  ctrl_air.o(i.restart_condition_samsung)
    ringbuf_elements                         0x08009979   Thumb Code    14  ringbuf.o(i.ringbuf_elements)
    ringbuf_get                              0x08009987   Thumb Code    42  ringbuf.o(i.ringbuf_get)
    ringbuf_init                             0x080099b1   Thumb Code    14  ringbuf.o(i.ringbuf_init)
    ringbuf_put                              0x080099bf   Thumb Code    40  ringbuf.o(i.ringbuf_put)
    rs485_reinit                             0x080099e7   Thumb Code    12  rs485.o(i.rs485_reinit)
    save_firmware_external_flash             0x080099f5   Thumb Code   318  bootloader.o(i.save_firmware_external_flash)
    send_byte                                0x08009c05   Thumb Code    42  temperature.o(i.send_byte)
    sendbyte_data                            0x08009c2f   Thumb Code    42  do.o(i.sendbyte_data)
    sendbyte_data_galanz                     0x08009c59   Thumb Code    42  do.o(i.sendbyte_data_galanz)
    sendbyte_data_general                    0x08009c83   Thumb Code    64  do.o(i.sendbyte_data_general)
    sendbyte_data_lg                         0x08009cc3   Thumb Code    42  do.o(i.sendbyte_data_lg)
    sendbyte_data_mitsubishi                 0x08009ced   Thumb Code    42  do.o(i.sendbyte_data_mitsubishi)
    sendbyte_data_nagakawa                   0x08009d17   Thumb Code    42  do.o(i.sendbyte_data_nagakawa)
    sendbyte_data_nagakawa_r51m              0x08009d41   Thumb Code    42  do.o(i.sendbyte_data_nagakawa_r51m)
    sendbyte_data_panasonic                  0x08009d6b   Thumb Code    42  do.o(i.sendbyte_data_panasonic)
    sendbyte_data_reetech_ykr                0x08009d95   Thumb Code    42  do.o(i.sendbyte_data_reetech_ykr)
    sendbyte_data_samsung                    0x08009dbf   Thumb Code    42  do.o(i.sendbyte_data_samsung)
    sendbyte_data_tcl                        0x08009de9   Thumb Code    42  do.o(i.sendbyte_data_tcl)
    sensor_get_data                          0x08009e15   Thumb Code   296  temperature.o(i.sensor_get_data)
    sensor_pin_input                         0x08009f49   Thumb Code    60  temperature.o(i.sensor_pin_input)
    sensor_pin_output                        0x08009f8d   Thumb Code    60  temperature.o(i.sensor_pin_output)
    sensor_temp_init                         0x08009fd1   Thumb Code    76  temperature.o(i.sensor_temp_init)
    set_mode                                 0x0800a01d   Thumb Code   198  ctrl_air.o(i.set_mode)
    set_request_check_air                    0x0800a0e9   Thumb Code    14  ctrl_air.o(i.set_request_check_air)
    set_temp                                 0x0800a101   Thumb Code   684  ctrl_air.o(i.set_temp)
    ss_send_bit0                             0x0800a3c5   Thumb Code    40  temperature.o(i.ss_send_bit0)
    ss_send_bit1                             0x0800a3f1   Thumb Code    40  temperature.o(i.ss_send_bit1)
    start_condition_carrier                  0x0800a41d   Thumb Code    28  ctrl_air.o(i.start_condition_carrier)
    start_condition_daikin                   0x0800a441   Thumb Code   138  ctrl_air.o(i.start_condition_daikin)
    start_condition_funiki                   0x0800a4dd   Thumb Code    38  ctrl_air.o(i.start_condition_funiki)
    start_condition_galanz                   0x0800a50d   Thumb Code    30  ctrl_air.o(i.start_condition_galanz)
    start_condition_general                  0x0800a531   Thumb Code    34  ctrl_air.o(i.start_condition_general)
    start_condition_lg                       0x0800a561   Thumb Code    28  ctrl_air.o(i.start_condition_lg)
    start_condition_mitsubishi               0x0800a585   Thumb Code    36  ctrl_air.o(i.start_condition_mitsubishi)
    start_condition_nagakawa                 0x0800a5b1   Thumb Code    28  ctrl_air.o(i.start_condition_nagakawa)
    start_condition_nagakawa_r51m            0x0800a5d5   Thumb Code     8  ctrl_air.o(i.start_condition_nagakawa_r51m)
    start_condition_panasonic                0x0800a5dd   Thumb Code    30  ctrl_air.o(i.start_condition_panasonic)
    start_condition_reetech                  0x0800a601   Thumb Code    38  ctrl_air.o(i.start_condition_reetech)
    start_condition_reeteck_ykr              0x0800a631   Thumb Code    30  ctrl_air.o(i.start_condition_reeteck_ykr)
    start_condition_samsung                  0x0800a659   Thumb Code    40  ctrl_air.o(i.start_condition_samsung)
    start_condition_sharp                    0x0800a68d   Thumb Code    38  ctrl_air.o(i.start_condition_sharp)
    start_condition_tcl                      0x0800a6bd   Thumb Code    30  ctrl_air.o(i.start_condition_tcl)
    stop_condition_carrier                   0x0800a6e1   Thumb Code    26  ctrl_air.o(i.stop_condition_carrier)
    stop_condition_daikin                    0x0800a705   Thumb Code    68  ctrl_air.o(i.stop_condition_daikin)
    stop_condition_funiki                    0x0800a751   Thumb Code    54  ctrl_air.o(i.stop_condition_funiki)
    stop_condition_galanz                    0x0800a791   Thumb Code    14  ctrl_air.o(i.stop_condition_galanz)
    stop_condition_general                   0x0800a7a5   Thumb Code    26  ctrl_air.o(i.stop_condition_general)
    stop_condition_lg                        0x0800a7c9   Thumb Code    28  ctrl_air.o(i.stop_condition_lg)
    stop_condition_mitsubishi                0x0800a7ed   Thumb Code    26  ctrl_air.o(i.stop_condition_mitsubishi)
    stop_condition_nagakawa                  0x0800a811   Thumb Code    26  ctrl_air.o(i.stop_condition_nagakawa)
    stop_condition_nagakawa_r51m             0x0800a835   Thumb Code    28  ctrl_air.o(i.stop_condition_nagakawa_r51m)
    stop_condition_panasonic                 0x0800a859   Thumb Code    26  ctrl_air.o(i.stop_condition_panasonic)
    stop_condition_reetech                   0x0800a87d   Thumb Code    28  ctrl_air.o(i.stop_condition_reetech)
    stop_condition_reeteck_ykr               0x0800a8a1   Thumb Code    26  ctrl_air.o(i.stop_condition_reeteck_ykr)
    stop_condition_samsung                   0x0800a8c5   Thumb Code    28  ctrl_air.o(i.stop_condition_samsung)
    stop_condition_sharp                     0x0800a8e9   Thumb Code    66  ctrl_air.o(i.stop_condition_sharp)
    stop_condition_tcl                       0x0800a935   Thumb Code    26  ctrl_air.o(i.stop_condition_tcl)
    tempearture_read                         0x0800a959   Thumb Code   198  temperature.o(i.tempearture_read)
    test_flash                               0x0800aa35   Thumb Code   326  system_start.o(i.test_flash)
    test_sensor                              0x0800ac25   Thumb Code    78  system_start.o(i.test_sensor)
    test_system                              0x0800ac9d   Thumb Code   126  system_start.o(i.test_system)
    timer16_init                             0x0800ad59   Thumb Code    94  time.o(i.timer16_init)
    uart_debug_init                          0x0800adc9   Thumb Code    86  rs485.o(i.uart_debug_init)
    update_size                              0x0800ae2d   Thumb Code    62  bootloader.o(i.update_size)
    wait_state                               0x0800ae6d   Thumb Code    36  temperature.o(i.wait_state)
    watchdog_ex_initialize                   0x0800ae95   Thumb Code    72  do.o(i.watchdog_ex_initialize)
    crc_array                                0x0800aee4   Data         256  crc.o(.constdata)
    table_control                            0x0800afe4   Data        2014  ctrl_air.o(.constdata)
    temp_reetech                             0x0800b7c2   Data          15  ctrl_air.o(.constdata)
    temp_carrier                             0x0800b7d1   Data          13  ctrl_air.o(.constdata)
    temp_gree                                0x0800b7de   Data          26  ctrl_air.o(.constdata)
    temp_samsung                             0x0800b7f8   Data          26  ctrl_air.o(.constdata)
    AHBPrescTable                            0x0800b812   Data          16  system_stm32f0xx.o(.constdata)
    APBPrescTable                            0x0800b822   Data           8  system_stm32f0xx.o(.constdata)
    Region$$Table$$Base                      0x0800b82c   Number         0  anon$$obj.o(Region$$Table)
    Region$$Table$$Limit                     0x0800b84c   Number         0  anon$$obj.o(Region$$Table)
    VectorTable                              0x20000000   Data         192  main.o(.ARM.__AT_0x20000000)
    UartReady                                0x200000c0   Data           1  main.o(.data)
    UserButtonStatus                         0x200000c4   Data           4  main.o(.data)
    re_ctrl                                  0x200000ce   Data           1  rs485.o(.data)
    update_firmware_request                  0x200000cf   Data           1  rs485.o(.data)
    air_temp_set                             0x200000d1   Data           1  rs485.o(.data)
    debug_len                                0x200000d4   Data           1  rs485.o(.data)
    id485_module                             0x200000d7   Data           1  rs485.o(.data)
    CMD_READ_FLASH_SR1                       0x200000dd   Data           1  s25fl1.o(.data)
    CMD_READ_FLASH_SR2                       0x200000de   Data           1  s25fl1.o(.data)
    CMD_READ_FLASH_SR3                       0x200000df   Data           1  s25fl1.o(.data)
    CMD_WRITE_FLASH_ENABLE                   0x200000e0   Data           1  s25fl1.o(.data)
    CMD_WRITE_FLASH_DISABLE                  0x200000e1   Data           1  s25fl1.o(.data)
    CMD_WRITE_FLASH_ENABLE_VOLATILE_STATUS_REGISTER 0x200000e2   Data           1  s25fl1.o(.data)
    CMD_WRITE_FLASH_STATUS_REGISTER          0x200000e3   Data           1  s25fl1.o(.data)
    CMD_WRITE_FLASH_PROGRAM_PAGE             0x200000e4   Data           1  s25fl1.o(.data)
    CMD_SECTOR_ERASE_FLASH                   0x200000e5   Data           1  s25fl1.o(.data)
    CMD_BLOCK_ERASE_FLASH                    0x200000e6   Data           1  s25fl1.o(.data)
    CMD_ERASE_ALL_FLASH                      0x200000e7   Data           1  s25fl1.o(.data)
    CMD_READ_FLASH_DATA                      0x200000e8   Data           1  s25fl1.o(.data)
    CMD_READ_FLASH_FAST_DATA                 0x200000e9   Data           1  s25fl1.o(.data)
    flag_timer                               0x200000ec   Data           1  time.o(.data)
    rs485_timeout                            0x200000ed   Data           1  time.o(.data)
    package_timeout                          0x200000ee   Data           1  time.o(.data)
    time_1s                                  0x200000f4   Data           4  time.o(.data)
    request_read_sensor                      0x200000f8   Data           1  time.o(.data)
    last_time_request_check_sensor           0x200000fc   Data           4  time.o(.data)
    turn_on_air_lost_connect                 0x20000100   Data           1  time.o(.data)
    temp_read                                0x20000104   Data           4  temperature.o(.data)
    last_time_ctrl                           0x2000010c   Data           4  ctrl_air.o(.data)
    status_air                               0x20000111   Data           1  ctrl_air.o(.data)
    error_air_module                         0x2000011c   Data           1  ctrl_air.o(.data)
    air_id                                   0x2000011d   Data           1  ctrl_air.o(.data)
    hardware_version                         0x2000011f   Data          32  system_start.o(.data)
    software_version                         0x2000013f   Data          32  system_start.o(.data)
    uwTick                                   0x20000160   Data           4  stm32f0xx_hal.o(.data)
    SystemCoreClock                          0x20000168   Data           4  system_stm32f0xx.o(.data)
    __microlib_freelist                      0x2000016c   Data           4  mvars.o(.data)
    __microlib_freelist_initialised          0x20000170   Data           4  mvars.o(.data)
    hwwdg                                    0x20000174   Data          20  main.o(.bss)
    UartHandle                               0x20000188   Data         112  rs485.o(.bss)
    UartDebug                                0x200001f8   Data         112  rs485.o(.bss)
    debug_arr                                0x20000268   Data         100  rs485.o(.bss)
    RS485RxBuf                               0x200002cc   Data         160  rs485.o(.bss)
    getBuffer                                0x2000036c   Data         160  rs485.o(.bss)
    hspi                                     0x20000418   Data         100  spi.o(.bss)
    GPIO_InitStructure                       0x2000047c   Data          20  spi.o(.bss)
    htim3                                    0x20000490   Data          64  time.o(.bss)
    htim16                                   0x200004d0   Data          64  time.o(.bss)
    air_cmd                                  0x2000051a   Data          53  ctrl_air.o(.bss)
    uid_mcu                                  0x20000550   Data          12  system_start.o(.bss)
    Serial_number                            0x2000055c   Data          50  system_start.o(.bss)
    __heap_base                              0x20000590   Data           0  startup_stm32f030x8.o(HEAP)
    __heap_limit                             0x20000790   Data           0  startup_stm32f030x8.o(HEAP)
    __initial_sp                             0x20000b90   Data           0  startup_stm32f030x8.o(STACK)



==============================================================================

Memory Map of the image

  Image Entry point : 0x080040b5

  Load Region LR_IROM1 (Base: 0x08004000, Size: 0x00007900, Max: 0x00010000, ABSOLUTE)

    Execution Region ER_IROM1 (Exec base: 0x08004000, Load base: 0x08004000, Size: 0x0000784c, Max: 0x00010000, ABSOLUTE)

    Exec Addr    Load Addr    Size         Type   Attr      Idx    E Section Name        Object

    0x08004000   0x08004000   0x000000b4   Data   RO         4848    RESET               startup_stm32f030x8.o
    0x080040b4   0x080040b4   0x00000000   Code   RO         4853  * .ARM.Collect$$$$00000000  mc_p.l(entry.o)
    0x080040b4   0x080040b4   0x00000004   Code   RO         5167    .ARM.Collect$$$$00000001  mc_p.l(entry2.o)
    0x080040b8   0x080040b8   0x00000004   Code   RO         5170    .ARM.Collect$$$$00000004  mc_p.l(entry5.o)
    0x080040bc   0x080040bc   0x00000000   Code   RO         5172    .ARM.Collect$$$$00000008  mc_p.l(entry7b.o)
    0x080040bc   0x080040bc   0x00000000   Code   RO         5174    .ARM.Collect$$$$0000000A  mc_p.l(entry8b.o)
    0x080040bc   0x080040bc   0x00000008   Code   RO         5175    .ARM.Collect$$$$0000000B  mc_p.l(entry9a.o)
    0x080040c4   0x080040c4   0x00000004   Code   RO         5182    .ARM.Collect$$$$0000000E  mc_p.l(entry12b.o)
    0x080040c8   0x080040c8   0x00000000   Code   RO         5177    .ARM.Collect$$$$0000000F  mc_p.l(entry10a.o)
    0x080040c8   0x080040c8   0x00000000   Code   RO         5179    .ARM.Collect$$$$00000011  mc_p.l(entry11a.o)
    0x080040c8   0x080040c8   0x00000004   Code   RO         5168    .ARM.Collect$$$$00002712  mc_p.l(entry2.o)
    0x080040cc   0x080040cc   0x0000001c   Code   RO         4849    .text               startup_stm32f030x8.o
    0x080040e8   0x080040e8   0x0000002c   Code   RO         4856    .text               mc_p.l(uidiv.o)
    0x08004114   0x08004114   0x00000022   Code   RO         4858    .text               mc_p.l(llushr.o)
    0x08004136   0x08004136   0x00000024   Code   RO         4860    .text               mc_p.l(memcpya.o)
    0x0800415a   0x0800415a   0x00000024   Code   RO         4862    .text               mc_p.l(memseta.o)
    0x0800417e   0x0800417e   0x0000000e   Code   RO         4864    .text               mc_p.l(strlen.o)
    0x0800418c   0x0800418c   0x000000d0   Code   RO         5157    .text               mf_p.l(dmul.o)
    0x0800425c   0x0800425c   0x000000f0   Code   RO         5159    .text               mf_p.l(ddiv.o)
    0x0800434c   0x0800434c   0x00000016   Code   RO         5161    .text               mf_p.l(fflti.o)
    0x08004362   0x08004362   0x00000002   PAD
    0x08004364   0x08004364   0x00000048   Code   RO         5163    .text               mf_p.l(dfixi.o)
    0x080043ac   0x080043ac   0x00000028   Code   RO         5165    .text               mf_p.l(f2d.o)
    0x080043d4   0x080043d4   0x00000000   Code   RO         5190    .text               mc_p.l(iusefp.o)
    0x080043d4   0x080043d4   0x00000082   Code   RO         5191    .text               mf_p.l(fepilogue.o)
    0x08004456   0x08004456   0x000000be   Code   RO         5193    .text               mf_p.l(depilogue.o)
    0x08004514   0x08004514   0x00000024   Code   RO         5203    .text               mc_p.l(init.o)
    0x08004538   0x08004538   0x00000020   Code   RO         5206    .text               mc_p.l(llshl.o)
    0x08004558   0x08004558   0x0000001c   Code   RO          339    i.ASCToHEXCHAR      rs485.o
    0x08004574   0x08004574   0x00000020   Code   RO          765    i.Cal_CRC8          crc.o
    0x08004594   0x08004594   0x0000002e   Code   RO          340    i.ConvertUINT8ToHEXCHAR  rs485.o
    0x080045c2   0x080045c2   0x00000002   PAD
    0x080045c4   0x080045c4   0x00000048   Code   RO         1007    i.Delay             time.o
    0x0800460c   0x0800460c   0x00000002   Code   RO          235    i.EXTI4_15_IRQHandler  stm32f0xx_it.o
    0x0800460e   0x0800460e   0x0000001a   Code   RO         1666    i.HAL_Delay         stm32f0xx_hal.o
    0x08004628   0x08004628   0x0000010c   Code   RO         2435    i.HAL_GPIO_DeInit   stm32f0xx_hal_gpio.o
    0x08004734   0x08004734   0x000001f0   Code   RO         2438    i.HAL_GPIO_Init     stm32f0xx_hal_gpio.o
    0x08004924   0x08004924   0x00000012   Code   RO         2440    i.HAL_GPIO_ReadPin  stm32f0xx_hal_gpio.o
    0x08004936   0x08004936   0x00000008   Code   RO         2441    i.HAL_GPIO_TogglePin  stm32f0xx_hal_gpio.o
    0x0800493e   0x0800493e   0x0000000c   Code   RO         2442    i.HAL_GPIO_WritePin  stm32f0xx_hal_gpio.o
    0x0800494a   0x0800494a   0x00000002   PAD
    0x0800494c   0x0800494c   0x0000000c   Code   RO         1670    i.HAL_GetTick       stm32f0xx_hal.o
    0x08004958   0x08004958   0x000000cc   Code   RO         2554    i.HAL_IWDG_Init     stm32f0xx_hal_iwdg.o
    0x08004a24   0x08004a24   0x00000002   Code   RO         2555    i.HAL_IWDG_MspInit  stm32f0xx_hal_iwdg.o
    0x08004a26   0x08004a26   0x00000002   PAD
    0x08004a28   0x08004a28   0x0000006c   Code   RO         2556    i.HAL_IWDG_Refresh  stm32f0xx_hal_iwdg.o
    0x08004a94   0x08004a94   0x000000a0   Code   RO         2557    i.HAL_IWDG_Start    stm32f0xx_hal_iwdg.o
    0x08004b34   0x08004b34   0x00000040   Code   RO         1671    i.HAL_IncTick       stm32f0xx_hal.o
    0x08004b74   0x08004b74   0x00000020   Code   RO         1672    i.HAL_Init          stm32f0xx_hal.o
    0x08004b94   0x08004b94   0x00000026   Code   RO         1673    i.HAL_InitTick      stm32f0xx_hal.o
    0x08004bba   0x08004bba   0x00000002   Code   RO         2598    i.HAL_MspInit       stm32f0xx_hal_msp_template.o
    0x08004bbc   0x08004bbc   0x00000018   Code   RO         2006    i.HAL_NVIC_DisableIRQ  stm32f0xx_hal_cortex.o
    0x08004bd4   0x08004bd4   0x00000018   Code   RO         2007    i.HAL_NVIC_EnableIRQ  stm32f0xx_hal_cortex.o
    0x08004bec   0x08004bec   0x00000012   Code   RO         2011    i.HAL_NVIC_SetPriority  stm32f0xx_hal_cortex.o
    0x08004bfe   0x08004bfe   0x00000002   PAD
    0x08004c00   0x08004c00   0x00000194   Code   RO         2764    i.HAL_RCC_ClockConfig  stm32f0xx_hal_rcc.o
    0x08004d94   0x08004d94   0x0000000c   Code   RO         2769    i.HAL_RCC_GetHCLKFreq  stm32f0xx_hal_rcc.o
    0x08004da0   0x08004da0   0x00000024   Code   RO         2771    i.HAL_RCC_GetPCLK1Freq  stm32f0xx_hal_rcc.o
    0x08004dc4   0x08004dc4   0x000000c4   Code   RO         2772    i.HAL_RCC_GetSysClockFreq  stm32f0xx_hal_rcc.o
    0x08004e88   0x08004e88   0x0000054c   Code   RO         2775    i.HAL_RCC_OscConfig  stm32f0xx_hal_rcc.o
    0x080053d4   0x080053d4   0x000000f0   Code   RO         2965    i.HAL_SPI_Init      stm32f0xx_hal_spi.o
    0x080054c4   0x080054c4   0x00000002   Code   RO         2967    i.HAL_SPI_MspInit   stm32f0xx_hal_spi.o
    0x080054c6   0x080054c6   0x00000002   PAD
    0x080054c8   0x080054c8   0x000002c0   Code   RO         2968    i.HAL_SPI_Receive   stm32f0xx_hal_spi.o
    0x08005788   0x08005788   0x000001cc   Code   RO         2973    i.HAL_SPI_Transmit  stm32f0xx_hal_spi.o
    0x08005954   0x08005954   0x00000384   Code   RO         2974    i.HAL_SPI_TransmitReceive  stm32f0xx_hal_spi.o
    0x08005cd8   0x08005cd8   0x00000038   Code   RO         2015    i.HAL_SYSTICK_Config  stm32f0xx_hal_cortex.o
    0x08005d10   0x08005d10   0x00000002   Code   RO         3915    i.HAL_TIMEx_BreakCallback  stm32f0xx_hal_tim_ex.o
    0x08005d12   0x08005d12   0x00000002   Code   RO         3916    i.HAL_TIMEx_CommutationCallback  stm32f0xx_hal_tim_ex.o
    0x08005d14   0x08005d14   0x00000038   Code   RO         3279    i.HAL_TIM_Base_Init  stm32f0xx_hal_tim.o
    0x08005d4c   0x08005d4c   0x00000002   Code   RO         3281    i.HAL_TIM_Base_MspInit  stm32f0xx_hal_tim.o
    0x08005d4e   0x08005d4e   0x0000001e   Code   RO         3284    i.HAL_TIM_Base_Start_IT  stm32f0xx_hal_tim.o
    0x08005d6c   0x08005d6c   0x00000002   Code   RO         3308    i.HAL_TIM_IC_CaptureCallback  stm32f0xx_hal_tim.o
    0x08005d6e   0x08005d6e   0x000001c8   Code   RO         3321    i.HAL_TIM_IRQHandler  stm32f0xx_hal_tim.o
    0x08005f36   0x08005f36   0x00000002   Code   RO         3324    i.HAL_TIM_OC_DelayElapsedCallback  stm32f0xx_hal_tim.o
    0x08005f38   0x08005f38   0x00000002   Code   RO         3351    i.HAL_TIM_PWM_PulseFinishedCallback  stm32f0xx_hal_tim.o
    0x08005f3a   0x08005f3a   0x00000002   PAD
    0x08005f3c   0x08005f3c   0x00000050   Code   RO         1008    i.HAL_TIM_PeriodElapsedCallback  time.o
    0x08005f8c   0x08005f8c   0x00000002   Code   RO         3362    i.HAL_TIM_TriggerCallback  stm32f0xx_hal_tim.o
    0x08005f8e   0x08005f8e   0x00000002   PAD
    0x08005f90   0x08005f90   0x0000000c   Code   RO         1009    i.HAL_Timer_get     time.o
    0x08005f9c   0x08005f9c   0x0000004c   Code   RO         4174    i.HAL_UART_DeInit   stm32f0xx_hal_uart.o
    0x08005fe8   0x08005fe8   0x0000000e   Code   RO            4    i.HAL_UART_ErrorCallback  main.o
    0x08005ff6   0x08005ff6   0x0000010a   Code   RO         4178    i.HAL_UART_IRQHandler  stm32f0xx_hal_uart.o
    0x08006100   0x08006100   0x00000082   Code   RO         4179    i.HAL_UART_Init     stm32f0xx_hal_uart.o
    0x08006182   0x08006182   0x00000002   PAD
    0x08006184   0x08006184   0x00000040   Code   RO          209    i.HAL_UART_MspDeInit  stm32f0xx_hal_msp.o
    0x080061c4   0x080061c4   0x0000015c   Code   RO          210    i.HAL_UART_MspInit  stm32f0xx_hal_msp.o
    0x08006320   0x08006320   0x000000d8   Code   RO         4184    i.HAL_UART_Receive_IT  stm32f0xx_hal_uart.o
    0x080063f8   0x080063f8   0x0000000e   Code   RO            5    i.HAL_UART_RxCpltCallback  main.o
    0x08006406   0x08006406   0x000000e2   Code   RO         4187    i.HAL_UART_Transmit  stm32f0xx_hal_uart.o
    0x080064e8   0x080064e8   0x00000002   Code   RO         4190    i.HAL_UART_TxCpltCallback  stm32f0xx_hal_uart.o
    0x080064ea   0x080064ea   0x00000004   Code   RO          236    i.HardFault_Handler  stm32f0xx_it.o
    0x080064ee   0x080064ee   0x00000002   PAD
    0x080064f0   0x080064f0   0x00000034   Code   RO            6    i.IWDG_Initialize   main.o
    0x08006524   0x08006524   0x00000002   Code   RO          237    i.NMI_Handler       stm32f0xx_it.o
    0x08006526   0x08006526   0x00000002   PAD
    0x08006528   0x08006528   0x00000078   Code   RO         2017    i.NVIC_SetPriority  stm32f0xx_hal_cortex.o
    0x080065a0   0x080065a0   0x00000034   Code   RO          341    i.NVIC_SystemReset  rs485.o
    0x080065d4   0x080065d4   0x00000002   Code   RO          238    i.PendSV_Handler    stm32f0xx_it.o
    0x080065d6   0x080065d6   0x00000002   PAD
    0x080065d8   0x080065d8   0x00000018   Code   RO          342    i.RS485_GetChar     rs485.o
    0x080065f0   0x080065f0   0x000000a8   Code   RO          343    i.RS485_GetRequest  rs485.o
    0x08006698   0x08006698   0x0000081c   Code   RO          344    i.RS485_InMessageHandler  rs485.o
    0x08006eb4   0x08006eb4   0x000000b0   Code   RO          345    i.RS485_Init        rs485.o
    0x08006f64   0x08006f64   0x00000028   Code   RO          346    i.RS485_Listen      rs485.o
    0x08006f8c   0x08006f8c   0x00000098   Code   RO          347    i.RS485_Respone     rs485.o
    0x08007024   0x08007024   0x0000003c   Code   RO          348    i.RS485_Write       rs485.o
    0x08007060   0x08007060   0x00000024   Code   RO          972    i.Read_Data         spi.o
    0x08007084   0x08007084   0x000000cc   Code   RO          891    i.S25FL1_Erase_Sector  s25fl1.o
    0x08007150   0x08007150   0x0000009c   Code   RO          892    i.S25FL1_Initialize  s25fl1.o
    0x080071ec   0x080071ec   0x0000006c   Code   RO          893    i.S25FL1_IsReady    s25fl1.o
    0x08007258   0x08007258   0x000000ec   Code   RO          894    i.S25FL1_Program_Page  s25fl1.o
    0x08007344   0x08007344   0x000000a0   Code   RO          895    i.S25FL1_Read_Byte  s25fl1.o
    0x080073e4   0x080073e4   0x000000a4   Code   RO          896    i.S25FL1_Read_Multi_Byte  s25fl1.o
    0x08007488   0x08007488   0x000000c4   Code   RO          897    i.S25FL1_Write_Byte  s25fl1.o
    0x0800754c   0x0800754c   0x00000070   Code   RO          898    i.S25FL1_Write_Multi_Byte  s25fl1.o
    0x080075bc   0x080075bc   0x00000088   Code   RO         2999    i.SPI_EndRxTransaction  stm32f0xx_hal_spi.o
    0x08007644   0x08007644   0x00000044   Code   RO         3000    i.SPI_EndRxTxTransaction  stm32f0xx_hal_spi.o
    0x08007688   0x08007688   0x00000108   Code   RO          973    i.SPI_Initial       spi.o
    0x08007790   0x08007790   0x000000c0   Code   RO         3007    i.SPI_WaitFifoStateUntilTimeout  stm32f0xx_hal_spi.o
    0x08007850   0x08007850   0x000000ac   Code   RO         3008    i.SPI_WaitFlagStateUntilTimeout  stm32f0xx_hal_spi.o
    0x080078fc   0x080078fc   0x00000002   Code   RO          239    i.SVC_Handler       stm32f0xx_it.o
    0x080078fe   0x080078fe   0x00000002   PAD
    0x08007900   0x08007900   0x00000024   Code   RO          974    i.Send_Data         spi.o
    0x08007924   0x08007924   0x00000008   Code   RO          240    i.SysTick_Handler   stm32f0xx_it.o
    0x0800792c   0x0800792c   0x00000038   Code   RO            7    i.SystemClock_Config  main.o
    0x08007964   0x08007964   0x00000074   Code   RO         4816    i.SystemInit        system_stm32f0xx.o
    0x080079d8   0x080079d8   0x00000010   Code   RO         1010    i.TIM16_IRQHandler  time.o
    0x080079e8   0x080079e8   0x00000010   Code   RO         1011    i.TIM3_IRQHandler   time.o
    0x080079f8   0x080079f8   0x00000094   Code   RO         3363    i.TIM_Base_SetConfig  stm32f0xx_hal_tim.o
    0x08007a8c   0x08007a8c   0x000000f0   Code   RO         4192    i.UART_AdvFeatureConfig  stm32f0xx_hal_uart.o
    0x08007b7c   0x08007b7c   0x0000001e   Code   RO         4193    i.UART_CheckIdleState  stm32f0xx_hal_uart.o
    0x08007b9a   0x08007b9a   0x00000020   Code   RO         4199    i.UART_EndTransmit_IT  stm32f0xx_hal_uart.o
    0x08007bba   0x08007bba   0x0000009c   Code   RO         4200    i.UART_Receive_IT   stm32f0xx_hal_uart.o
    0x08007c56   0x08007c56   0x00000002   PAD
    0x08007c58   0x08007c58   0x000001e4   Code   RO         4201    i.UART_SetConfig    stm32f0xx_hal_uart.o
    0x08007e3c   0x08007e3c   0x00000072   Code   RO         4202    i.UART_Transmit_IT  stm32f0xx_hal_uart.o
    0x08007eae   0x08007eae   0x00000106   Code   RO         4203    i.UART_WaitOnFlagUntilTimeout  stm32f0xx_hal_uart.o
    0x08007fb4   0x08007fb4   0x00000010   Code   RO          241    i.USART2_IRQHandler  stm32f0xx_it.o
    0x08007fc4   0x08007fc4   0x00000028   Code   RO         5025    i.__0sprintf$6      mc_p.l(printf6.o)
    0x08007fec   0x08007fec   0x0000002e   Code   RO         5195    i.__ARM_clz         mf_p.l(depilogue.o)
    0x0800801a   0x0800801a   0x0000001c   Code   RO          465    i.__ARM_common_switch8  rs485.o
    0x08008036   0x08008036   0x0000000e   Code   RO         5213    i.__scatterload_copy  mc_p.l(handlers.o)
    0x08008044   0x08008044   0x00000002   Code   RO         5214    i.__scatterload_null  mc_p.l(handlers.o)
    0x08008046   0x08008046   0x0000000e   Code   RO         5215    i.__scatterload_zeroinit  mc_p.l(handlers.o)
    0x08008054   0x08008054   0x00000304   Code   RO         5030    i._printf_core      mc_p.l(printf6.o)
    0x08008358   0x08008358   0x00000020   Code   RO         5031    i._printf_post_padding  mc_p.l(printf6.o)
    0x08008378   0x08008378   0x0000002c   Code   RO         5032    i._printf_pre_padding  mc_p.l(printf6.o)
    0x080083a4   0x080083a4   0x0000000a   Code   RO         5034    i._sputc            mc_p.l(printf6.o)
    0x080083ae   0x080083ae   0x00000002   PAD
    0x080083b0   0x080083b0   0x00000094   Code   RO          485    i.air_init          do.o
    0x08008444   0x08008444   0x00000024   Code   RO          486    i.bit_0             do.o
    0x08008468   0x08008468   0x00000024   Code   RO          488    i.bit_0_galanz      do.o
    0x0800848c   0x0800848c   0x00000024   Code   RO          489    i.bit_0_group1_general  do.o
    0x080084b0   0x080084b0   0x00000024   Code   RO          490    i.bit_0_group2_general  do.o
    0x080084d4   0x080084d4   0x00000024   Code   RO          491    i.bit_0_lg          do.o
    0x080084f8   0x080084f8   0x00000024   Code   RO          492    i.bit_0_mitsubishi  do.o
    0x0800851c   0x0800851c   0x00000024   Code   RO          493    i.bit_0_nagakawa    do.o
    0x08008540   0x08008540   0x00000024   Code   RO          494    i.bit_0_nagakawa_r51m  do.o
    0x08008564   0x08008564   0x00000024   Code   RO          496    i.bit_0_panasonic   do.o
    0x08008588   0x08008588   0x00000024   Code   RO          497    i.bit_0_reetech_ykr  do.o
    0x080085ac   0x080085ac   0x00000024   Code   RO          498    i.bit_0_samsung     do.o
    0x080085d0   0x080085d0   0x00000024   Code   RO          499    i.bit_0_tcl         do.o
    0x080085f4   0x080085f4   0x00000024   Code   RO          500    i.bit_1             do.o
    0x08008618   0x08008618   0x00000024   Code   RO          502    i.bit_1_galanz      do.o
    0x0800863c   0x0800863c   0x00000024   Code   RO          503    i.bit_1_group1_general  do.o
    0x08008660   0x08008660   0x00000024   Code   RO          504    i.bit_1_group2_general  do.o
    0x08008684   0x08008684   0x00000024   Code   RO          505    i.bit_1_lg          do.o
    0x080086a8   0x080086a8   0x00000024   Code   RO          506    i.bit_1_mitsubishi  do.o
    0x080086cc   0x080086cc   0x00000024   Code   RO          507    i.bit_1_nagakawa    do.o
    0x080086f0   0x080086f0   0x00000024   Code   RO          508    i.bit_1_nagakawa_r51m  do.o
    0x08008714   0x08008714   0x00000024   Code   RO          510    i.bit_1_panasonic   do.o
    0x08008738   0x08008738   0x00000024   Code   RO          511    i.bit_1_reetech_ykr  do.o
    0x0800875c   0x0800875c   0x00000024   Code   RO          512    i.bit_1_samsung     do.o
    0x08008780   0x08008780   0x00000024   Code   RO          513    i.bit_1_tcl         do.o
    0x080087a4   0x080087a4   0x000000f4   Code   RO         1215    i.check_air_operation  ctrl_air.o
    0x08008898   0x08008898   0x00000014   Code   RO         1216    i.clear_request_check_air  ctrl_air.o
    0x080088ac   0x080088ac   0x00000022   Code   RO          790    i.config_init       bootloader.o
    0x080088ce   0x080088ce   0x00000002   PAD
    0x080088d0   0x080088d0   0x00000164   Code   RO         1217    i.control_air       ctrl_air.o
    0x08008a34   0x08008a34   0x00000054   Code   RO         1218    i.control_air_carrier  ctrl_air.o
    0x08008a88   0x08008a88   0x00000108   Code   RO         1219    i.control_air_daikin  ctrl_air.o
    0x08008b90   0x08008b90   0x00000054   Code   RO         1220    i.control_air_funiki  ctrl_air.o
    0x08008be4   0x08008be4   0x00000054   Code   RO         1221    i.control_air_galanz  ctrl_air.o
    0x08008c38   0x08008c38   0x0000008c   Code   RO         1222    i.control_air_general  ctrl_air.o
    0x08008cc4   0x08008cc4   0x00000080   Code   RO         1223    i.control_air_gree  ctrl_air.o
    0x08008d44   0x08008d44   0x0000004c   Code   RO         1224    i.control_air_lg    ctrl_air.o
    0x08008d90   0x08008d90   0x0000004c   Code   RO         1225    i.control_air_mitsubishi  ctrl_air.o
    0x08008ddc   0x08008ddc   0x00000058   Code   RO         1226    i.control_air_mitsubishi_heavy_industries  ctrl_air.o
    0x08008e34   0x08008e34   0x0000004c   Code   RO         1227    i.control_air_nagakawa_lc  ctrl_air.o
    0x08008e80   0x08008e80   0x0000005c   Code   RO         1228    i.control_air_nagakawa_lm  ctrl_air.o
    0x08008edc   0x08008edc   0x00000054   Code   RO         1229    i.control_air_nagakawa_r51m  ctrl_air.o
    0x08008f30   0x08008f30   0x00000080   Code   RO         1230    i.control_air_panasonic  ctrl_air.o
    0x08008fb0   0x08008fb0   0x00000054   Code   RO         1231    i.control_air_reetech  ctrl_air.o
    0x08009004   0x08009004   0x00000054   Code   RO         1232    i.control_air_reeteck_ykr  ctrl_air.o
    0x08009058   0x08009058   0x0000007c   Code   RO         1233    i.control_air_samsung  ctrl_air.o
    0x080090d4   0x080090d4   0x00000054   Code   RO         1234    i.control_air_sharp  ctrl_air.o
    0x08009128   0x08009128   0x0000004c   Code   RO         1235    i.control_air_tcl   ctrl_air.o
    0x08009174   0x08009174   0x00000038   Code   RO          514    i.create_pulse      do.o
    0x080091ac   0x080091ac   0x00000024   Code   RO          350    i.debug_send        rs485.o
    0x080091d0   0x080091d0   0x0000000e   Code   RO          899    i.delay_time_flash  s25fl1.o
    0x080091de   0x080091de   0x00000020   Code   RO         1012    i.delay_us          time.o
    0x080091fe   0x080091fe   0x00000002   PAD
    0x08009200   0x08009200   0x0000000c   Code   RO         1236    i.do_getvalue       ctrl_air.o
    0x0800920c   0x0800920c   0x0000000c   Code   RO          793    i.eraser_sector_external_flash  bootloader.o
    0x08009218   0x08009218   0x000000b0   Code   RO         1107    i.filter_temp       temperature.o
    0x080092c8   0x080092c8   0x00000054   Code   RO         5129    i.free              mc_p.l(malloc.o)
    0x0800931c   0x0800931c   0x0000000c   Code   RO         1108    i.get_error         temperature.o
    0x08009328   0x08009328   0x00000024   Code   RO          352    i.get_id485_module  rs485.o
    0x0800934c   0x0800934c   0x0000000c   Code   RO          353    i.get_mode_control_air  rs485.o
    0x08009358   0x08009358   0x0000000c   Code   RO         1237    i.get_request_check_air  ctrl_air.o
    0x08009364   0x08009364   0x0000000c   Code   RO          355    i.get_temp_set_air  rs485.o
    0x08009370   0x08009370   0x0000000c   Code   RO         1109    i.get_temperature   temperature.o
    0x0800937c   0x0800937c   0x0000000c   Code   RO         1013    i.get_time_s        time.o
    0x08009388   0x08009388   0x00000080   Code   RO         1598    i.get_uid_mcu       system_start.o
    0x08009408   0x08009408   0x000001b0   Code   RO            8    i.main              main.o
    0x080095b8   0x080095b8   0x0000006c   Code   RO         5130    i.malloc            mc_p.l(malloc.o)
    0x08009624   0x08009624   0x000000a8   Code   RO         1014    i.process_timeover  time.o
    0x080096cc   0x080096cc   0x00000084   Code   RO         1110    i.pulse_reset       temperature.o
    0x08009750   0x08009750   0x00000030   Code   RO         1238    i.re_ctrl_air       ctrl_air.o
    0x08009780   0x08009780   0x0000004c   Code   RO         1111    i.read_bit          temperature.o
    0x080097cc   0x080097cc   0x00000020   Code   RO         1112    i.read_byte         temperature.o
    0x080097ec   0x080097ec   0x0000008c   Code   RO         1599    i.read_uid_module   system_start.o
    0x08009878   0x08009878   0x0000001c   Code   RO          797    i.request_update_firmware  bootloader.o
    0x08009894   0x08009894   0x00000090   Code   RO         1239    i.restart_condition_daikin  ctrl_air.o
    0x08009924   0x08009924   0x00000020   Code   RO         1240    i.restart_condition_gree  ctrl_air.o
    0x08009944   0x08009944   0x00000034   Code   RO         1241    i.restart_condition_samsung  ctrl_air.o
    0x08009978   0x08009978   0x0000000e   Code   RO          295    i.ringbuf_elements  ringbuf.o
    0x08009986   0x08009986   0x0000002a   Code   RO          296    i.ringbuf_get       ringbuf.o
    0x080099b0   0x080099b0   0x0000000e   Code   RO          297    i.ringbuf_init      ringbuf.o
    0x080099be   0x080099be   0x00000028   Code   RO          298    i.ringbuf_put       ringbuf.o
    0x080099e6   0x080099e6   0x0000000c   Code   RO          356    i.rs485_reinit      rs485.o
    0x080099f2   0x080099f2   0x00000002   PAD
    0x080099f4   0x080099f4   0x00000210   Code   RO          798    i.save_firmware_external_flash  bootloader.o
    0x08009c04   0x08009c04   0x0000002a   Code   RO         1113    i.send_byte         temperature.o
    0x08009c2e   0x08009c2e   0x0000002a   Code   RO          515    i.sendbyte_data     do.o
    0x08009c58   0x08009c58   0x0000002a   Code   RO          517    i.sendbyte_data_galanz  do.o
    0x08009c82   0x08009c82   0x00000040   Code   RO          518    i.sendbyte_data_general  do.o
    0x08009cc2   0x08009cc2   0x0000002a   Code   RO          519    i.sendbyte_data_lg  do.o
    0x08009cec   0x08009cec   0x0000002a   Code   RO          520    i.sendbyte_data_mitsubishi  do.o
    0x08009d16   0x08009d16   0x0000002a   Code   RO          521    i.sendbyte_data_nagakawa  do.o
    0x08009d40   0x08009d40   0x0000002a   Code   RO          522    i.sendbyte_data_nagakawa_r51m  do.o
    0x08009d6a   0x08009d6a   0x0000002a   Code   RO          524    i.sendbyte_data_panasonic  do.o
    0x08009d94   0x08009d94   0x0000002a   Code   RO          525    i.sendbyte_data_reetech_ykr  do.o
    0x08009dbe   0x08009dbe   0x0000002a   Code   RO          526    i.sendbyte_data_samsung  do.o
    0x08009de8   0x08009de8   0x0000002a   Code   RO          527    i.sendbyte_data_tcl  do.o
    0x08009e12   0x08009e12   0x00000002   PAD
    0x08009e14   0x08009e14   0x00000134   Code   RO         1114    i.sensor_get_data   temperature.o
    0x08009f48   0x08009f48   0x00000044   Code   RO         1115    i.sensor_pin_input  temperature.o
    0x08009f8c   0x08009f8c   0x00000044   Code   RO         1116    i.sensor_pin_output  temperature.o
    0x08009fd0   0x08009fd0   0x0000004c   Code   RO         1117    i.sensor_temp_init  temperature.o
    0x0800a01c   0x0800a01c   0x000000cc   Code   RO         1242    i.set_mode          ctrl_air.o
    0x0800a0e8   0x0800a0e8   0x00000018   Code   RO         1243    i.set_request_check_air  ctrl_air.o
    0x0800a100   0x0800a100   0x000002c4   Code   RO         1244    i.set_temp          ctrl_air.o
    0x0800a3c4   0x0800a3c4   0x0000002c   Code   RO         1118    i.ss_send_bit0      temperature.o
    0x0800a3f0   0x0800a3f0   0x0000002c   Code   RO         1119    i.ss_send_bit1      temperature.o
    0x0800a41c   0x0800a41c   0x00000024   Code   RO         1245    i.start_condition_carrier  ctrl_air.o
    0x0800a440   0x0800a440   0x0000009c   Code   RO         1246    i.start_condition_daikin  ctrl_air.o
    0x0800a4dc   0x0800a4dc   0x00000030   Code   RO         1247    i.start_condition_funiki  ctrl_air.o
    0x0800a50c   0x0800a50c   0x00000024   Code   RO         1248    i.start_condition_galanz  ctrl_air.o
    0x0800a530   0x0800a530   0x00000030   Code   RO         1249    i.start_condition_general  ctrl_air.o
    0x0800a560   0x0800a560   0x00000024   Code   RO         1250    i.start_condition_lg  ctrl_air.o
    0x0800a584   0x0800a584   0x0000002c   Code   RO         1251    i.start_condition_mitsubishi  ctrl_air.o
    0x0800a5b0   0x0800a5b0   0x00000024   Code   RO         1252    i.start_condition_nagakawa  ctrl_air.o
    0x0800a5d4   0x0800a5d4   0x00000008   Code   RO         1253    i.start_condition_nagakawa_r51m  ctrl_air.o
    0x0800a5dc   0x0800a5dc   0x00000024   Code   RO         1254    i.start_condition_panasonic  ctrl_air.o
    0x0800a600   0x0800a600   0x00000030   Code   RO         1255    i.start_condition_reetech  ctrl_air.o
    0x0800a630   0x0800a630   0x00000028   Code   RO         1256    i.start_condition_reeteck_ykr  ctrl_air.o
    0x0800a658   0x0800a658   0x00000034   Code   RO         1257    i.start_condition_samsung  ctrl_air.o
    0x0800a68c   0x0800a68c   0x00000030   Code   RO         1258    i.start_condition_sharp  ctrl_air.o
    0x0800a6bc   0x0800a6bc   0x00000024   Code   RO         1259    i.start_condition_tcl  ctrl_air.o
    0x0800a6e0   0x0800a6e0   0x00000024   Code   RO         1260    i.stop_condition_carrier  ctrl_air.o
    0x0800a704   0x0800a704   0x0000004c   Code   RO         1261    i.stop_condition_daikin  ctrl_air.o
    0x0800a750   0x0800a750   0x00000040   Code   RO         1262    i.stop_condition_funiki  ctrl_air.o
    0x0800a790   0x0800a790   0x00000014   Code   RO         1263    i.stop_condition_galanz  ctrl_air.o
    0x0800a7a4   0x0800a7a4   0x00000024   Code   RO         1264    i.stop_condition_general  ctrl_air.o
    0x0800a7c8   0x0800a7c8   0x00000024   Code   RO         1265    i.stop_condition_lg  ctrl_air.o
    0x0800a7ec   0x0800a7ec   0x00000024   Code   RO         1266    i.stop_condition_mitsubishi  ctrl_air.o
    0x0800a810   0x0800a810   0x00000024   Code   RO         1267    i.stop_condition_nagakawa  ctrl_air.o
    0x0800a834   0x0800a834   0x00000024   Code   RO         1268    i.stop_condition_nagakawa_r51m  ctrl_air.o
    0x0800a858   0x0800a858   0x00000024   Code   RO         1269    i.stop_condition_panasonic  ctrl_air.o
    0x0800a87c   0x0800a87c   0x00000024   Code   RO         1270    i.stop_condition_reetech  ctrl_air.o
    0x0800a8a0   0x0800a8a0   0x00000024   Code   RO         1271    i.stop_condition_reeteck_ykr  ctrl_air.o
    0x0800a8c4   0x0800a8c4   0x00000024   Code   RO         1272    i.stop_condition_samsung  ctrl_air.o
    0x0800a8e8   0x0800a8e8   0x0000004c   Code   RO         1273    i.stop_condition_sharp  ctrl_air.o
    0x0800a934   0x0800a934   0x00000024   Code   RO         1274    i.stop_condition_tcl  ctrl_air.o
    0x0800a958   0x0800a958   0x000000dc   Code   RO         1120    i.tempearture_read  temperature.o
    0x0800aa34   0x0800aa34   0x000001f0   Code   RO         1601    i.test_flash        system_start.o
    0x0800ac24   0x0800ac24   0x00000078   Code   RO         1602    i.test_sensor       system_start.o
    0x0800ac9c   0x0800ac9c   0x000000bc   Code   RO         1603    i.test_system       system_start.o
    0x0800ad58   0x0800ad58   0x00000070   Code   RO         1015    i.timer16_init      time.o
    0x0800adc8   0x0800adc8   0x00000064   Code   RO          357    i.uart_debug_init   rs485.o
    0x0800ae2c   0x0800ae2c   0x0000003e   Code   RO          800    i.update_size       bootloader.o
    0x0800ae6a   0x0800ae6a   0x00000002   PAD
    0x0800ae6c   0x0800ae6c   0x00000028   Code   RO         1121    i.wait_state        temperature.o
    0x0800ae94   0x0800ae94   0x00000050   Code   RO          528    i.watchdog_ex_initialize  do.o
    0x0800aee4   0x0800aee4   0x00000100   Data   RO          767    .constdata          crc.o
    0x0800afe4   0x0800afe4   0x0000082e   Data   RO         1276    .constdata          ctrl_air.o
    0x0800b812   0x0800b812   0x00000018   Data   RO         4817    .constdata          system_stm32f0xx.o
    0x0800b82a   0x0800b82a   0x00000002   PAD
    0x0800b82c   0x0800b82c   0x00000020   Data   RO         5211    Region$$Table       anon$$obj.o


    Execution Region RW_IRAM1 (Exec base: 0x200000c0, Load base: 0x0800b84c, Size: 0x00000ad0, Max: 0x00002000, ABSOLUTE)

    Exec Addr    Load Addr    Size         Type   Attr      Idx    E Section Name        Object

    0x200000c0   0x0800b84c   0x0000000d   Data   RW           11    .data               main.o
    0x200000cd   0x0800b859   0x00000001   PAD
    0x200000ce   0x0800b85a   0x0000000f   Data   RW          359    .data               rs485.o
    0x200000dd   0x0800b869   0x0000000d   Data   RW          900    .data               s25fl1.o
    0x200000ea   0x0800b876   0x00000002   PAD
    0x200000ec   0x0800b878   0x00000015   Data   RW         1021    .data               time.o
    0x20000101   0x0800b88d   0x00000003   PAD
    0x20000104   0x0800b890   0x00000006   Data   RW         1123    .data               temperature.o
    0x2000010a   0x0800b896   0x00000002   PAD
    0x2000010c   0x0800b898   0x00000012   Data   RW         1277    .data               ctrl_air.o
    0x2000011e   0x0800b8aa   0x00000041   Data   RW         1606    .data               system_start.o
    0x2000015f   0x0800b8eb   0x00000001   PAD
    0x20000160   0x0800b8ec   0x00000006   Data   RW         1678    .data               stm32f0xx_hal.o
    0x20000166   0x0800b8f2   0x00000002   PAD
    0x20000168   0x0800b8f4   0x00000004   Data   RW         4818    .data               system_stm32f0xx.o
    0x2000016c   0x0800b8f8   0x00000004   Data   RW         5188    .data               mc_p.l(mvars.o)
    0x20000170   0x0800b8fc   0x00000004   Data   RW         5189    .data               mc_p.l(mvars.o)
    0x20000174        -       0x00000014   Zero   RW           10    .bss                main.o
    0x20000188        -       0x00000290   Zero   RW          358    .bss                rs485.o
    0x20000418        -       0x00000078   Zero   RW          975    .bss                spi.o
    0x20000490        -       0x00000080   Zero   RW         1020    .bss                time.o
    0x20000510        -       0x0000000a   Zero   RW         1122    .bss                temperature.o
    0x2000051a        -       0x00000035   Zero   RW         1275    .bss                ctrl_air.o
    0x2000054f   0x0800b900   0x00000001   PAD
    0x20000550        -       0x0000003e   Zero   RW         1605    .bss                system_start.o
    0x2000058e   0x0800b900   0x00000002   PAD
    0x20000590        -       0x00000200   Zero   RW         4847    HEAP                startup_stm32f030x8.o
    0x20000790        -       0x00000400   Zero   RW         4846    STACK               startup_stm32f030x8.o



  Load Region LR$$.ARM.__AT_0x20000000 (Base: 0x20000000, Size: 0x00000000, Max: 0x000000c0, ABSOLUTE)

    Execution Region ER$$.ARM.__AT_0x20000000 (Exec base: 0x20000000, Load base: 0x20000000, Size: 0x000000c0, Max: 0x000000c0, ABSOLUTE, UNINIT)

    Exec Addr    Load Addr    Size         Type   Attr      Idx    E Section Name        Object

    0x20000000        -       0x000000c0   Zero   RW            9    .ARM.__AT_0x20000000  main.o


==============================================================================

Image component sizes


      Code (inc. data)   RO Data    RW Data    ZI Data      Debug   Object Name

       664        214          0          0          0       3296   bootloader.o
        32          4        256          0          0       1031   crc.o
      5052        710       2094         18         53      30902   ctrl_air.o
      1632        190          0          0          0      16777   do.o
       568         98          0         13        212     269851   main.o
       110          0          0          0          0       2150   ringbuf.o
      3058        592          0         15        656      10840   rs485.o
      1350         80          0         13          0       7251   s25fl1.o
       336         24          0          0        120       2316   spi.o
        28          8        180          0       1536        608   startup_stm32f030x8.o
       172         26          0          6          0       3405   stm32f0xx_hal.o
       242         32          0          0          0       9355   stm32f0xx_hal_cortex.o
       802         46          0          0          0       4026   stm32f0xx_hal_gpio.o
       474         26          0          0          0       2967   stm32f0xx_hal_iwdg.o
       412         18          0          0          0       1636   stm32f0xx_hal_msp.o
         2          0          0          0          0        450   stm32f0xx_hal_msp_template.o
      2004        100          0          0          0       4669   stm32f0xx_hal_rcc.o
      2874         40          0          0          0       8488   stm32f0xx_hal_spi.o
       700         24          0          0          0       5498   stm32f0xx_hal_tim.o
         4          0          0          0          0       1386   stm32f0xx_hal_tim_ex.o
      2234         36          0          0          0       9548   stm32f0xx_hal_uart.o
        36          6          0          0          0       2669   stm32f0xx_it.o
      1072        308          0         65         62       4255   system_start.o
       116         12         24          4          0       1107   system_stm32f0xx.o
      1350         82          0          6         10       8983   temperature.o
       520        108          0         21        128       5079   time.o

    ----------------------------------------------------------------------
     25880       2784       2588        172       2780     418543   Object Totals
         0          0         32          0          0          0   (incl. Generated)
        36          0          2         11          3          0   (incl. Padding)

    ----------------------------------------------------------------------

      Code (inc. data)   RO Data    RW Data    ZI Data      Debug   Library Member Name

         0          0          0          0          0          0   entry.o
         0          0          0          0          0          0   entry10a.o
         0          0          0          0          0          0   entry11a.o
         4          0          0          0          0          0   entry12b.o
         8          4          0          0          0          0   entry2.o
         4          0          0          0          0          0   entry5.o
         0          0          0          0          0          0   entry7b.o
         0          0          0          0          0          0   entry8b.o
         8          4          0          0          0          0   entry9a.o
        30          0          0          0          0          0   handlers.o
        36          8          0          0          0         68   init.o
         0          0          0          0          0          0   iusefp.o
        32          0          0          0          0         68   llshl.o
        34          0          0          0          0         68   llushr.o
       192         20          0          0          0        144   malloc.o
        36          0          0          0          0         60   memcpya.o
        36          0          0          0          0        100   memseta.o
         0          0          0          8          0          0   mvars.o
       898          8          0          0          0        384   printf6.o
        14          0          0          0          0         60   strlen.o
        44          0          0          0          0         72   uidiv.o
       240          6          0          0          0         84   ddiv.o
       236          0          0          0          0        216   depilogue.o
        72         10          0          0          0         72   dfixi.o
       208          6          0          0          0         88   dmul.o
        40          0          0          0          0         60   f2d.o
       130          0          0          0          0        144   fepilogue.o
        22          0          0          0          0         68   fflti.o

    ----------------------------------------------------------------------
      2328         66          0          8          0       1756   Library Totals
         4          0          0          0          0          0   (incl. Padding)

    ----------------------------------------------------------------------

      Code (inc. data)   RO Data    RW Data    ZI Data      Debug   Library Name

      1376         44          0          8          0       1024   mc_p.l
       948         22          0          0          0        732   mf_p.l

    ----------------------------------------------------------------------
      2328         66          0          8          0       1756   Library Totals

    ----------------------------------------------------------------------

==============================================================================


      Code (inc. data)   RO Data    RW Data    ZI Data      Debug   

     28208       2850       2588        180       2780     409275   Grand Totals
     28208       2850       2588        180       2780     409275   ELF Image Totals
     28208       2850       2588        180          0          0   ROM Totals

==============================================================================

    Total RO  Size (Code + RO Data)                30796 (  30.07kB)
    Total RW  Size (RW Data + ZI Data)              2960 (   2.89kB)
    Total ROM Size (Code + RO Data + RW Data)      30976 (  30.25kB)

==============================================================================

