Component: ARM Compiler 5.06 update 7 (build 960) Tool: armlink [4d3601]

==============================================================================

Section Cross References

    main.o(i.SystemClock_Config) refers to stm32f0xx_hal_rcc.o(i.HAL_RCC_OscConfig) for HAL_RCC_OscConfig
    main.o(i.SystemClock_Config) refers to stm32f0xx_hal_rcc.o(i.HAL_RCC_ClockConfig) for HAL_RCC_ClockConfig
    main.o(i.SystemClock_Config) refers to main.o(.data) for type_clock_source
    main.o(i.get_type_clock) refers to main.o(.data) for type_clock_source
    main.o(i.main) refers to stm32f0xx_hal.o(i.HAL_Init) for HAL_Init
    main.o(i.main) refers to main.o(i.SystemClock_Config) for SystemClock_Config
    main.o(i.main) refers to rs485.o(i.uart_debug_init) for uart_debug_init
    main.o(i.main) refers to rs485.o(i.debug_listen) for debug_listen
    main.o(i.main) refers to do.o(i.watchdog_ex_initialize) for watchdog_ex_initialize
    main.o(i.main) refers to time.o(i.timer16_init) for timer16_init
    main.o(i.main) refers to do.o(i.air_init) for air_init
    main.o(i.main) refers to do.o(i.ID_module_air) for ID_module_air
    main.o(i.main) refers to bootloader.o(i.config_init) for config_init
    main.o(i.main) refers to temperature.o(i.sensor_temp_init) for sensor_temp_init
    main.o(i.main) refers to rs485.o(i.rs485_init) for rs485_init
    main.o(i.main) refers to rs485.o(i.rs485_listen) for rs485_listen
    main.o(i.main) refers to system_start.o(i.test_system) for test_system
    main.o(i.main) refers to stm32f0xx_hal.o(i.HAL_GetTick) for HAL_GetTick
    main.o(i.main) refers to rs485.o(i.RS485_InMessageHandler) for RS485_InMessageHandler
    main.o(i.main) refers to do.o(i.test_ir) for test_ir
    main.o(i.main) refers to temperature.o(i.tempearture_read) for tempearture_read
    main.o(i.main) refers to rs485.o(i.package_and_send_message) for package_and_send_message
    main.o(i.main) refers to main.o(.data) for the_last_time
    main.o(i.main) refers to stm32f0xx_it.o(.data) for rs485_have_data_flag
    main.o(i.main) refers to rs485.o(.data) for getBufferLen
    main.o(i.main) refers to rs485.o(.bss) for RS485RxBuf
    stm32f0xx_hal_msp.o(i.HAL_UART_MspDeInit) refers to stm32f0xx_hal_gpio.o(i.HAL_GPIO_DeInit) for HAL_GPIO_DeInit
    stm32f0xx_hal_msp.o(i.HAL_UART_MspDeInit) refers to stm32f0xx_hal_cortex.o(i.HAL_NVIC_DisableIRQ) for HAL_NVIC_DisableIRQ
    stm32f0xx_hal_msp.o(i.HAL_UART_MspInit) refers to stm32f0xx_hal_gpio.o(i.HAL_GPIO_Init) for HAL_GPIO_Init
    stm32f0xx_hal_msp.o(i.HAL_UART_MspInit) refers to stm32f0xx_hal_cortex.o(i.HAL_NVIC_SetPriority) for HAL_NVIC_SetPriority
    stm32f0xx_hal_msp.o(i.HAL_UART_MspInit) refers to stm32f0xx_hal_cortex.o(i.HAL_NVIC_EnableIRQ) for HAL_NVIC_EnableIRQ
    stm32f0xx_it.o(i.EXTI4_15_IRQHandler) refers to stm32f0xx_hal_gpio.o(i.HAL_GPIO_EXTI_IRQHandler) for HAL_GPIO_EXTI_IRQHandler
    stm32f0xx_it.o(i.SysTick_Handler) refers to stm32f0xx_hal.o(i.HAL_IncTick) for HAL_IncTick
    stm32f0xx_it.o(i.SysTick_Handler) refers to rs485.o(.data) for timeout_rs485
    stm32f0xx_it.o(i.SysTick_Handler) refers to stm32f0xx_it.o(.data) for rs485_have_data_flag
    stm32f0xx_it.o(i.USART1_IRQHandler) refers to stm32f0xx_hal_uart.o(i.HAL_UART_IRQHandler) for HAL_UART_IRQHandler
    stm32f0xx_it.o(i.USART1_IRQHandler) refers to rs485.o(.bss) for UartDebug
    stm32f0xx_it.o(i.USART2_IRQHandler) refers to stm32f0xx_hal_uart.o(i.HAL_UART_IRQHandler) for HAL_UART_IRQHandler
    stm32f0xx_it.o(i.USART2_IRQHandler) refers to rs485.o(.bss) for UartHandle
    rs485.o(i.HAL_UART_ErrorCallback) refers to rs485.o(i.uart_debug_init) for uart_debug_init
    rs485.o(i.HAL_UART_ErrorCallback) refers to rs485.o(i.rs485_init) for rs485_init
    rs485.o(i.HAL_UART_ErrorCallback) refers to rs485.o(i.rs485_listen) for rs485_listen
    rs485.o(i.HAL_UART_RxCpltCallback) refers to rs485.o(i.rs485_listen) for rs485_listen
    rs485.o(i.HAL_UART_RxCpltCallback) refers to rs485.o(i.debug_listen) for debug_listen
    rs485.o(i.HAL_UART_RxCpltCallback) refers to rs485.o(.data) for byte_receiver
    rs485.o(i.HAL_UART_RxCpltCallback) refers to rs485.o(.bss) for RS485RxBuf
    rs485.o(i.RS485_InMessageHandler) refers to memseta.o(.text) for __aeabi_memclr
    rs485.o(i.RS485_InMessageHandler) refers to memcpya.o(.text) for __aeabi_memcpy
    rs485.o(i.RS485_InMessageHandler) refers to strncmp.o(.text) for strncmp
    rs485.o(i.RS485_InMessageHandler) refers to printf6.o(i.__0sprintf$6) for __2sprintf
    rs485.o(i.RS485_InMessageHandler) refers to strlen.o(.text) for strlen
    rs485.o(i.RS485_InMessageHandler) refers to rs485.o(i.RS485_Respone) for RS485_Respone
    rs485.o(i.RS485_InMessageHandler) refers to stm32f0xx_hal.o(i.HAL_Delay) for HAL_Delay
    rs485.o(i.RS485_InMessageHandler) refers to system_start.o(i.write_uid_module) for write_uid_module
    rs485.o(i.RS485_InMessageHandler) refers to time.o(i.timer16_stop) for timer16_stop
[...]
    Drivers\STM32F0xx_HAL_Driver\Src\stm32f0xx_hal_rcc.c 0x00000000   Number         0  stm32f0xx_hal_rcc.o ABSOLUTE
    Drivers\STM32F0xx_HAL_Driver\Src\stm32f0xx_hal_rcc_ex.c 0x00000000   Number         0  stm32f0xx_hal_rcc_ex.o ABSOLUTE
    Drivers\STM32F0xx_HAL_Driver\Src\stm32f0xx_hal_rtc.c 0x00000000   Number         0  stm32f0xx_hal_rtc.o ABSOLUTE
    Drivers\STM32F0xx_HAL_Driver\Src\stm32f0xx_hal_rtc_ex.c 0x00000000   Number         0  stm32f0xx_hal_rtc_ex.o ABSOLUTE
    Drivers\STM32F0xx_HAL_Driver\Src\stm32f0xx_hal_smartcard.c 0x00000000   Number         0  stm32f0xx_hal_smartcard.o ABSOLUTE
    Drivers\STM32F0xx_HAL_Driver\Src\stm32f0xx_hal_smartcard_ex.c 0x00000000   Number         0  stm32f0xx_hal_smartcard_ex.o ABSOLUTE
    Drivers\STM32F0xx_HAL_Driver\Src\stm32f0xx_hal_smbus.c 0x00000000   Number         0  stm32f0xx_hal_smbus.o ABSOLUTE
    Drivers\STM32F0xx_HAL_Driver\Src\stm32f0xx_hal_spi.c 0x00000000   Number         0  stm32f0xx_hal_spi.o ABSOLUTE
    Drivers\STM32F0xx_HAL_Driver\Src\stm32f0xx_hal_spi_ex.c 0x00000000   Number         0  stm32f0xx_hal_spi_ex.o ABSOLUTE
    Drivers\STM32F0xx_HAL_Driver\Src\stm32f0xx_hal_tim.c 0x00000000   Number         0  stm32f0xx_hal_tim.o ABSOLUTE
    Drivers\STM32F0xx_HAL_Driver\Src\stm32f0xx_hal_tim_ex.c 0x00000000   Number         0  stm32f0xx_hal_tim_ex.o ABSOLUTE
    Drivers\STM32F0xx_HAL_Driver\Src\stm32f0xx_hal_tsc.c 0x00000000   Number         0  stm32f0xx_hal_tsc.o ABSOLUTE
    Drivers\STM32F0xx_HAL_Driver\Src\stm32f0xx_hal_uart.c 0x00000000   Number         0  stm32f0xx_hal_uart.o ABSOLUTE
    Drivers\STM32F0xx_HAL_Driver\Src\stm32f0xx_hal_uart_ex.c 0x00000000   Number         0  stm32f0xx_hal_uart_ex.o ABSOLUTE
    Drivers\STM32F0xx_HAL_Driver\Src\stm32f0xx_hal_usart.c 0x00000000   Number         0  stm32f0xx_hal_usart.o ABSOLUTE
    Drivers\STM32F0xx_HAL_Driver\Src\stm32f0xx_hal_wwdg.c 0x00000000   Number         0  stm32f0xx_hal_wwdg.o ABSOLUTE
    Drivers\STM32F0xx_HAL_Driver\Src\stm32f0xx_ll_adc.c 0x00000000   Number         0  stm32f0xx_ll_adc.o ABSOLUTE
    Drivers\STM32F0xx_HAL_Driver\Src\stm32f0xx_ll_comp.c 0x00000000   Number         0  stm32f0xx_ll_comp.o ABSOLUTE
    Drivers\STM32F0xx_HAL_Driver\Src\stm32f0xx_ll_crc.c 0x00000000   Number         0  stm32f0xx_ll_crc.o ABSOLUTE
    Drivers\STM32F0xx_HAL_Driver\Src\stm32f0xx_ll_crs.c 0x00000000   Number         0  stm32f0xx_ll_crs.o ABSOLUTE
    Drivers\STM32F0xx_HAL_Driver\Src\stm32f0xx_ll_dac.c 0x00000000   Number         0  stm32f0xx_ll_dac.o ABSOLUTE
    Drivers\STM32F0xx_HAL_Driver\Src\stm32f0xx_ll_dma.c 0x00000000   Number         0  stm32f0xx_ll_dma.o ABSOLUTE
    Drivers\STM32F0xx_HAL_Driver\Src\stm32f0xx_ll_exti.c 0x00000000   Number         0  stm32f0xx_ll_exti.o ABSOLUTE
    Drivers\STM32F0xx_HAL_Driver\Src\stm32f0xx_ll_gpio.c 0x00000000   Number         0  stm32f0xx_ll_gpio.o ABSOLUTE
    Drivers\STM32F0xx_HAL_Driver\Src\stm32f0xx_ll_i2c.c 0x00000000   Number         0  stm32f0xx_ll_i2c.o ABSOLUTE
    Drivers\STM32F0xx_HAL_Driver\Src\stm32f0xx_ll_pwr.c 0x00000000   Number         0  stm32f0xx_ll_pwr.o ABSOLUTE
    Drivers\STM32F0xx_HAL_Driver\Src\stm32f0xx_ll_rcc.c 0x00000000   Number         0  stm32f0xx_ll_rcc.o ABSOLUTE
    Drivers\STM32F0xx_HAL_Driver\Src\stm32f0xx_ll_rtc.c 0x00000000   Number         0  stm32f0xx_ll_rtc.o ABSOLUTE
    Drivers\STM32F0xx_HAL_Driver\Src\stm32f0xx_ll_spi.c 0x00000000   Number         0  stm32f0xx_ll_spi.o ABSOLUTE
    Drivers\STM32F0xx_HAL_Driver\Src\stm32f0xx_ll_tim.c 0x00000000   Number         0  stm32f0xx_ll_tim.o ABSOLUTE
    Drivers\STM32F0xx_HAL_Driver\Src\stm32f0xx_ll_usart.c 0x00000000   Number         0  stm32f0xx_ll_usart.o ABSOLUTE
    Drivers\STM32F0xx_HAL_Driver\Src\stm32f0xx_ll_utils.c 0x00000000   Number         0  stm32f0xx_ll_utils.o ABSOLUTE
    Drivers\\STM32F0xx_HAL_Driver\\Src\\stm32f0xx_hal.c 0x00000000   Number         0  stm32f0xx_hal.o ABSOLUTE
    Drivers\\STM32F0xx_HAL_Driver\\Src\\stm32f0xx_hal_adc.c 0x00000000   Number         0  stm32f0xx_hal_adc.o ABSOLUTE
    Drivers\\STM32F0xx_HAL_Driver\\Src\\stm32f0xx_hal_adc_ex.c 0x00000000   Number         0  stm32f0xx_hal_adc_ex.o ABSOLUTE
    Drivers\\STM32F0xx_HAL_Driver\\Src\\stm32f0xx_hal_cec.c 0x00000000   Number         0  stm32f0xx_hal_cec.o ABSOLUTE
    Drivers\\STM32F0xx_HAL_Driver\\Src\\stm32f0xx_hal_comp.c 0x00000000   Number         0  stm32f0xx_hal_comp.o ABSOLUTE
    Drivers\\STM32F0xx_HAL_Driver\\Src\\stm32f0xx_hal_cortex.c 0x00000000   Number         0  stm32f0xx_hal_cortex.o ABSOLUTE
    Drivers\\STM32F0xx_HAL_Driver\\Src\\stm32f0xx_hal_crc.c 0x00000000   Number         0  stm32f0xx_hal_crc.o ABSOLUTE
    Drivers\\STM32F0xx_HAL_Driver\\Src\\stm32f0xx_hal_crc_ex.c 0x00000000   Number         0  stm32f0xx_hal_crc_ex.o ABSOLUTE
    Drivers\\STM32F0xx_HAL_Driver\\Src\\stm32f0xx_hal_dac.c 0x00000000   Number         0  stm32f0xx_hal_dac.o ABSOLUTE
    Drivers\\STM32F0xx_HAL_Driver\\Src\\stm32f0xx_hal_dac_ex.c 0x00000000   Number         0  stm32f0xx_hal_dac_ex.o ABSOLUTE
    Drivers\\STM32F0xx_HAL_Driver\\Src\\stm32f0xx_hal_dma.c 0x00000000   Number         0  stm32f0xx_hal_dma.o ABSOLUTE
    Drivers\\STM32F0xx_HAL_Driver\\Src\\stm32f0xx_hal_flash.c 0x00000000   Number         0  stm32f0xx_hal_flash.o ABSOLUTE
    Drivers\\STM32F0xx_HAL_Driver\\Src\\stm32f0xx_hal_flash_ex.c 0x00000000   Number         0  stm32f0xx_hal_flash_ex.o ABSOLUTE
    Drivers\\STM32F0xx_HAL_Driver\\Src\\stm32f0xx_hal_gpio.c 0x00000000   Number         0  stm32f0xx_hal_gpio.o ABSOLUTE
    Drivers\\STM32F0xx_HAL_Driver\\Src\\stm32f0xx_hal_i2c.c 0x00000000   Number         0  stm32f0xx_hal_i2c.o ABSOLUTE
    Drivers\\STM32F0xx_HAL_Driver\\Src\\stm32f0xx_hal_i2c_ex.c 0x00000000   Number         0  stm32f0xx_hal_i2c_ex.o ABSOLUTE
    Drivers\\STM32F0xx_HAL_Driver\\Src\\stm32f0xx_hal_i2s.c 0x00000000   Number         0  stm32f0xx_hal_i2s.o ABSOLUTE
    Drivers\\STM32F0xx_HAL_Driver\\Src\\stm32f0xx_hal_irda.c 0x00000000   Number         0  stm32f0xx_hal_irda.o ABSOLUTE
    Drivers\\STM32F0xx_HAL_Driver\\Src\\stm32f0xx_hal_iwdg.c 0x00000000   Number         0  stm32f0xx_hal_iwdg.o ABSOLUTE
    Drivers\\STM32F0xx_HAL_Driver\\Src\\stm32f0xx_hal_msp_template.c 0x00000000   Number         0  stm32f0xx_hal_msp_template.o ABSOLUTE
    Drivers\\STM32F0xx_HAL_Driver\\Src\\stm32f0xx_hal_pcd.c 0x00000000   Number         0  stm32f0xx_hal_pcd.o ABSOLUTE
    Drivers\\STM32F0xx_HAL_Driver\\Src\\stm32f0xx_hal_pcd_ex.c 0x00000000   Number         0  stm32f0xx_hal_pcd_ex.o ABSOLUTE
    Drivers\\STM32F0xx_HAL_Driver\\Src\\stm32f0xx_hal_pwr.c 0x00000000   Number         0  stm32f0xx_hal_pwr.o ABSOLUTE
    Drivers\\STM32F0xx_HAL_Driver\\Src\\stm32f0xx_hal_pwr_ex.c 0x00000000   Number         0  stm32f0xx_hal_pwr_ex.o ABSOLUTE
    Drivers\\STM32F0xx_HAL_Driver\\Src\\stm32f0xx_hal_rcc.c 0x00000000   Number         0  stm32f0xx_hal_rcc.o ABSOLUTE
    Drivers\\STM32F0xx_HAL_Driver\\Src\\stm32f0xx_hal_rcc_ex.c 0x00000000   Number         0  stm32f0xx_hal_rcc_ex.o ABSOLUTE
    Drivers\\STM32F0xx_HAL_Driver\\Src\\stm32f0xx_hal_rtc.c 0x00000000   Number         0  stm32f0xx_hal_rtc.o ABSOLUTE
    Drivers\\STM32F0xx_HAL_Driver\\Src\\stm32f0xx_hal_rtc_ex.c 0x00000000   Number         0  stm32f0xx_hal_rtc_ex.o ABSOLUTE
    Drivers\\STM32F0xx_HAL_Driver\\Src\\stm32f0xx_hal_smartcard.c 0x00000000   Number         0  stm32f0xx_hal_smartcard.o ABSOLUTE
    Drivers\\STM32F0xx_HAL_Driver\\Src\\stm32f0xx_hal_smartcard_ex.c 0x00000000   Number         0  stm32f0xx_hal_smartcard_ex.o ABSOLUTE
    Drivers\\STM32F0xx_HAL_Driver\\Src\\stm32f0xx_hal_smbus.c 0x00000000   Number         0  stm32f0xx_hal_smbus.o ABSOLUTE
    Drivers\\STM32F0xx_HAL_Driver\\Src\\stm32f0xx_hal_spi.c 0x00000000   Number         0  stm32f0xx_hal_spi.o ABSOLUTE
    Drivers\\STM32F0xx_HAL_Driver\\Src\\stm32f0xx_hal_spi_ex.c 0x00000000   Number         0  stm32f0xx_hal_spi_ex.o ABSOLUTE
    Drivers\\STM32F0xx_HAL_Driver\\Src\\stm32f0xx_hal_tim.c 0x00000000   Number         0  stm32f0xx_hal_tim.o ABSOLUTE
    Drivers\\STM32F0xx_HAL_Driver\\Src\\stm32f0xx_hal_tim_ex.c 0x00000000   Number         0  stm32f0xx_hal_tim_ex.o ABSOLUTE
    Drivers\\STM32F0xx_HAL_Driver\\Src\\stm32f0xx_hal_tsc.c 0x00000000   Number         0  stm32f0xx_hal_tsc.o ABSOLUTE
    Drivers\\STM32F0xx_HAL_Driver\\Src\\stm32f0xx_hal_uart.c 0x00000000   Number         0  stm32f0xx_hal_uart.o ABSOLUTE
    Drivers\\STM32F0xx_HAL_Driver\\Src\\stm32f0xx_hal_uart_ex.c 0x00000000   Number         0  stm32f0xx_hal_uart_ex.o ABSOLUTE
    Drivers\\STM32F0xx_HAL_Driver\\Src\\stm32f0xx_hal_usart.c 0x00000000   Number         0  stm32f0xx_hal_usart.o ABSOLUTE
    Drivers\\STM32F0xx_HAL_Driver\\Src\\stm32f0xx_hal_wwdg.c 0x00000000   Number         0  stm32f0xx_hal_wwdg.o ABSOLUTE
    Drivers\\STM32F0xx_HAL_Driver\\Src\\stm32f0xx_ll_utils.c 0x00000000   Number         0  stm32f0xx_ll_utils.o ABSOLUTE
    RTE\Device\STM32F030C8\startup_stm32f030x8.s 0x00000000   Number         0  startup_stm32f030x8.o ABSOLUTE
    RTE\Device\STM32F030C8\system_stm32f0xx.c 0x00000000   Number         0  system_stm32f0xx.o ABSOLUTE
    RTE\\Device\\STM32F030C8\\system_stm32f0xx.c 0x00000000   Number         0  system_stm32f0xx.o ABSOLUTE
    Src\S25FL1.c                             0x00000000   Number         0  s25fl1.o ABSOLUTE
    Src\SPI.c                                0x00000000   Number         0  spi.o ABSOLUTE
    Src\Time.c                               0x00000000   Number         0  time.o ABSOLUTE
    Src\\S25FL1.c                            0x00000000   Number         0  s25fl1.o ABSOLUTE
    Src\\SPI.c                               0x00000000   Number         0  spi.o ABSOLUTE
    Src\\Time.c                              0x00000000   Number         0  time.o ABSOLUTE
    Src\\bootloader.c                        0x00000000   Number         0  bootloader.o ABSOLUTE
    Src\\ctrl_air.c                          0x00000000   Number         0  ctrl_air.o ABSOLUTE
    Src\\do.c                                0x00000000   Number         0  do.o ABSOLUTE
    Src\\main.c                              0x00000000   Number         0  main.o ABSOLUTE
    Src\\rs485.c                             0x00000000   Number         0  rs485.o ABSOLUTE
    Src\\stm32f0xx_hal_msp.c                 0x00000000   Number         0  stm32f0xx_hal_msp.o ABSOLUTE
    Src\\stm32f0xx_it.c                      0x00000000   Number         0  stm32f0xx_it.o ABSOLUTE
    Src\\system_start.c                      0x00000000   Number         0  system_start.o ABSOLUTE
    Src\\temperature.c                       0x00000000   Number         0  temperature.o ABSOLUTE
    Src\bootloader.c                         0x00000000   Number         0  bootloader.o ABSOLUTE
    Src\crc.c                                0x00000000   Number         0  crc.o ABSOLUTE
    Src\ctrl_air.c                           0x00000000   Number         0  ctrl_air.o ABSOLUTE
    Src\do.c                                 0x00000000   Number         0  do.o ABSOLUTE
    Src\main.c                               0x00000000   Number         0  main.o ABSOLUTE
    Src\rs485.c                              0x00000000   Number         0  rs485.o ABSOLUTE
    Src\stm32f0xx_hal_msp.c                  0x00000000   Number         0  stm32f0xx_hal_msp.o ABSOLUTE
    Src\stm32f0xx_it.c                       0x00000000   Number         0  stm32f0xx_it.o ABSOLUTE
    Src\system_start.c                       0x00000000   Number         0  system_start.o ABSOLUTE
    Src\temperature.c                        0x00000000   Number         0  temperature.o ABSOLUTE
    cdrcmple.s                               0x00000000   Number         0  cdrcmple.o ABSOLUTE
    dc.s                                     0x00000000   Number         0  dc.o ABSOLUTE
    handlers.s                               0x00000000   Number         0  handlers.o ABSOLUTE
    init.s                                   0x00000000   Number         0  init.o ABSOLUTE
    RESET                                    0x08000000   Section      180  startup_stm32f030x8.o(RESET)
    .ARM.Collect$$$$00000000                 0x080000b4   Section        0  entry.o(.ARM.Collect$$$$00000000)
    .ARM.Collect$$$$00000001                 0x080000b4   Section        4  entry2.o(.ARM.Collect$$$$00000001)
    .ARM.Collect$$$$00000004                 0x080000b8   Section        4  entry5.o(.ARM.Collect$$$$00000004)
    .ARM.Collect$$$$00000008                 0x080000bc   Section        0  entry7b.o(.ARM.Collect$$$$00000008)
    .ARM.Collect$$$$0000000A                 0x080000bc   Section        0  entry8b.o(.ARM.Collect$$$$0000000A)
    .ARM.Collect$$$$0000000B                 0x080000bc   Section        8  entry9a.o(.ARM.Collect$$$$0000000B)
    .ARM.Collect$$$$0000000E                 0x080000c4   Section        4  entry12b.o(.ARM.Collect$$$$0000000E)
    .ARM.Collect$$$$0000000F                 0x080000c8   Section        0  entry10a.o(.ARM.Collect$$$$0000000F)
    .ARM.Collect$$$$00000011                 0x080000c8   Section        0  entry11a.o(.ARM.Collect$$$$00000011)
    .ARM.Collect$$$$00002712                 0x080000c8   Section        4  entry2.o(.ARM.Collect$$$$00002712)
    __lit__00000000                          0x080000c8   Data           4  entry2.o(.ARM.Collect$$$$00002712)
    .text                                    0x080000cc   Section       28  startup_stm32f030x8.o(.text)
    .text                                    0x080000e8   Section        0  uidiv.o(.text)
    .text                                    0x08000114   Section        0  llushr.o(.text)
    .text                                    0x08000136   Section        0  memcpya.o(.text)
    .text                                    0x0800015a   Section        0  memseta.o(.text)
    .text                                    0x0800017e   Section        0  strlen.o(.text)
    .text                                    0x0800018c   Section        0  strncmp.o(.text)
    .text                                    0x080001ac   Section        0  dmul.o(.text)
    .text                                    0x0800027c   Section        0  ddiv.o(.text)
    .text                                    0x0800036c   Section        0  fflti.o(.text)
    .text                                    0x08000384   Section        0  dfixi.o(.text)
    .text                                    0x080003cc   Section        0  f2d.o(.text)
    .text                                    0x080003f4   Section        0  fepilogue.o(.text)
    .text                                    0x080003f4   Section        0  iusefp.o(.text)
    .text                                    0x08000476   Section        0  depilogue.o(.text)
    .text                                    0x08000534   Section       36  init.o(.text)
    .text                                    0x08000558   Section        0  llshl.o(.text)
    .text                                    0x08000578   Section        0  __dczerorl2.o(.text)
    i.Cal_CRC8                               0x080005d0   Section        0  crc.o(i.Cal_CRC8)
    i.ConvertUINT8ToHEXCHAR                  0x080005f0   Section        0  rs485.o(i.ConvertUINT8ToHEXCHAR)
    i.Delay                                  0x08000620   Section        0  time.o(i.Delay)
    i.EXTI4_15_IRQHandler                    0x08000668   Section        0  stm32f0xx_it.o(i.EXTI4_15_IRQHandler)
    i.HAL_Delay                              0x08000674   Section        0  stm32f0xx_hal.o(i.HAL_Delay)
    i.HAL_GPIO_EXTI_Callback                 0x0800068e   Section        0  stm32f0xx_hal_gpio.o(i.HAL_GPIO_EXTI_Callback)
    i.HAL_GPIO_EXTI_IRQHandler               0x08000690   Section        0  stm32f0xx_hal_gpio.o(i.HAL_GPIO_EXTI_IRQHandler)
    i.HAL_GPIO_Init                          0x080006b0   Section        0  stm32f0xx_hal_gpio.o(i.HAL_GPIO_Init)
    i.HAL_GPIO_ReadPin                       0x080008a0   Section        0  stm32f0xx_hal_gpio.o(i.HAL_GPIO_ReadPin)
    i.HAL_GPIO_TogglePin                     0x080008b2   Section        0  stm32f0xx_hal_gpio.o(i.HAL_GPIO_TogglePin)
    i.HAL_GPIO_WritePin                      0x080008ba   Section        0  stm32f0xx_hal_gpio.o(i.HAL_GPIO_WritePin)
    i.HAL_GetTick                            0x080008c8   Section        0  stm32f0xx_hal.o(i.HAL_GetTick)
    i.HAL_IncTick                            0x080008d4   Section        0  stm32f0xx_hal.o(i.HAL_IncTick)
    i.HAL_Init                               0x080008e4   Section        0  stm32f0xx_hal.o(i.HAL_Init)
    i.HAL_InitTick                           0x08000904   Section        0  stm32f0xx_hal.o(i.HAL_InitTick)
    i.HAL_MspInit                            0x0800092a   Section        0  stm32f0xx_hal_msp_template.o(i.HAL_MspInit)
    i.HAL_NVIC_EnableIRQ                     0x0800092c   Section        0  stm32f0xx_hal_cortex.o(i.HAL_NVIC_EnableIRQ)
    i.HAL_NVIC_SetPriority                   0x08000944   Section        0  stm32f0xx_hal_cortex.o(i.HAL_NVIC_SetPriority)
    i.HAL_RCC_ClockConfig                    0x08000958   Section        0  stm32f0xx_hal_rcc.o(i.HAL_RCC_ClockConfig)
    i.HAL_RCC_GetHCLKFreq                    0x08000aec   Section        0  stm32f0xx_hal_rcc.o(i.HAL_RCC_GetHCLKFreq)
    i.HAL_RCC_GetPCLK1Freq                   0x08000af8   Section        0  stm32f0xx_hal_rcc.o(i.HAL_RCC_GetPCLK1Freq)
    i.HAL_RCC_GetSysClockFreq                0x08000b1c   Section        0  stm32f0xx_hal_rcc.o(i.HAL_RCC_GetSysClockFreq)
    i.HAL_RCC_OscConfig                      0x08000be0   Section        0  stm32f0xx_hal_rcc.o(i.HAL_RCC_OscConfig)
    i.HAL_SPI_Init                           0x0800112c   Section        0  stm32f0xx_hal_spi.o(i.HAL_SPI_Init)
    i.HAL_SPI_MspInit                        0x0800121c   Section        0  stm32f0xx_hal_spi.o(i.HAL_SPI_MspInit)
    i.HAL_SPI_Receive                        0x08001220   Section        0  stm32f0xx_hal_spi.o(i.HAL_SPI_Receive)
    i.HAL_SPI_Transmit                       0x080014e0   Section        0  stm32f0xx_hal_spi.o(i.HAL_SPI_Transmit)
    i.HAL_SPI_TransmitReceive                0x080016ac   Section        0  stm32f0xx_hal_spi.o(i.HAL_SPI_TransmitReceive)
    i.HAL_SYSTICK_Config                     0x08001a30   Section        0  stm32f0xx_hal_cortex.o(i.HAL_SYSTICK_Config)
    i.HAL_TIMEx_BreakCallback                0x08001a68   Section        0  stm32f0xx_hal_tim_ex.o(i.HAL_TIMEx_BreakCallback)
    i.HAL_TIMEx_CommutationCallback          0x08001a6a   Section        0  stm32f0xx_hal_tim_ex.o(i.HAL_TIMEx_CommutationCallback)
    i.HAL_TIM_Base_Init                      0x08001a6c   Section        0  stm32f0xx_hal_tim.o(i.HAL_TIM_Base_Init)
    i.HAL_TIM_Base_MspInit                   0x08001aa4   Section        0  stm32f0xx_hal_tim.o(i.HAL_TIM_Base_MspInit)
    i.HAL_TIM_Base_Start_IT                  0x08001aa6   Section        0  stm32f0xx_hal_tim.o(i.HAL_TIM_Base_Start_IT)
    i.HAL_TIM_Base_Stop_IT                   0x08001ac4   Section        0  stm32f0xx_hal_tim.o(i.HAL_TIM_Base_Stop_IT)
    i.HAL_TIM_IC_CaptureCallback             0x08001b04   Section        0  stm32f0xx_hal_tim.o(i.HAL_TIM_IC_CaptureCallback)
    i.HAL_TIM_IRQHandler                     0x08001b06   Section        0  stm32f0xx_hal_tim.o(i.HAL_TIM_IRQHandler)
    i.HAL_TIM_OC_DelayElapsedCallback        0x08001cce   Section        0  stm32f0xx_hal_tim.o(i.HAL_TIM_OC_DelayElapsedCallback)
    i.HAL_TIM_PWM_PulseFinishedCallback      0x08001cd0   Section        0  stm32f0xx_hal_tim.o(i.HAL_TIM_PWM_PulseFinishedCallback)
    i.HAL_TIM_PeriodElapsedCallback          0x08001cd4   Section        0  time.o(i.HAL_TIM_PeriodElapsedCallback)
    i.HAL_TIM_TriggerCallback                0x08001d1c   Section        0  stm32f0xx_hal_tim.o(i.HAL_TIM_TriggerCallback)
    i.HAL_Timer_get                          0x08001d20   Section        0  time.o(i.HAL_Timer_get)
    i.HAL_UART_ErrorCallback                 0x08001d2c   Section        0  rs485.o(i.HAL_UART_ErrorCallback)
    i.HAL_UART_IRQHandler                    0x08001d58   Section        0  stm32f0xx_hal_uart.o(i.HAL_UART_IRQHandler)
    i.HAL_UART_Init                          0x08001e62   Section        0  stm32f0xx_hal_uart.o(i.HAL_UART_Init)
    i.HAL_UART_MspInit                       0x08001ee4   Section        0  stm32f0xx_hal_msp.o(i.HAL_UART_MspInit)
    i.HAL_UART_Receive_IT                    0x0800205c   Section        0  stm32f0xx_hal_uart.o(i.HAL_UART_Receive_IT)
    i.HAL_UART_RxCpltCallback                0x08002134   Section        0  rs485.o(i.HAL_UART_RxCpltCallback)
    i.HAL_UART_Transmit                      0x080021a4   Section        0  stm32f0xx_hal_uart.o(i.HAL_UART_Transmit)
    i.HAL_UART_TxCpltCallback                0x08002286   Section        0  stm32f0xx_hal_uart.o(i.HAL_UART_TxCpltCallback)
    i.HardFault_Handler                      0x08002288   Section        0  stm32f0xx_it.o(i.HardFault_Handler)
    i.ID_module_air                          0x0800228c   Section        0  do.o(i.ID_module_air)
    i.NMI_Handler                            0x080022d0   Section        0  stm32f0xx_it.o(i.NMI_Handler)
    i.NVIC_SetPriority                       0x080022d4   Section        0  stm32f0xx_hal_cortex.o(i.NVIC_SetPriority)
    NVIC_SetPriority                         0x080022d5   Thumb Code   110  stm32f0xx_hal_cortex.o(i.NVIC_SetPriority)
    i.PendSV_Handler                         0x0800234c   Section        0  stm32f0xx_it.o(i.PendSV_Handler)
    i.RS485_InMessageHandler                 0x08002350   Section        0  rs485.o(i.RS485_InMessageHandler)
    i.RS485_Respone                          0x0800252c   Section        0  rs485.o(i.RS485_Respone)
    i.RS485_Write                            0x08002544   Section        0  rs485.o(i.RS485_Write)
    i.Read_Data                              0x08002594   Section        0  spi.o(i.Read_Data)
    i.S25FL1_Erase_Sector                    0x080025b8   Section        0  s25fl1.o(i.S25FL1_Erase_Sector)
    i.S25FL1_Initialize                      0x08002684   Section        0  s25fl1.o(i.S25FL1_Initialize)
    i.S25FL1_IsReady                         0x08002720   Section        0  s25fl1.o(i.S25FL1_IsReady)
    i.S25FL1_Read_Byte                       0x08002790   Section        0  s25fl1.o(i.S25FL1_Read_Byte)
    i.S25FL1_Write_Byte                      0x08002830   Section        0  s25fl1.o(i.S25FL1_Write_Byte)
    i.S25FL1_read_id_flash                   0x080028f4   Section        0  s25fl1.o(i.S25FL1_read_id_flash)
    i.SPI_EndRxTransaction                   0x080029b8   Section        0  stm32f0xx_hal_spi.o(i.SPI_EndRxTransaction)
    SPI_EndRxTransaction                     0x080029b9   Thumb Code   136  stm32f0xx_hal_spi.o(i.SPI_EndRxTransaction)
    i.SPI_EndRxTxTransaction                 0x08002a40   Section        0  stm32f0xx_hal_spi.o(i.SPI_EndRxTxTransaction)
    SPI_EndRxTxTransaction                   0x08002a41   Thumb Code    68  stm32f0xx_hal_spi.o(i.SPI_EndRxTxTransaction)
    i.SPI_Initial                            0x08002a84   Section        0  spi.o(i.SPI_Initial)
    i.SPI_WaitFifoStateUntilTimeout          0x08002b8c   Section        0  stm32f0xx_hal_spi.o(i.SPI_WaitFifoStateUntilTimeout)
    SPI_WaitFifoStateUntilTimeout            0x08002b8d   Thumb Code   188  stm32f0xx_hal_spi.o(i.SPI_WaitFifoStateUntilTimeout)
    i.SPI_WaitFlagStateUntilTimeout          0x08002c4c   Section        0  stm32f0xx_hal_spi.o(i.SPI_WaitFlagStateUntilTimeout)
    SPI_WaitFlagStateUntilTimeout            0x08002c4d   Thumb Code   166  stm32f0xx_hal_spi.o(i.SPI_WaitFlagStateUntilTimeout)
    i.SVC_Handler                            0x08002cf8   Section        0  stm32f0xx_it.o(i.SVC_Handler)
    i.Send_Data                              0x08002cfc   Section        0  spi.o(i.Send_Data)
    i.SysTick_Handler                        0x08002d20   Section        0  stm32f0xx_it.o(i.SysTick_Handler)
    i.SystemClock_Config                     0x08002d88   Section        0  main.o(i.SystemClock_Config)
    SystemClock_Config                       0x08002d89   Thumb Code   126  main.o(i.SystemClock_Config)
    i.SystemInit                             0x08002e10   Section        0  system_stm32f0xx.o(i.SystemInit)
    i.TIM16_IRQHandler                       0x08002e84   Section        0  time.o(i.TIM16_IRQHandler)
    i.TIM3_IRQHandler                        0x08002e94   Section        0  time.o(i.TIM3_IRQHandler)
    i.TIM_Base_SetConfig                     0x08002ea4   Section        0  stm32f0xx_hal_tim.o(i.TIM_Base_SetConfig)
    i.UART_AdvFeatureConfig                  0x08002f38   Section        0  stm32f0xx_hal_uart.o(i.UART_AdvFeatureConfig)
    i.UART_CheckIdleState                    0x08003028   Section        0  stm32f0xx_hal_uart.o(i.UART_CheckIdleState)
    i.UART_EndTransmit_IT                    0x08003046   Section        0  stm32f0xx_hal_uart.o(i.UART_EndTransmit_IT)
    i.UART_Receive_IT                        0x08003066   Section        0  stm32f0xx_hal_uart.o(i.UART_Receive_IT)
    i.UART_SetConfig                         0x08003104   Section        0  stm32f0xx_hal_uart.o(i.UART_SetConfig)
    i.UART_Transmit_IT                       0x080032e8   Section        0  stm32f0xx_hal_uart.o(i.UART_Transmit_IT)
    i.UART_WaitOnFlagUntilTimeout            0x0800335a   Section        0  stm32f0xx_hal_uart.o(i.UART_WaitOnFlagUntilTimeout)
    i.USART1_IRQHandler                      0x08003460   Section        0  stm32f0xx_it.o(i.USART1_IRQHandler)
    i.USART2_IRQHandler                      0x08003470   Section        0  stm32f0xx_it.o(i.USART2_IRQHandler)
    i.__0sprintf$6                           0x08003480   Section        0  printf6.o(i.__0sprintf$6)
    i.__ARM_clz                              0x080034a8   Section        0  depilogue.o(i.__ARM_clz)
    i.__scatterload_copy                     0x080034d6   Section       14  handlers.o(i.__scatterload_copy)
    i.__scatterload_null                     0x080034e4   Section        2  handlers.o(i.__scatterload_null)
    i.__scatterload_zeroinit                 0x080034e6   Section       14  handlers.o(i.__scatterload_zeroinit)
    i._printf_core                           0x080034f4   Section        0  printf6.o(i._printf_core)
    _printf_core                             0x080034f5   Thumb Code   768  printf6.o(i._printf_core)
    i._printf_post_padding                   0x080037f8   Section        0  printf6.o(i._printf_post_padding)
    _printf_post_padding                     0x080037f9   Thumb Code    32  printf6.o(i._printf_post_padding)
    i._printf_pre_padding                    0x08003818   Section        0  printf6.o(i._printf_pre_padding)
    _printf_pre_padding                      0x08003819   Thumb Code    44  printf6.o(i._printf_pre_padding)
    i._sputc                                 0x08003844   Section        0  printf6.o(i._sputc)
    _sputc                                   0x08003845   Thumb Code    10  printf6.o(i._sputc)
    i.air_init                               0x08003850   Section        0  do.o(i.air_init)
    i.bit_0                                  0x080038d4   Section        0  do.o(i.bit_0)
    i.bit_1                                  0x080038f8   Section        0  do.o(i.bit_1)
    i.config_init                            0x0800391c   Section        0  bootloader.o(i.config_init)
    i.create_pulse                           0x08003940   Section        0  do.o(i.create_pulse)
    i.debug_listen                           0x08003978   Section        0  rs485.o(i.debug_listen)
    i.debug_send                             0x08003990   Section        0  rs485.o(i.debug_send)
    i.delay_time_flash                       0x080039cc   Section        0  s25fl1.o(i.delay_time_flash)
    i.delay_us                               0x080039da   Section        0  time.o(i.delay_us)
    i.filter_temp                            0x080039fa   Section        0  temperature.o(i.filter_temp)
    i.free                                   0x08003aac   Section        0  malloc.o(i.free)
    i.get_id485_module                       0x08003b00   Section        0  do.o(i.get_id485_module)
    i.get_temperature                        0x08003b24   Section        0  temperature.o(i.get_temperature)
    i.get_type_clock                         0x08003b30   Section        0  main.o(i.get_type_clock)
    i.get_uid_mcu                            0x08003b3c   Section        0  system_start.o(i.get_uid_mcu)
    i.main                                   0x08003b88   Section        0  main.o(i.main)
    i.malloc                                 0x08003c68   Section        0  malloc.o(i.malloc)
    i.package_and_send_message               0x08003cd4   Section        0  rs485.o(i.package_and_send_message)
    i.pulse_reset                            0x08003d64   Section        0  temperature.o(i.pulse_reset)
    i.read_bit                               0x08003de8   Section        0  temperature.o(i.read_bit)
    i.read_byte                              0x08003e34   Section        0  temperature.o(i.read_byte)
    i.read_information                       0x08003e54   Section        0  system_start.o(i.read_information)
    i.read_uid_module                        0x08003e90   Section        0  system_start.o(i.read_uid_module)
    i.rs485_init                             0x08003f18   Section        0  rs485.o(i.rs485_init)
    i.rs485_listen                           0x08003fb8   Section        0  rs485.o(i.rs485_listen)
    i.send_byte                              0x08003fe0   Section        0  temperature.o(i.send_byte)
    i.sendbyte_data                          0x0800400a   Section        0  do.o(i.sendbyte_data)
    i.sensor_get_data                        0x0800403c   Section        0  temperature.o(i.sensor_get_data)
    i.sensor_pin_input                       0x08004180   Section        0  temperature.o(i.sensor_pin_input)
    i.sensor_pin_output                      0x080041c4   Section        0  temperature.o(i.sensor_pin_output)
    i.sensor_temp_init                       0x08004208   Section        0  temperature.o(i.sensor_temp_init)
    i.ss_send_bit0                           0x08004254   Section        0  temperature.o(i.ss_send_bit0)
    i.ss_send_bit1                           0x08004280   Section        0  temperature.o(i.ss_send_bit1)
    i.tempearture_read                       0x080042ac   Section        0  temperature.o(i.tempearture_read)
    i.test_flash                             0x08004358   Section        0  system_start.o(i.test_flash)
    i.test_ir                                0x08004402   Section        0  do.o(i.test_ir)
    i.test_sensor                            0x08004420   Section        0  system_start.o(i.test_sensor)
    i.test_system                            0x0800444c   Section        0  system_start.o(i.test_system)
    i.timer16_init                           0x0800451c   Section        0  time.o(i.timer16_init)
    i.timer16_stop                           0x0800458c   Section        0  time.o(i.timer16_stop)
    i.uart_debug_init                        0x080045a4   Section        0  rs485.o(i.uart_debug_init)
    i.wait_state                             0x08004608   Section        0  temperature.o(i.wait_state)
    i.watchdog_ex_initialize                 0x08004630   Section        0  do.o(i.watchdog_ex_initialize)
    i.write_uid_module                       0x08004680   Section        0  system_start.o(i.write_uid_module)
    .constdata                               0x08004754   Section      256  crc.o(.constdata)
    .constdata                               0x08004854   Section       24  system_stm32f0xx.o(.constdata)
    .data                                    0x20000000   Section        6  main.o(.data)
    the_last_time                            0x20000000   Data           4  main.o(.data)
    count_time                               0x20000004   Data           1  main.o(.data)
    .data                                    0x20000006   Section        2  stm32f0xx_it.o(.data)
    .data                                    0x20000008   Section        9  rs485.o(.data)
    request_response                         0x20000010   Data           1  rs485.o(.data)
    .data                                    0x20000011   Section       15  s25fl1.o(.data)
    .data                                    0x20000020   Section       15  time.o(.data)
    Count_OverFlow                           0x20000024   Data           4  time.o(.data)
    time_1s                                  0x20000028   Data           4  time.o(.data)
    .data                                    0x20000030   Section        6  temperature.o(.data)
    count_read_false                         0x20000034   Data           1  temperature.o(.data)
    count_read_ok                            0x20000035   Data           1  temperature.o(.data)
    .data                                    0x20000038   Section      431  ctrl_air.o(.data)
    check_request                            0x20000038   Data           1  ctrl_air.o(.data)
    temp_air_door_max                        0x2000003a   Data           2  ctrl_air.o(.data)
    temp_air_door_min                        0x2000003c   Data           2  ctrl_air.o(.data)
    number_check                             0x20000040   Data           4  ctrl_air.o(.data)
    status_air                               0x20000044   Data           1  ctrl_air.o(.data)
    .data                                    0x200001e7   Section        1  system_start.o(.data)
    system_error                             0x200001e7   Data           1  system_start.o(.data)
    .data                                    0x200001e8   Section        4  stm32f0xx_hal.o(.data)
    .data                                    0x200001ec   Section        4  system_stm32f0xx.o(.data)
    .data                                    0x200001f0   Section        4  mvars.o(.data)
    .data                                    0x200001f4   Section        4  mvars.o(.data)
    .bss                                     0x200001f8   Section      918  rs485.o(.bss)
    .bss                                     0x20000590   Section      120  spi.o(.bss)
    .bss                                     0x20000608   Section      128  time.o(.bss)
    .bss                                     0x20000688   Section       10  temperature.o(.bss)
    buffer_temp                              0x20000688   Data          10  temperature.o(.bss)
    .bss                                     0x20000694   Section      124  system_start.o(.bss)
    HEAP                                     0x20000710   Section      512  startup_stm32f030x8.o(HEAP)
    STACK                                    0x20000910   Section     1024  startup_stm32f030x8.o(STACK)

    Global Symbols

    Symbol Name                              Value     Ov Type        Size  Object(Section)

    BuildAttributes$$THM_ISAv3M$S$PE$A:L22$X:L11$S22$IEEE1$IW$USESV6$~STKCKD$USESV7$~SHL$OTIME$ROPI$EBA8$MICROLIB$REQ8$PRES8$EABIv2 0x00000000   Number         0  anon$$obj.o ABSOLUTE
    __ARM_use_no_argv                        0x00000000   Number         0  main.o ABSOLUTE
    _printf_a                                0x00000000   Number         0  stubs.o ABSOLUTE
    _printf_c                                0x00000000   Number         0  stubs.o ABSOLUTE
    _printf_charcount                        0x00000000   Number         0  stubs.o ABSOLUTE
    _printf_d                                0x00000000   Number         0  stubs.o ABSOLUTE
    _printf_e                                0x00000000   Number         0  stubs.o ABSOLUTE
    _printf_f                                0x00000000   Number         0  stubs.o ABSOLUTE
    _printf_flags                            0x00000000   Number         0  stubs.o ABSOLUTE
    _printf_fp_dec                           0x00000000   Number         0  stubs.o ABSOLUTE
    _printf_fp_hex                           0x00000000   Number         0  stubs.o ABSOLUTE
    _printf_g                                0x00000000   Number         0  stubs.o ABSOLUTE
    _printf_i                                0x00000000   Number         0  stubs.o ABSOLUTE
    _printf_int_dec                          0x00000000   Number         0  stubs.o ABSOLUTE
    _printf_l                                0x00000000   Number         0  stubs.o ABSOLUTE
    _printf_lc                               0x00000000   Number         0  stubs.o ABSOLUTE
    _printf_ll                               0x00000000   Number         0  stubs.o ABSOLUTE
    _printf_lld                              0x00000000   Number         0  stubs.o ABSOLUTE
    _printf_lli                              0x00000000   Number         0  stubs.o ABSOLUTE
    _printf_llo                              0x00000000   Number         0  stubs.o ABSOLUTE
    _printf_llu                              0x00000000   Number         0  stubs.o ABSOLUTE
    _printf_llx                              0x00000000   Number         0  stubs.o ABSOLUTE
    _printf_longlong_dec                     0x00000000   Number         0  stubs.o ABSOLUTE
    _printf_longlong_hex                     0x00000000   Number         0  stubs.o ABSOLUTE
    _printf_longlong_oct                     0x00000000   Number         0  stubs.o ABSOLUTE
    _printf_ls                               0x00000000   Number         0  stubs.o ABSOLUTE
    _printf_mbtowc                           0x00000000   Number         0  stubs.o ABSOLUTE
    _printf_n                                0x00000000   Number         0  stubs.o ABSOLUTE
    _printf_o                                0x00000000   Number         0  stubs.o ABSOLUTE
    _printf_p                                0x00000000   Number         0  stubs.o ABSOLUTE
    _printf_percent                          0x00000000   Number         0  stubs.o ABSOLUTE
    _printf_pre_padding                      0x00000000   Number         0  stubs.o ABSOLUTE
    _printf_return_value                     0x00000000   Number         0  stubs.o ABSOLUTE
    _printf_s                                0x00000000   Number         0  stubs.o ABSOLUTE
    _printf_sizespec                         0x00000000   Number         0  stubs.o ABSOLUTE
    _printf_str                              0x00000000   Number         0  stubs.o ABSOLUTE
    _printf_truncate_signed                  0x00000000   Number         0  stubs.o ABSOLUTE
    _printf_truncate_unsigned                0x00000000   Number         0  stubs.o ABSOLUTE
    _printf_u                                0x00000000   Number         0  stubs.o ABSOLUTE
    _printf_wc                               0x00000000   Number         0  stubs.o ABSOLUTE
    _printf_wctomb                           0x00000000   Number         0  stubs.o ABSOLUTE
    _printf_widthprec                        0x00000000   Number         0  stubs.o ABSOLUTE
    _printf_x                                0x00000000   Number         0  stubs.o ABSOLUTE
    __arm_fini_                               - Undefined Weak Reference
    __cpp_initialize__aeabi_                  - Undefined Weak Reference
    __cxa_finalize                            - Undefined Weak Reference
    _clock_init                               - Undefined Weak Reference
    _microlib_exit                            - Undefined Weak Reference
    __Vectors_Size                           0x000000b4   Number         0  startup_stm32f030x8.o ABSOLUTE
    __Vectors                                0x08000000   Data           4  startup_stm32f030x8.o(RESET)
    __Vectors_End                            0x080000b4   Data           0  startup_stm32f030x8.o(RESET)
    __main                                   0x080000b5   Thumb Code     0  entry.o(.ARM.Collect$$$$00000000)
    _main_stk                                0x080000b5   Thumb Code     0  entry2.o(.ARM.Collect$$$$00000001)
    _main_scatterload                        0x080000b9   Thumb Code     0  entry5.o(.ARM.Collect$$$$00000004)
    __main_after_scatterload                 0x080000bd   Thumb Code     0  entry5.o(.ARM.Collect$$$$00000004)
    _main_clock                              0x080000bd   Thumb Code     0  entry7b.o(.ARM.Collect$$$$00000008)
    _main_cpp_init                           0x080000bd   Thumb Code     0  entry8b.o(.ARM.Collect$$$$0000000A)
    _main_init                               0x080000bd   Thumb Code     0  entry9a.o(.ARM.Collect$$$$0000000B)
    __rt_lib_shutdown_fini                   0x080000c5   Thumb Code     0  entry12b.o(.ARM.Collect$$$$0000000E)
    __rt_final_cpp                           0x080000c9   Thumb Code     0  entry10a.o(.ARM.Collect$$$$0000000F)
    __rt_final_exit                          0x080000c9   Thumb Code     0  entry11a.o(.ARM.Collect$$$$00000011)
    Reset_Handler                            0x080000cd   Thumb Code     8  startup_stm32f030x8.o(.text)
    ADC1_IRQHandler                          0x080000df   Thumb Code     0  startup_stm32f030x8.o(.text)
    DMA1_Channel1_IRQHandler                 0x080000df   Thumb Code     0  startup_stm32f030x8.o(.text)
    DMA1_Channel2_3_IRQHandler               0x080000df   Thumb Code     0  startup_stm32f030x8.o(.text)
    DMA1_Channel4_5_IRQHandler               0x080000df   Thumb Code     0  startup_stm32f030x8.o(.text)
    EXTI0_1_IRQHandler                       0x080000df   Thumb Code     0  startup_stm32f030x8.o(.text)
    EXTI2_3_IRQHandler                       0x080000df   Thumb Code     0  startup_stm32f030x8.o(.text)
    FLASH_IRQHandler                         0x080000df   Thumb Code     0  startup_stm32f030x8.o(.text)
    I2C1_IRQHandler                          0x080000df   Thumb Code     0  startup_stm32f030x8.o(.text)
    I2C2_IRQHandler                          0x080000df   Thumb Code     0  startup_stm32f030x8.o(.text)
    RCC_IRQHandler                           0x080000df   Thumb Code     0  startup_stm32f030x8.o(.text)
    RTC_IRQHandler                           0x080000df   Thumb Code     0  startup_stm32f030x8.o(.text)
    SPI1_IRQHandler                          0x080000df   Thumb Code     0  startup_stm32f030x8.o(.text)
    SPI2_IRQHandler                          0x080000df   Thumb Code     0  startup_stm32f030x8.o(.text)
    TIM14_IRQHandler                         0x080000df   Thumb Code     0  startup_stm32f030x8.o(.text)
    TIM15_IRQHandler                         0x080000df   Thumb Code     0  startup_stm32f030x8.o(.text)
    TIM17_IRQHandler                         0x080000df   Thumb Code     0  startup_stm32f030x8.o(.text)
    TIM1_BRK_UP_TRG_COM_IRQHandler           0x080000df   Thumb Code     0  startup_stm32f030x8.o(.text)
    TIM1_CC_IRQHandler                       0x080000df   Thumb Code     0  startup_stm32f030x8.o(.text)
    WWDG_IRQHandler                          0x080000df   Thumb Code     0  startup_stm32f030x8.o(.text)
    __aeabi_uidiv                            0x080000e9   Thumb Code     0  uidiv.o(.text)
    __aeabi_uidivmod                         0x080000e9   Thumb Code    44  uidiv.o(.text)
    __aeabi_llsr                             0x08000115   Thumb Code    34  llushr.o(.text)
    _ll_ushift_r                             0x08000115   Thumb Code     0  llushr.o(.text)
    __aeabi_memcpy                           0x08000137   Thumb Code    36  memcpya.o(.text)
    __aeabi_memcpy4                          0x08000137   Thumb Code     0  memcpya.o(.text)
    __aeabi_memcpy8                          0x08000137   Thumb Code     0  memcpya.o(.text)
    __aeabi_memset                           0x0800015b   Thumb Code    14  memseta.o(.text)
    __aeabi_memset4                          0x0800015b   Thumb Code     0  memseta.o(.text)
    __aeabi_memset8                          0x0800015b   Thumb Code     0  memseta.o(.text)
    __aeabi_memclr                           0x08000169   Thumb Code     4  memseta.o(.text)
    __aeabi_memclr4                          0x08000169   Thumb Code     0  memseta.o(.text)
    __aeabi_memclr8                          0x08000169   Thumb Code     0  memseta.o(.text)
    _memset$wrapper                          0x0800016d   Thumb Code    18  memseta.o(.text)
    strlen                                   0x0800017f   Thumb Code    14  strlen.o(.text)
    strncmp                                  0x0800018d   Thumb Code    30  strncmp.o(.text)
    __aeabi_dmul                             0x080001ad   Thumb Code   202  dmul.o(.text)
    __aeabi_ddiv                             0x0800027d   Thumb Code   234  ddiv.o(.text)
    __aeabi_i2f                              0x0800036d   Thumb Code    22  fflti.o(.text)
    __aeabi_d2iz                             0x08000385   Thumb Code    62  dfixi.o(.text)
    __aeabi_f2d                              0x080003cd   Thumb Code    40  f2d.o(.text)
    __I$use$fp                               0x080003f5   Thumb Code     0  iusefp.o(.text)
    _float_round                             0x080003f5   Thumb Code    16  fepilogue.o(.text)
    _float_epilogue                          0x08000405   Thumb Code   114  fepilogue.o(.text)
    _double_round                            0x08000477   Thumb Code    26  depilogue.o(.text)
    _double_epilogue                         0x08000491   Thumb Code   164  depilogue.o(.text)
    __scatterload                            0x08000535   Thumb Code    28  init.o(.text)
    __scatterload_rt2                        0x08000535   Thumb Code     0  init.o(.text)
    __aeabi_llsl                             0x08000559   Thumb Code    32  llshl.o(.text)
    _ll_shift_l                              0x08000559   Thumb Code     0  llshl.o(.text)
    __decompress                             0x08000579   Thumb Code     0  __dczerorl2.o(.text)
    __decompress1                            0x08000579   Thumb Code    86  __dczerorl2.o(.text)
    Cal_CRC8                                 0x080005d1   Thumb Code    28  crc.o(i.Cal_CRC8)
    ConvertUINT8ToHEXCHAR                    0x080005f1   Thumb Code    46  rs485.o(i.ConvertUINT8ToHEXCHAR)
    Delay                                    0x08000621   Thumb Code    62  time.o(i.Delay)
    EXTI4_15_IRQHandler                      0x08000669   Thumb Code    12  stm32f0xx_it.o(i.EXTI4_15_IRQHandler)
    HAL_Delay                                0x08000675   Thumb Code    26  stm32f0xx_hal.o(i.HAL_Delay)
    HAL_GPIO_EXTI_Callback                   0x0800068f   Thumb Code     2  stm32f0xx_hal_gpio.o(i.HAL_GPIO_EXTI_Callback)
    HAL_GPIO_EXTI_IRQHandler                 0x08000691   Thumb Code    26  stm32f0xx_hal_gpio.o(i.HAL_GPIO_EXTI_IRQHandler)
    HAL_GPIO_Init                            0x080006b1   Thumb Code   470  stm32f0xx_hal_gpio.o(i.HAL_GPIO_Init)
    HAL_GPIO_ReadPin                         0x080008a1   Thumb Code    18  stm32f0xx_hal_gpio.o(i.HAL_GPIO_ReadPin)
    HAL_GPIO_TogglePin                       0x080008b3   Thumb Code     8  stm32f0xx_hal_gpio.o(i.HAL_GPIO_TogglePin)
    HAL_GPIO_WritePin                        0x080008bb   Thumb Code    12  stm32f0xx_hal_gpio.o(i.HAL_GPIO_WritePin)
    HAL_GetTick                              0x080008c9   Thumb Code     6  stm32f0xx_hal.o(i.HAL_GetTick)
    HAL_IncTick                              0x080008d5   Thumb Code    12  stm32f0xx_hal.o(i.HAL_IncTick)
    HAL_Init                                 0x080008e5   Thumb Code    28  stm32f0xx_hal.o(i.HAL_Init)
    HAL_InitTick                             0x08000905   Thumb Code    38  stm32f0xx_hal.o(i.HAL_InitTick)
    HAL_MspInit                              0x0800092b   Thumb Code     2  stm32f0xx_hal_msp_template.o(i.HAL_MspInit)
    HAL_NVIC_EnableIRQ                       0x0800092d   Thumb Code    18  stm32f0xx_hal_cortex.o(i.HAL_NVIC_EnableIRQ)
    HAL_NVIC_SetPriority                     0x08000945   Thumb Code    18  stm32f0xx_hal_cortex.o(i.HAL_NVIC_SetPriority)
    HAL_RCC_ClockConfig                      0x08000959   Thumb Code   382  stm32f0xx_hal_rcc.o(i.HAL_RCC_ClockConfig)
    HAL_RCC_GetHCLKFreq                      0x08000aed   Thumb Code     6  stm32f0xx_hal_rcc.o(i.HAL_RCC_GetHCLKFreq)
    HAL_RCC_GetPCLK1Freq                     0x08000af9   Thumb Code    26  stm32f0xx_hal_rcc.o(i.HAL_RCC_GetPCLK1Freq)
    HAL_RCC_GetSysClockFreq                  0x08000b1d   Thumb Code   150  stm32f0xx_hal_rcc.o(i.HAL_RCC_GetSysClockFreq)
    HAL_RCC_OscConfig                        0x08000be1   Thumb Code  1352  stm32f0xx_hal_rcc.o(i.HAL_RCC_OscConfig)
    HAL_SPI_Init                             0x0800112d   Thumb Code   234  stm32f0xx_hal_spi.o(i.HAL_SPI_Init)
    HAL_SPI_MspInit                          0x0800121d   Thumb Code     2  stm32f0xx_hal_spi.o(i.HAL_SPI_MspInit)
    HAL_SPI_Receive                          0x08001221   Thumb Code   694  stm32f0xx_hal_spi.o(i.HAL_SPI_Receive)
    HAL_SPI_Transmit                         0x080014e1   Thumb Code   454  stm32f0xx_hal_spi.o(i.HAL_SPI_Transmit)
    HAL_SPI_TransmitReceive                  0x080016ad   Thumb Code   892  stm32f0xx_hal_spi.o(i.HAL_SPI_TransmitReceive)
    HAL_SYSTICK_Config                       0x08001a31   Thumb Code    46  stm32f0xx_hal_cortex.o(i.HAL_SYSTICK_Config)
    HAL_TIMEx_BreakCallback                  0x08001a69   Thumb Code     2  stm32f0xx_hal_tim_ex.o(i.HAL_TIMEx_BreakCallback)
    HAL_TIMEx_CommutationCallback            0x08001a6b   Thumb Code     2  stm32f0xx_hal_tim_ex.o(i.HAL_TIMEx_CommutationCallback)
    HAL_TIM_Base_Init                        0x08001a6d   Thumb Code    56  stm32f0xx_hal_tim.o(i.HAL_TIM_Base_Init)
    HAL_TIM_Base_MspInit                     0x08001aa5   Thumb Code     2  stm32f0xx_hal_tim.o(i.HAL_TIM_Base_MspInit)
    HAL_TIM_Base_Start_IT                    0x08001aa7   Thumb Code    30  stm32f0xx_hal_tim.o(i.HAL_TIM_Base_Start_IT)
    HAL_TIM_Base_Stop_IT                     0x08001ac5   Thumb Code    58  stm32f0xx_hal_tim.o(i.HAL_TIM_Base_Stop_IT)
    HAL_TIM_IC_CaptureCallback               0x08001b05   Thumb Code     2  stm32f0xx_hal_tim.o(i.HAL_TIM_IC_CaptureCallback)
    HAL_TIM_IRQHandler                       0x08001b07   Thumb Code   456  stm32f0xx_hal_tim.o(i.HAL_TIM_IRQHandler)
    HAL_TIM_OC_DelayElapsedCallback          0x08001ccf   Thumb Code     2  stm32f0xx_hal_tim.o(i.HAL_TIM_OC_DelayElapsedCallback)
    HAL_TIM_PWM_PulseFinishedCallback        0x08001cd1   Thumb Code     2  stm32f0xx_hal_tim.o(i.HAL_TIM_PWM_PulseFinishedCallback)
    HAL_TIM_PeriodElapsedCallback            0x08001cd5   Thumb Code    50  time.o(i.HAL_TIM_PeriodElapsedCallback)
    HAL_TIM_TriggerCallback                  0x08001d1d   Thumb Code     2  stm32f0xx_hal_tim.o(i.HAL_TIM_TriggerCallback)
    HAL_Timer_get                            0x08001d21   Thumb Code     8  time.o(i.HAL_Timer_get)
    HAL_UART_ErrorCallback                   0x08001d2d   Thumb Code    36  rs485.o(i.HAL_UART_ErrorCallback)
    HAL_UART_IRQHandler                      0x08001d59   Thumb Code   266  stm32f0xx_hal_uart.o(i.HAL_UART_IRQHandler)
    HAL_UART_Init                            0x08001e63   Thumb Code   130  stm32f0xx_hal_uart.o(i.HAL_UART_Init)
    HAL_UART_MspInit                         0x08001ee5   Thumb Code   362  stm32f0xx_hal_msp.o(i.HAL_UART_MspInit)
    HAL_UART_Receive_IT                      0x0800205d   Thumb Code   210  stm32f0xx_hal_uart.o(i.HAL_UART_Receive_IT)
    HAL_UART_RxCpltCallback                  0x08002135   Thumb Code    76  rs485.o(i.HAL_UART_RxCpltCallback)
    HAL_UART_Transmit                        0x080021a5   Thumb Code   226  stm32f0xx_hal_uart.o(i.HAL_UART_Transmit)
    HAL_UART_TxCpltCallback                  0x08002287   Thumb Code     2  stm32f0xx_hal_uart.o(i.HAL_UART_TxCpltCallback)
    HardFault_Handler                        0x08002289   Thumb Code     4  stm32f0xx_it.o(i.HardFault_Handler)
    ID_module_air                            0x0800228d   Thumb Code    62  do.o(i.ID_module_air)
    NMI_Handler                              0x080022d1   Thumb Code     2  stm32f0xx_it.o(i.NMI_Handler)
    PendSV_Handler                           0x0800234d   Thumb Code     2  stm32f0xx_it.o(i.PendSV_Handler)
    RS485_InMessageHandler                   0x08002351   Thumb Code   414  rs485.o(i.RS485_InMessageHandler)
    RS485_Respone                            0x0800252d   Thumb Code    24  rs485.o(i.RS485_Respone)
    RS485_Write                              0x08002545   Thumb Code    58  rs485.o(i.RS485_Write)
    Read_Data                                0x08002595   Thumb Code    32  spi.o(i.Read_Data)
    S25FL1_Erase_Sector                      0x080025b9   Thumb Code   196  s25fl1.o(i.S25FL1_Erase_Sector)
    S25FL1_Initialize                        0x08002685   Thumb Code   148  s25fl1.o(i.S25FL1_Initialize)
    S25FL1_IsReady                           0x08002721   Thumb Code   106  s25fl1.o(i.S25FL1_IsReady)
    S25FL1_Read_Byte                         0x08002791   Thumb Code   148  s25fl1.o(i.S25FL1_Read_Byte)
    S25FL1_Write_Byte                        0x08002831   Thumb Code   184  s25fl1.o(i.S25FL1_Write_Byte)
    S25FL1_read_id_flash                     0x080028f5   Thumb Code   184  s25fl1.o(i.S25FL1_read_id_flash)
    SPI_Initial                              0x08002a85   Thumb Code   248  spi.o(i.SPI_Initial)
    SVC_Handler                              0x08002cf9   Thumb Code     2  stm32f0xx_it.o(i.SVC_Handler)
    Send_Data                                0x08002cfd   Thumb Code    32  spi.o(i.Send_Data)
    SysTick_Handler                          0x08002d21   Thumb Code    88  stm32f0xx_it.o(i.SysTick_Handler)
    SystemInit                               0x08002e11   Thumb Code   104  system_stm32f0xx.o(i.SystemInit)
    TIM16_IRQHandler                         0x08002e85   Thumb Code    10  time.o(i.TIM16_IRQHandler)
    TIM3_IRQHandler                          0x08002e95   Thumb Code    10  time.o(i.TIM3_IRQHandler)
    TIM_Base_SetConfig                       0x08002ea5   Thumb Code   124  stm32f0xx_hal_tim.o(i.TIM_Base_SetConfig)
    UART_AdvFeatureConfig                    0x08002f39   Thumb Code   240  stm32f0xx_hal_uart.o(i.UART_AdvFeatureConfig)
    UART_CheckIdleState                      0x08003029   Thumb Code    30  stm32f0xx_hal_uart.o(i.UART_CheckIdleState)
    UART_EndTransmit_IT                      0x08003047   Thumb Code    32  stm32f0xx_hal_uart.o(i.UART_EndTransmit_IT)
    UART_Receive_IT                          0x08003067   Thumb Code   156  stm32f0xx_hal_uart.o(i.UART_Receive_IT)
    UART_SetConfig                           0x08003105   Thumb Code   454  stm32f0xx_hal_uart.o(i.UART_SetConfig)
    UART_Transmit_IT                         0x080032e9   Thumb Code   114  stm32f0xx_hal_uart.o(i.UART_Transmit_IT)
    UART_WaitOnFlagUntilTimeout              0x0800335b   Thumb Code   262  stm32f0xx_hal_uart.o(i.UART_WaitOnFlagUntilTimeout)
    USART1_IRQHandler                        0x08003461   Thumb Code    10  stm32f0xx_it.o(i.USART1_IRQHandler)
    USART2_IRQHandler                        0x08003471   Thumb Code    10  stm32f0xx_it.o(i.USART2_IRQHandler)
    __0sprintf$6                             0x08003481   Thumb Code    36  printf6.o(i.__0sprintf$6)
    __1sprintf$6                             0x08003481   Thumb Code     0  printf6.o(i.__0sprintf$6)
    __2sprintf                               0x08003481   Thumb Code     0  printf6.o(i.__0sprintf$6)
    __ARM_clz                                0x080034a9   Thumb Code    46  depilogue.o(i.__ARM_clz)
    __scatterload_copy                       0x080034d7   Thumb Code    14  handlers.o(i.__scatterload_copy)
    __scatterload_null                       0x080034e5   Thumb Code     2  handlers.o(i.__scatterload_null)
    __scatterload_zeroinit                   0x080034e7   Thumb Code    14  handlers.o(i.__scatterload_zeroinit)
    air_init                                 0x08003851   Thumb Code   124  do.o(i.air_init)
    bit_0                                    0x080038d5   Thumb Code    30  do.o(i.bit_0)
    bit_1                                    0x080038f9   Thumb Code    28  do.o(i.bit_1)
    config_init                              0x0800391d   Thumb Code    34  bootloader.o(i.config_init)
    create_pulse                             0x08003941   Thumb Code    52  do.o(i.create_pulse)
    debug_listen                             0x08003979   Thumb Code    14  rs485.o(i.debug_listen)
    debug_send                               0x08003991   Thumb Code    44  rs485.o(i.debug_send)
    delay_time_flash                         0x080039cd   Thumb Code    14  s25fl1.o(i.delay_time_flash)
    delay_us                                 0x080039db   Thumb Code    32  time.o(i.delay_us)
    filter_temp                              0x080039fb   Thumb Code   176  temperature.o(i.filter_temp)
    free                                     0x08003aad   Thumb Code    80  malloc.o(i.free)
    get_id485_module                         0x08003b01   Thumb Code    30  do.o(i.get_id485_module)
    get_temperature                          0x08003b25   Thumb Code     6  temperature.o(i.get_temperature)
    get_type_clock                           0x08003b31   Thumb Code     6  main.o(i.get_type_clock)
    get_uid_mcu                              0x08003b3d   Thumb Code    64  system_start.o(i.get_uid_mcu)
    main                                     0x08003b89   Thumb Code   192  main.o(i.main)
    malloc                                   0x08003c69   Thumb Code    92  malloc.o(i.malloc)
    package_and_send_message                 0x08003cd5   Thumb Code    88  rs485.o(i.package_and_send_message)
    pulse_reset                              0x08003d65   Thumb Code   128  temperature.o(i.pulse_reset)
    read_bit                                 0x08003de9   Thumb Code    72  temperature.o(i.read_bit)
    read_byte                                0x08003e35   Thumb Code    32  temperature.o(i.read_byte)
    read_information                         0x08003e55   Thumb Code    54  system_start.o(i.read_information)
    read_uid_module                          0x08003e91   Thumb Code   134  system_start.o(i.read_uid_module)
    rs485_init                               0x08003f19   Thumb Code   144  rs485.o(i.rs485_init)
    rs485_listen                             0x08003fb9   Thumb Code    26  rs485.o(i.rs485_listen)
    send_byte                                0x08003fe1   Thumb Code    42  temperature.o(i.send_byte)
    sendbyte_data                            0x0800400b   Thumb Code    48  do.o(i.sendbyte_data)
    sensor_get_data                          0x0800403d   Thumb Code   310  temperature.o(i.sensor_get_data)
    sensor_pin_input                         0x08004181   Thumb Code    60  temperature.o(i.sensor_pin_input)
    sensor_pin_output                        0x080041c5   Thumb Code    60  temperature.o(i.sensor_pin_output)
    sensor_temp_init                         0x08004209   Thumb Code    76  temperature.o(i.sensor_temp_init)
    ss_send_bit0                             0x08004255   Thumb Code    40  temperature.o(i.ss_send_bit0)
    ss_send_bit1                             0x08004281   Thumb Code    40  temperature.o(i.ss_send_bit1)
    tempearture_read                         0x080042ad   Thumb Code   152  temperature.o(i.tempearture_read)
    test_flash                               0x08004359   Thumb Code   170  system_start.o(i.test_flash)
    test_ir                                  0x08004403   Thumb Code    28  do.o(i.test_ir)
    test_sensor                              0x08004421   Thumb Code    40  system_start.o(i.test_sensor)
    test_system                              0x0800444d   Thumb Code   160  system_start.o(i.test_system)
    timer16_init                             0x0800451d   Thumb Code    94  time.o(i.timer16_init)
    timer16_stop                             0x0800458d   Thumb Code    16  time.o(i.timer16_stop)
    uart_debug_init                          0x080045a5   Thumb Code    86  rs485.o(i.uart_debug_init)
    wait_state                               0x08004609   Thumb Code    36  temperature.o(i.wait_state)
    watchdog_ex_initialize                   0x08004631   Thumb Code    72  do.o(i.watchdog_ex_initialize)
    write_uid_module                         0x08004681   Thumb Code   212  system_start.o(i.write_uid_module)
    crc_array                                0x08004754   Data         256  crc.o(.constdata)
    AHBPrescTable                            0x08004854   Data          16  system_stm32f0xx.o(.constdata)
    APBPrescTable                            0x08004864   Data           8  system_stm32f0xx.o(.constdata)
    Region$$Table$$Base                      0x0800486c   Number         0  anon$$obj.o(Region$$Table)
    Region$$Table$$Limit                     0x0800488c   Number         0  anon$$obj.o(Region$$Table)
    type_clock_source                        0x20000005   Data           1  main.o(.data)
    rs485_have_data_flag                     0x20000006   Data           1  stm32f0xx_it.o(.data)
    debug_have_data_flag                     0x20000007   Data           1  stm32f0xx_it.o(.data)
    debug_len                                0x20000008   Data           1  rs485.o(.data)
    getBufferLen                             0x20000009   Data           1  rs485.o(.data)
    byte_receiver                            0x2000000a   Data           1  rs485.o(.data)
    DebugBufferLen                           0x2000000b   Data           1  rs485.o(.data)
    Dbyte_receiver                           0x2000000c   Data           1  rs485.o(.data)
    start_flag                               0x2000000d   Data           1  rs485.o(.data)
    timeout_rs485                            0x2000000e   Data           1  rs485.o(.data)
    timeout_debug                            0x2000000f   Data           1  rs485.o(.data)
    CMD_READ_FLASH_SR1                       0x20000011   Data           1  s25fl1.o(.data)
    CMD_READ_FLASH_SR2                       0x20000012   Data           1  s25fl1.o(.data)
    CMD_READ_FLASH_SR3                       0x20000013   Data           1  s25fl1.o(.data)
    CMD_WRITE_FLASH_ENABLE                   0x20000014   Data           1  s25fl1.o(.data)
    CMD_WRITE_FLASH_DISABLE                  0x20000015   Data           1  s25fl1.o(.data)
    CMD_WRITE_FLASH_ENABLE_VOLATILE_STATUS_REGISTER 0x20000016   Data           1  s25fl1.o(.data)
    CMD_WRITE_FLASH_STATUS_REGISTER          0x20000017   Data           1  s25fl1.o(.data)
    CMD_WRITE_FLASH_PROGRAM_PAGE             0x20000018   Data           1  s25fl1.o(.data)
    CMD_SECTOR_ERASE_FLASH                   0x20000019   Data           1  s25fl1.o(.data)
    CMD_BLOCK_ERASE_FLASH                    0x2000001a   Data           1  s25fl1.o(.data)
    CMD_ERASE_ALL_FLASH                      0x2000001b   Data           1  s25fl1.o(.data)
    CMD_READ_FLASH_DATA                      0x2000001c   Data           1  s25fl1.o(.data)
    CMD_READ_FLASH_FAST_DATA                 0x2000001d   Data           1  s25fl1.o(.data)
    CMD_READ_ID_FLASH                        0x2000001e   Data           1  s25fl1.o(.data)
    CMD_READ_UID_FLASH                       0x2000001f   Data           1  s25fl1.o(.data)
    flag_timer                               0x20000020   Data           1  time.o(.data)
    rs485_timeout                            0x20000021   Data           1  time.o(.data)
    package_timeout                          0x20000022   Data           1  time.o(.data)
    request_read_sensor                      0x2000002c   Data           1  time.o(.data)
    last_time_check                          0x2000002d   Data           1  time.o(.data)
    turn_on_air_lost_connect                 0x2000002e   Data           1  time.o(.data)
    temp_read                                0x20000030   Data           4  temperature.o(.data)
    error_air_module                         0x20000045   Data           1  ctrl_air.o(.data)
    air_id                                   0x20000046   Data           1  ctrl_air.o(.data)
    table_control                            0x20000047   Data         416  ctrl_air.o(.data)
    uwTick                                   0x200001e8   Data           4  stm32f0xx_hal.o(.data)
    SystemCoreClock                          0x200001ec   Data           4  system_stm32f0xx.o(.data)
    __microlib_freelist                      0x200001f0   Data           4  mvars.o(.data)
    __microlib_freelist_initialised          0x200001f4   Data           4  mvars.o(.data)
    debug_arr                                0x200001f8   Data         100  rs485.o(.bss)
    UartHandle                               0x2000025c   Data         112  rs485.o(.bss)
    UartDebug                                0x200002cc   Data         112  rs485.o(.bss)
    RS485RxBuf                               0x2000033c   Data         255  rs485.o(.bss)
    DebugRxBuf                               0x2000043b   Data         255  rs485.o(.bss)
    module_uid                               0x2000053a   Data          32  rs485.o(.bss)
    module_hardware                          0x2000055a   Data          32  rs485.o(.bss)
    ID_module                                0x2000057a   Data          20  rs485.o(.bss)
    hspi                                     0x20000590   Data         100  spi.o(.bss)
    GPIO_InitStructure                       0x200005f4   Data          20  spi.o(.bss)
    htim3                                    0x20000608   Data          64  time.o(.bss)
    htim16                                   0x20000648   Data          64  time.o(.bss)
    uid_mcu                                  0x20000694   Data          12  system_start.o(.bss)
    uid_mcu_arr                              0x200006a0   Data          50  system_start.o(.bss)
    uid_flash_arr                            0x200006d2   Data          50  system_start.o(.bss)
    flash                                    0x20000704   Data          12  system_start.o(.bss)
    __heap_base                              0x20000710   Data           0  startup_stm32f030x8.o(HEAP)
    __heap_limit                             0x20000910   Data           0  startup_stm32f030x8.o(HEAP)
    __initial_sp                             0x20000d10   Data           0  startup_stm32f030x8.o(STACK)



==============================================================================

Memory Map of the image

  Image Entry point : 0x080000b5

  Load Region LR_IROM1 (Base: 0x08000000, Size: 0x00004a84, Max: 0x00010000, ABSOLUTE, COMPRESSED[0x00004928])

    Execution Region ER_IROM1 (Exec base: 0x08000000, Load base: 0x08000000, Size: 0x0000488c, Max: 0x00010000, ABSOLUTE)

    Exec Addr    Load Addr    Size         Type   Attr      Idx    E Section Name        Object

    0x08000000   0x08000000   0x000000b4   Data   RO         4326    RESET               startup_stm32f030x8.o
    0x080000b4   0x080000b4   0x00000000   Code   RO         4331  * .ARM.Collect$$$$00000000  mc_p.l(entry.o)
    0x080000b4   0x080000b4   0x00000004   Code   RO         4647    .ARM.Collect$$$$00000001  mc_p.l(entry2.o)
    0x080000b8   0x080000b8   0x00000004   Code   RO         4650    .ARM.Collect$$$$00000004  mc_p.l(entry5.o)
    0x080000bc   0x080000bc   0x00000000   Code   RO         4652    .ARM.Collect$$$$00000008  mc_p.l(entry7b.o)
    0x080000bc   0x080000bc   0x00000000   Code   RO         4654    .ARM.Collect$$$$0000000A  mc_p.l(entry8b.o)
    0x080000bc   0x080000bc   0x00000008   Code   RO         4655    .ARM.Collect$$$$0000000B  mc_p.l(entry9a.o)
    0x080000c4   0x080000c4   0x00000004   Code   RO         4662    .ARM.Collect$$$$0000000E  mc_p.l(entry12b.o)
    0x080000c8   0x080000c8   0x00000000   Code   RO         4657    .ARM.Collect$$$$0000000F  mc_p.l(entry10a.o)
    0x080000c8   0x080000c8   0x00000000   Code   RO         4659    .ARM.Collect$$$$00000011  mc_p.l(entry11a.o)
    0x080000c8   0x080000c8   0x00000004   Code   RO         4648    .ARM.Collect$$$$00002712  mc_p.l(entry2.o)
    0x080000cc   0x080000cc   0x0000001c   Code   RO         4327    .text               startup_stm32f030x8.o
    0x080000e8   0x080000e8   0x0000002c   Code   RO         4334    .text               mc_p.l(uidiv.o)
    0x08000114   0x08000114   0x00000022   Code   RO         4336    .text               mc_p.l(llushr.o)
    0x08000136   0x08000136   0x00000024   Code   RO         4338    .text               mc_p.l(memcpya.o)
    0x0800015a   0x0800015a   0x00000024   Code   RO         4340    .text               mc_p.l(memseta.o)
    0x0800017e   0x0800017e   0x0000000e   Code   RO         4342    .text               mc_p.l(strlen.o)
    0x0800018c   0x0800018c   0x0000001e   Code   RO         4344    .text               mc_p.l(strncmp.o)
    0x080001aa   0x080001aa   0x00000002   PAD
    0x080001ac   0x080001ac   0x000000d0   Code   RO         4637    .text               mf_p.l(dmul.o)
    0x0800027c   0x0800027c   0x000000f0   Code   RO         4639    .text               mf_p.l(ddiv.o)
    0x0800036c   0x0800036c   0x00000016   Code   RO         4641    .text               mf_p.l(fflti.o)
    0x08000382   0x08000382   0x00000002   PAD
    0x08000384   0x08000384   0x00000048   Code   RO         4643    .text               mf_p.l(dfixi.o)
    0x080003cc   0x080003cc   0x00000028   Code   RO         4645    .text               mf_p.l(f2d.o)
    0x080003f4   0x080003f4   0x00000000   Code   RO         4670    .text               mc_p.l(iusefp.o)
    0x080003f4   0x080003f4   0x00000082   Code   RO         4671    .text               mf_p.l(fepilogue.o)
    0x08000476   0x08000476   0x000000be   Code   RO         4673    .text               mf_p.l(depilogue.o)
    0x08000534   0x08000534   0x00000024   Code   RO         4683    .text               mc_p.l(init.o)
    0x08000558   0x08000558   0x00000020   Code   RO         4686    .text               mc_p.l(llshl.o)
    0x08000578   0x08000578   0x00000056   Code   RO         4699    .text               mc_p.l(__dczerorl2.o)
    0x080005ce   0x080005ce   0x00000002   PAD
    0x080005d0   0x080005d0   0x00000020   Code   RO          488    i.Cal_CRC8          crc.o
    0x080005f0   0x080005f0   0x0000002e   Code   RO          292    i.ConvertUINT8ToHEXCHAR  rs485.o
    0x0800061e   0x0800061e   0x00000002   PAD
    0x08000620   0x08000620   0x00000048   Code   RO          736    i.Delay             time.o
    0x08000668   0x08000668   0x0000000c   Code   RO          222    i.EXTI4_15_IRQHandler  stm32f0xx_it.o
    0x08000674   0x08000674   0x0000001a   Code   RO         1143    i.HAL_Delay         stm32f0xx_hal.o
    0x0800068e   0x0800068e   0x00000002   Code   RO         1912    i.HAL_GPIO_EXTI_Callback  stm32f0xx_hal_gpio.o
    0x08000690   0x08000690   0x00000020   Code   RO         1913    i.HAL_GPIO_EXTI_IRQHandler  stm32f0xx_hal_gpio.o
    0x080006b0   0x080006b0   0x000001f0   Code   RO         1914    i.HAL_GPIO_Init     stm32f0xx_hal_gpio.o
    0x080008a0   0x080008a0   0x00000012   Code   RO         1916    i.HAL_GPIO_ReadPin  stm32f0xx_hal_gpio.o
    0x080008b2   0x080008b2   0x00000008   Code   RO         1917    i.HAL_GPIO_TogglePin  stm32f0xx_hal_gpio.o
    0x080008ba   0x080008ba   0x0000000c   Code   RO         1918    i.HAL_GPIO_WritePin  stm32f0xx_hal_gpio.o
    0x080008c6   0x080008c6   0x00000002   PAD
    0x080008c8   0x080008c8   0x0000000c   Code   RO         1147    i.HAL_GetTick       stm32f0xx_hal.o
    0x080008d4   0x080008d4   0x00000010   Code   RO         1148    i.HAL_IncTick       stm32f0xx_hal.o
    0x080008e4   0x080008e4   0x00000020   Code   RO         1149    i.HAL_Init          stm32f0xx_hal.o
    0x08000904   0x08000904   0x00000026   Code   RO         1150    i.HAL_InitTick      stm32f0xx_hal.o
    0x0800092a   0x0800092a   0x00000002   Code   RO         2074    i.HAL_MspInit       stm32f0xx_hal_msp_template.o
    0x0800092c   0x0800092c   0x00000018   Code   RO         1483    i.HAL_NVIC_EnableIRQ  stm32f0xx_hal_cortex.o
    0x08000944   0x08000944   0x00000012   Code   RO         1487    i.HAL_NVIC_SetPriority  stm32f0xx_hal_cortex.o
    0x08000956   0x08000956   0x00000002   PAD
    0x08000958   0x08000958   0x00000194   Code   RO         2240    i.HAL_RCC_ClockConfig  stm32f0xx_hal_rcc.o
    0x08000aec   0x08000aec   0x0000000c   Code   RO         2245    i.HAL_RCC_GetHCLKFreq  stm32f0xx_hal_rcc.o
    0x08000af8   0x08000af8   0x00000024   Code   RO         2247    i.HAL_RCC_GetPCLK1Freq  stm32f0xx_hal_rcc.o
    0x08000b1c   0x08000b1c   0x000000c4   Code   RO         2248    i.HAL_RCC_GetSysClockFreq  stm32f0xx_hal_rcc.o
    0x08000be0   0x08000be0   0x0000054c   Code   RO         2251    i.HAL_RCC_OscConfig  stm32f0xx_hal_rcc.o
    0x0800112c   0x0800112c   0x000000f0   Code   RO         2441    i.HAL_SPI_Init      stm32f0xx_hal_spi.o
    0x0800121c   0x0800121c   0x00000002   Code   RO         2443    i.HAL_SPI_MspInit   stm32f0xx_hal_spi.o
    0x0800121e   0x0800121e   0x00000002   PAD
    0x08001220   0x08001220   0x000002c0   Code   RO         2444    i.HAL_SPI_Receive   stm32f0xx_hal_spi.o
    0x080014e0   0x080014e0   0x000001cc   Code   RO         2449    i.HAL_SPI_Transmit  stm32f0xx_hal_spi.o
    0x080016ac   0x080016ac   0x00000384   Code   RO         2450    i.HAL_SPI_TransmitReceive  stm32f0xx_hal_spi.o
    0x08001a30   0x08001a30   0x00000038   Code   RO         1491    i.HAL_SYSTICK_Config  stm32f0xx_hal_cortex.o
    0x08001a68   0x08001a68   0x00000002   Code   RO         3393    i.HAL_TIMEx_BreakCallback  stm32f0xx_hal_tim_ex.o
    0x08001a6a   0x08001a6a   0x00000002   Code   RO         3394    i.HAL_TIMEx_CommutationCallback  stm32f0xx_hal_tim_ex.o
    0x08001a6c   0x08001a6c   0x00000038   Code   RO         2755    i.HAL_TIM_Base_Init  stm32f0xx_hal_tim.o
    0x08001aa4   0x08001aa4   0x00000002   Code   RO         2757    i.HAL_TIM_Base_MspInit  stm32f0xx_hal_tim.o
    0x08001aa6   0x08001aa6   0x0000001e   Code   RO         2760    i.HAL_TIM_Base_Start_IT  stm32f0xx_hal_tim.o
    0x08001ac4   0x08001ac4   0x00000040   Code   RO         2763    i.HAL_TIM_Base_Stop_IT  stm32f0xx_hal_tim.o
    0x08001b04   0x08001b04   0x00000002   Code   RO         2784    i.HAL_TIM_IC_CaptureCallback  stm32f0xx_hal_tim.o
    0x08001b06   0x08001b06   0x000001c8   Code   RO         2797    i.HAL_TIM_IRQHandler  stm32f0xx_hal_tim.o
    0x08001cce   0x08001cce   0x00000002   Code   RO         2800    i.HAL_TIM_OC_DelayElapsedCallback  stm32f0xx_hal_tim.o
    0x08001cd0   0x08001cd0   0x00000002   Code   RO         2827    i.HAL_TIM_PWM_PulseFinishedCallback  stm32f0xx_hal_tim.o
    0x08001cd2   0x08001cd2   0x00000002   PAD
    0x08001cd4   0x08001cd4   0x00000048   Code   RO          737    i.HAL_TIM_PeriodElapsedCallback  time.o
    0x08001d1c   0x08001d1c   0x00000002   Code   RO         2838    i.HAL_TIM_TriggerCallback  stm32f0xx_hal_tim.o
    0x08001d1e   0x08001d1e   0x00000002   PAD
    0x08001d20   0x08001d20   0x0000000c   Code   RO          738    i.HAL_Timer_get     time.o
    0x08001d2c   0x08001d2c   0x0000002c   Code   RO          294    i.HAL_UART_ErrorCallback  rs485.o
    0x08001d58   0x08001d58   0x0000010a   Code   RO         3656    i.HAL_UART_IRQHandler  stm32f0xx_hal_uart.o
    0x08001e62   0x08001e62   0x00000082   Code   RO         3657    i.HAL_UART_Init     stm32f0xx_hal_uart.o
    0x08001ee4   0x08001ee4   0x00000178   Code   RO          197    i.HAL_UART_MspInit  stm32f0xx_hal_msp.o
    0x0800205c   0x0800205c   0x000000d8   Code   RO         3662    i.HAL_UART_Receive_IT  stm32f0xx_hal_uart.o
    0x08002134   0x08002134   0x00000070   Code   RO          295    i.HAL_UART_RxCpltCallback  rs485.o
    0x080021a4   0x080021a4   0x000000e2   Code   RO         3665    i.HAL_UART_Transmit  stm32f0xx_hal_uart.o
    0x08002286   0x08002286   0x00000002   Code   RO         3668    i.HAL_UART_TxCpltCallback  stm32f0xx_hal_uart.o
    0x08002288   0x08002288   0x00000004   Code   RO          223    i.HardFault_Handler  stm32f0xx_it.o
    0x0800228c   0x0800228c   0x00000044   Code   RO          408    i.ID_module_air     do.o
    0x080022d0   0x080022d0   0x00000002   Code   RO          224    i.NMI_Handler       stm32f0xx_it.o
    0x080022d2   0x080022d2   0x00000002   PAD
    0x080022d4   0x080022d4   0x00000078   Code   RO         1493    i.NVIC_SetPriority  stm32f0xx_hal_cortex.o
    0x0800234c   0x0800234c   0x00000002   Code   RO          225    i.PendSV_Handler    stm32f0xx_it.o
    0x0800234e   0x0800234e   0x00000002   PAD
    0x08002350   0x08002350   0x000001dc   Code   RO          296    i.RS485_InMessageHandler  rs485.o
    0x0800252c   0x0800252c   0x00000018   Code   RO          297    i.RS485_Respone     rs485.o
    0x08002544   0x08002544   0x00000050   Code   RO          298    i.RS485_Write       rs485.o
    0x08002594   0x08002594   0x00000024   Code   RO          701    i.Read_Data         spi.o
    0x080025b8   0x080025b8   0x000000cc   Code   RO          614    i.S25FL1_Erase_Sector  s25fl1.o
    0x08002684   0x08002684   0x0000009c   Code   RO          615    i.S25FL1_Initialize  s25fl1.o
    0x08002720   0x08002720   0x00000070   Code   RO          616    i.S25FL1_IsReady    s25fl1.o
    0x08002790   0x08002790   0x000000a0   Code   RO          618    i.S25FL1_Read_Byte  s25fl1.o
    0x08002830   0x08002830   0x000000c4   Code   RO          620    i.S25FL1_Write_Byte  s25fl1.o
    0x080028f4   0x080028f4   0x000000c4   Code   RO          622    i.S25FL1_read_id_flash  s25fl1.o
    0x080029b8   0x080029b8   0x00000088   Code   RO         2475    i.SPI_EndRxTransaction  stm32f0xx_hal_spi.o
    0x08002a40   0x08002a40   0x00000044   Code   RO         2476    i.SPI_EndRxTxTransaction  stm32f0xx_hal_spi.o
    0x08002a84   0x08002a84   0x00000108   Code   RO          702    i.SPI_Initial       spi.o
    0x08002b8c   0x08002b8c   0x000000c0   Code   RO         2483    i.SPI_WaitFifoStateUntilTimeout  stm32f0xx_hal_spi.o
    0x08002c4c   0x08002c4c   0x000000ac   Code   RO         2484    i.SPI_WaitFlagStateUntilTimeout  stm32f0xx_hal_spi.o
    0x08002cf8   0x08002cf8   0x00000002   Code   RO          226    i.SVC_Handler       stm32f0xx_it.o
    0x08002cfa   0x08002cfa   0x00000002   PAD
    0x08002cfc   0x08002cfc   0x00000024   Code   RO          703    i.Send_Data         spi.o
    0x08002d20   0x08002d20   0x00000068   Code   RO          227    i.SysTick_Handler   stm32f0xx_it.o
    0x08002d88   0x08002d88   0x00000088   Code   RO            4    i.SystemClock_Config  main.o
    0x08002e10   0x08002e10   0x00000074   Code   RO         4294    i.SystemInit        system_stm32f0xx.o
    0x08002e84   0x08002e84   0x00000010   Code   RO          739    i.TIM16_IRQHandler  time.o
    0x08002e94   0x08002e94   0x00000010   Code   RO          740    i.TIM3_IRQHandler   time.o
    0x08002ea4   0x08002ea4   0x00000094   Code   RO         2839    i.TIM_Base_SetConfig  stm32f0xx_hal_tim.o
    0x08002f38   0x08002f38   0x000000f0   Code   RO         3670    i.UART_AdvFeatureConfig  stm32f0xx_hal_uart.o
    0x08003028   0x08003028   0x0000001e   Code   RO         3671    i.UART_CheckIdleState  stm32f0xx_hal_uart.o
    0x08003046   0x08003046   0x00000020   Code   RO         3677    i.UART_EndTransmit_IT  stm32f0xx_hal_uart.o
    0x08003066   0x08003066   0x0000009c   Code   RO         3678    i.UART_Receive_IT   stm32f0xx_hal_uart.o
    0x08003102   0x08003102   0x00000002   PAD
    0x08003104   0x08003104   0x000001e4   Code   RO         3679    i.UART_SetConfig    stm32f0xx_hal_uart.o
    0x080032e8   0x080032e8   0x00000072   Code   RO         3680    i.UART_Transmit_IT  stm32f0xx_hal_uart.o
    0x0800335a   0x0800335a   0x00000106   Code   RO         3681    i.UART_WaitOnFlagUntilTimeout  stm32f0xx_hal_uart.o
    0x08003460   0x08003460   0x00000010   Code   RO          228    i.USART1_IRQHandler  stm32f0xx_it.o
    0x08003470   0x08003470   0x00000010   Code   RO          229    i.USART2_IRQHandler  stm32f0xx_it.o
    0x08003480   0x08003480   0x00000028   Code   RO         4505    i.__0sprintf$6      mc_p.l(printf6.o)
    0x080034a8   0x080034a8   0x0000002e   Code   RO         4675    i.__ARM_clz         mf_p.l(depilogue.o)
    0x080034d6   0x080034d6   0x0000000e   Code   RO         4693    i.__scatterload_copy  mc_p.l(handlers.o)
    0x080034e4   0x080034e4   0x00000002   Code   RO         4694    i.__scatterload_null  mc_p.l(handlers.o)
    0x080034e6   0x080034e6   0x0000000e   Code   RO         4695    i.__scatterload_zeroinit  mc_p.l(handlers.o)
    0x080034f4   0x080034f4   0x00000304   Code   RO         4510    i._printf_core      mc_p.l(printf6.o)
    0x080037f8   0x080037f8   0x00000020   Code   RO         4511    i._printf_post_padding  mc_p.l(printf6.o)
    0x08003818   0x08003818   0x0000002c   Code   RO         4512    i._printf_pre_padding  mc_p.l(printf6.o)
    0x08003844   0x08003844   0x0000000a   Code   RO         4514    i._sputc            mc_p.l(printf6.o)
    0x0800384e   0x0800384e   0x00000002   PAD
    0x08003850   0x08003850   0x00000084   Code   RO          409    i.air_init          do.o
    0x080038d4   0x080038d4   0x00000024   Code   RO          410    i.bit_0             do.o
    0x080038f8   0x080038f8   0x00000024   Code   RO          411    i.bit_1             do.o
    0x0800391c   0x0800391c   0x00000022   Code   RO          513    i.config_init       bootloader.o
    0x0800393e   0x0800393e   0x00000002   PAD
    0x08003940   0x08003940   0x00000038   Code   RO          412    i.create_pulse      do.o
    0x08003978   0x08003978   0x00000018   Code   RO          299    i.debug_listen      rs485.o
    0x08003990   0x08003990   0x0000003c   Code   RO          300    i.debug_send        rs485.o
    0x080039cc   0x080039cc   0x0000000e   Code   RO          623    i.delay_time_flash  s25fl1.o
    0x080039da   0x080039da   0x00000020   Code   RO          741    i.delay_us          time.o
    0x080039fa   0x080039fa   0x000000b0   Code   RO          830    i.filter_temp       temperature.o
    0x08003aaa   0x08003aaa   0x00000002   PAD
    0x08003aac   0x08003aac   0x00000054   Code   RO         4609    i.free              mc_p.l(malloc.o)
    0x08003b00   0x08003b00   0x00000024   Code   RO          414    i.get_id485_module  do.o
    0x08003b24   0x08003b24   0x0000000c   Code   RO          832    i.get_temperature   temperature.o
    0x08003b30   0x08003b30   0x0000000c   Code   RO            5    i.get_type_clock    main.o
    0x08003b3c   0x08003b3c   0x0000004c   Code   RO         1069    i.get_uid_mcu       system_start.o
    0x08003b88   0x08003b88   0x000000e0   Code   RO            6    i.main              main.o
    0x08003c68   0x08003c68   0x0000006c   Code   RO         4610    i.malloc            mc_p.l(malloc.o)
    0x08003cd4   0x08003cd4   0x00000090   Code   RO          301    i.package_and_send_message  rs485.o
    0x08003d64   0x08003d64   0x00000084   Code   RO          833    i.pulse_reset       temperature.o
    0x08003de8   0x08003de8   0x0000004c   Code   RO          834    i.read_bit          temperature.o
    0x08003e34   0x08003e34   0x00000020   Code   RO          835    i.read_byte         temperature.o
    0x08003e54   0x08003e54   0x0000003c   Code   RO         1070    i.read_information  system_start.o
    0x08003e90   0x08003e90   0x00000086   Code   RO         1071    i.read_uid_module   system_start.o
    0x08003f16   0x08003f16   0x00000002   PAD
    0x08003f18   0x08003f18   0x000000a0   Code   RO          302    i.rs485_init        rs485.o
    0x08003fb8   0x08003fb8   0x00000028   Code   RO          303    i.rs485_listen      rs485.o
    0x08003fe0   0x08003fe0   0x0000002a   Code   RO          836    i.send_byte         temperature.o
    0x0800400a   0x0800400a   0x00000030   Code   RO          415    i.sendbyte_data     do.o
    0x0800403a   0x0800403a   0x00000002   PAD
    0x0800403c   0x0800403c   0x00000144   Code   RO          837    i.sensor_get_data   temperature.o
    0x08004180   0x08004180   0x00000044   Code   RO          838    i.sensor_pin_input  temperature.o
    0x080041c4   0x080041c4   0x00000044   Code   RO          839    i.sensor_pin_output  temperature.o
    0x08004208   0x08004208   0x0000004c   Code   RO          840    i.sensor_temp_init  temperature.o
    0x08004254   0x08004254   0x0000002c   Code   RO          841    i.ss_send_bit0      temperature.o
    0x08004280   0x08004280   0x0000002c   Code   RO          842    i.ss_send_bit1      temperature.o
    0x080042ac   0x080042ac   0x000000ac   Code   RO          843    i.tempearture_read  temperature.o
    0x08004358   0x08004358   0x000000aa   Code   RO         1072    i.test_flash        system_start.o
    0x08004402   0x08004402   0x0000001c   Code   RO          416    i.test_ir           do.o
    0x0800441e   0x0800441e   0x00000002   PAD
    0x08004420   0x08004420   0x0000002c   Code   RO         1073    i.test_sensor       system_start.o
    0x0800444c   0x0800444c   0x000000d0   Code   RO         1074    i.test_system       system_start.o
    0x0800451c   0x0800451c   0x00000070   Code   RO          744    i.timer16_init      time.o
    0x0800458c   0x0800458c   0x00000018   Code   RO          746    i.timer16_stop      time.o
    0x080045a4   0x080045a4   0x00000064   Code   RO          305    i.uart_debug_init   rs485.o
    0x08004608   0x08004608   0x00000028   Code   RO          844    i.wait_state        temperature.o
    0x08004630   0x08004630   0x00000050   Code   RO          417    i.watchdog_ex_initialize  do.o
    0x08004680   0x08004680   0x000000d4   Code   RO         1075    i.write_uid_module  system_start.o
    0x08004754   0x08004754   0x00000100   Data   RO          490    .constdata          crc.o
    0x08004854   0x08004854   0x00000018   Data   RO         4295    .constdata          system_stm32f0xx.o
    0x0800486c   0x0800486c   0x00000020   Data   RO         4691    Region$$Table       anon$$obj.o


    Execution Region RW_IRAM1 (Exec base: 0x20000000, Load base: 0x0800488c, Size: 0x00000d10, Max: 0x00002000, ABSOLUTE, COMPRESSED[0x0000009c])

    Exec Addr    Load Addr    Size         Type   Attr      Idx    E Section Name        Object

    0x20000000   COMPRESSED   0x00000006   Data   RW            7    .data               main.o
    0x20000006   COMPRESSED   0x00000002   Data   RW          230    .data               stm32f0xx_it.o
    0x20000008   COMPRESSED   0x00000009   Data   RW          307    .data               rs485.o
    0x20000011   COMPRESSED   0x0000000f   Data   RW          624    .data               s25fl1.o
    0x20000020   COMPRESSED   0x0000000f   Data   RW          749    .data               time.o
    0x2000002f   COMPRESSED   0x00000001   PAD
    0x20000030   COMPRESSED   0x00000006   Data   RW          846    .data               temperature.o
    0x20000036   COMPRESSED   0x00000002   PAD
    0x20000038   COMPRESSED   0x000001af   Data   RW          958    .data               ctrl_air.o
    0x200001e7   COMPRESSED   0x00000001   Data   RW         1077    .data               system_start.o
    0x200001e8   COMPRESSED   0x00000004   Data   RW         1155    .data               stm32f0xx_hal.o
    0x200001ec   COMPRESSED   0x00000004   Data   RW         4296    .data               system_stm32f0xx.o
    0x200001f0   COMPRESSED   0x00000004   Data   RW         4668    .data               mc_p.l(mvars.o)
    0x200001f4   COMPRESSED   0x00000004   Data   RW         4669    .data               mc_p.l(mvars.o)
    0x200001f8        -       0x00000396   Zero   RW          306    .bss                rs485.o
    0x2000058e   COMPRESSED   0x00000002   PAD
    0x20000590        -       0x00000078   Zero   RW          704    .bss                spi.o
    0x20000608        -       0x00000080   Zero   RW          748    .bss                time.o
    0x20000688        -       0x0000000a   Zero   RW          845    .bss                temperature.o
    0x20000692   COMPRESSED   0x00000002   PAD
    0x20000694        -       0x0000007c   Zero   RW         1076    .bss                system_start.o
    0x20000710        -       0x00000200   Zero   RW         4325    HEAP                startup_stm32f030x8.o
    0x20000910        -       0x00000400   Zero   RW         4324    STACK               startup_stm32f030x8.o


==============================================================================

Image component sizes


      Code (inc. data)   RO Data    RW Data    ZI Data      Debug   Object Name

        34          0          0          0          0        470   bootloader.o
        32          4        256          0          0       1055   crc.o
         0          0          0        431          0        953   ctrl_air.o
       520         46          0          0          0       4600   do.o
       372         48          0          6          0     268047   main.o
      1310        254          0          9        918       8267   rs485.o
      1038         58          0         15          0       5838   s25fl1.o
       336         24          0          0        120       2368   spi.o
        28          8        180          0       1536        620   startup_stm32f030x8.o
       124         14          0          4          0       3391   stm32f0xx_hal.o
       218         26          0          0          0       8805   stm32f0xx_hal_cortex.o
       568         32          0          0          0       4384   stm32f0xx_hal_gpio.o
       376         14          0          0          0       1187   stm32f0xx_hal_msp.o
         2          0          0          0          0        462   stm32f0xx_hal_msp_template.o
      2004        100          0          0          0       4725   stm32f0xx_hal_rcc.o
      2874         40          0          0          0       8568   stm32f0xx_hal_spi.o
       764         30          0          0          0       6137   stm32f0xx_hal_tim.o
         4          0          0          0          0       1418   stm32f0xx_hal_tim_ex.o
      2158         36          0          0          0       9042   stm32f0xx_hal_uart.o
       158         28          0          2          0       3513   stm32f0xx_it.o
       904         70          0          1        124       5964   system_start.o
       116         12         24          4          0       1139   system_stm32f0xx.o
      1306         76          0          6         10       8691   temperature.o
       356         74          0         15        128       4555   time.o

    ----------------------------------------------------------------------
     15632        994        492        496       2840     364199   Object Totals
         0          0         32          0          0          0   (incl. Generated)
        30          0          0          3          4          0   (incl. Padding)

    ----------------------------------------------------------------------

      Code (inc. data)   RO Data    RW Data    ZI Data      Debug   Library Member Name

        86          0          0          0          0          0   __dczerorl2.o
         0          0          0          0          0          0   entry.o
         0          0          0          0          0          0   entry10a.o
         0          0          0          0          0          0   entry11a.o
         4          0          0          0          0          0   entry12b.o
         8          4          0          0          0          0   entry2.o
         4          0          0          0          0          0   entry5.o
         0          0          0          0          0          0   entry7b.o
         0          0          0          0          0          0   entry8b.o
         8          4          0          0          0          0   entry9a.o
        30          0          0          0          0          0   handlers.o
        36          8          0          0          0         68   init.o
         0          0          0          0          0          0   iusefp.o
        32          0          0          0          0         68   llshl.o
        34          0          0          0          0         68   llushr.o
       192         20          0          0          0        144   malloc.o
        36          0          0          0          0         60   memcpya.o
        36          0          0          0          0        100   memseta.o
         0          0          0          8          0          0   mvars.o
       898          8          0          0          0        384   printf6.o
        14          0          0          0          0         60   strlen.o
        30          0          0          0          0         72   strncmp.o
        44          0          0          0          0         72   uidiv.o
       240          6          0          0          0         84   ddiv.o
       236          0          0          0          0        216   depilogue.o
        72         10          0          0          0         72   dfixi.o
       208          6          0          0          0         88   dmul.o
        40          0          0          0          0         60   f2d.o
       130          0          0          0          0        144   fepilogue.o
        22          0          0          0          0         68   fflti.o

    ----------------------------------------------------------------------
      2448         66          0          8          0       1828   Library Totals
         8          0          0          0          0          0   (incl. Padding)

    ----------------------------------------------------------------------

      Code (inc. data)   RO Data    RW Data    ZI Data      Debug   Library Name

      1492         44          0          8          0       1096   mc_p.l
       948         22          0          0          0        732   mf_p.l

    ----------------------------------------------------------------------
      2448         66          0          8          0       1828   Library Totals

    ----------------------------------------------------------------------

==============================================================================


      Code (inc. data)   RO Data    RW Data    ZI Data      Debug   

     18080       1060        492        504       2840     359871   Grand Totals
     18080       1060        492        156       2840     359871   ELF Image Totals (compressed)
     18080       1060        492        156          0          0   ROM Totals

==============================================================================

    Total RO  Size (Code + RO Data)                18572 (  18.14kB)
    Total RW  Size (RW Data + ZI Data)              3344 (   3.27kB)
    Total ROM Size (Code + RO Data + RW Data)      18728 (  18.29kB)

==============================================================================

